Archive member included to satisfy reference by file (symbol)

/Applications/microchip/xc32/v4.60/bin/bin/../../lib/gcc/pic32c/8.3.1/../../../../pic32c/lib/thumb/v7e-m+fp/hard/libpic32c.a(data_init.o)
                              CMakeFiles/Deneme_default_default_XC32_compile.dir/Users/furkanozen/Desktop/MPLAB/Deneme/config.mcc/src/config/default/startup_xc32.c.o (__pic32c_data_initialization)
/Applications/microchip/xc32/v4.60/bin/bin/../../lib/gcc/pic32c/8.3.1/../../../../pic32c/lib/thumb/v7e-m+fp/hard/libc-size-musl.a(memcpy.o)
                              CMakeFiles/Deneme_default_default_XC32_compile.dir/Users/furkanozen/Desktop/MPLAB/Deneme/config.mcc/src/config/default/peripheral/can/plib_can1.c.o (memcpy)
/Applications/microchip/xc32/v4.60/bin/bin/../../lib/gcc/pic32c/8.3.1/../../../../pic32c/lib/thumb/v7e-m+fp/hard/libc-size-musl.a(memset.o)
                              CMakeFiles/Deneme_default_default_XC32_compile.dir/Users/furkanozen/Desktop/MPLAB/Deneme/config.mcc/src/config/default/peripheral/can/plib_can1.c.o (memset)
/Applications/microchip/xc32/v4.60/bin/bin/../../lib/gcc/pic32c/8.3.1/../../../../pic32c/lib/thumb/v7e-m+fp/hard/libg-musl.a(__libc_start_main.o)
                              CMakeFiles/Deneme_default_default_XC32_compile.dir/Users/furkanozen/Desktop/MPLAB/Deneme/config.mcc/src/config/default/startup_xc32.c.o (__libc_init_array)
/Applications/microchip/xc32/v4.60/bin/bin/../../lib/gcc/pic32c/8.3.1/../../../../pic32c/lib/thumb/v7e-m+fp/hard/libg-musl.a(libc.o)
                              /Applications/microchip/xc32/v4.60/bin/bin/../../lib/gcc/pic32c/8.3.1/../../../../pic32c/lib/thumb/v7e-m+fp/hard/libg-musl.a(__libc_start_main.o) (__progname_full)
/Applications/microchip/xc32/v4.60/bin/bin/../../lib/gcc/pic32c/8.3.1/../../../../pic32c/lib/thumb/v7e-m+fp/hard/libg-musl.a(__sio_sprintf_nu.o)
                              (_sprintf_nu)
/Applications/microchip/xc32/v4.60/bin/bin/../../lib/gcc/pic32c/8.3.1/../../../../pic32c/lib/thumb/v7e-m+fp/hard/libg-musl.a(__fmt_u.o)
                              /Applications/microchip/xc32/v4.60/bin/bin/../../lib/gcc/pic32c/8.3.1/../../../../pic32c/lib/thumb/v7e-m+fp/hard/libg-musl.a(__sio_sprintf_nu.o) (__fmt_u_needed)
/Applications/microchip/xc32/v4.60/bin/bin/../../lib/gcc/pic32c/8.3.1/../../../../pic32c/lib/thumb/v7e-m+fp/hard/libg-musl.a(__pop_int.o)
                              /Applications/microchip/xc32/v4.60/bin/bin/../../lib/gcc/pic32c/8.3.1/../../../../pic32c/lib/thumb/v7e-m+fp/hard/libg-musl.a(__sio_sprintf_nu.o) (__pop_int_needed)
/Applications/microchip/xc32/v4.60/bin/bin/../../lib/gcc/pic32c/8.3.1/../../../../pic32c/lib/thumb/v7e-m+fp/hard/libg-musl.a(__pop_ptr.o)
                              /Applications/microchip/xc32/v4.60/bin/bin/../../lib/gcc/pic32c/8.3.1/../../../../pic32c/lib/thumb/v7e-m+fp/hard/libg-musl.a(__sio_sprintf_nu.o) (__pop_ptr_needed)
/Applications/microchip/xc32/v4.60/bin/bin/../../lib/gcc/pic32c/8.3.1/../../../../pic32c/lib/thumb/v7e-m+fp/hard/libg-musl.a(__printf_core.o)
                              /Applications/microchip/xc32/v4.60/bin/bin/../../lib/gcc/pic32c/8.3.1/../../../../pic32c/lib/thumb/v7e-m+fp/hard/libg-musl.a(__fmt_u.o) (__pad)
/Applications/microchip/xc32/v4.60/bin/bin/../../lib/gcc/pic32c/8.3.1/../../../../pic32c/lib/thumb/v7e-m+fp/hard/libg-musl.a(atoi.o)
                              /Applications/microchip/xc32/v4.60/bin/bin/../../lib/gcc/pic32c/8.3.1/../../../../pic32c/lib/thumb/v7e-m+fp/hard/libg-musl.a(__printf_core.o) (atoi)
/Applications/microchip/xc32/v4.60/bin/bin/../../lib/gcc/pic32c/8.3.1/../../../../pic32c/lib/thumb/v7e-m+fp/hard/libg-musl.a(tolower.o)
                              /Applications/microchip/xc32/v4.60/bin/bin/../../lib/gcc/pic32c/8.3.1/../../../../pic32c/lib/thumb/v7e-m+fp/hard/libg-musl.a(__printf_core.o) (tolower)
/Applications/microchip/xc32/v4.60/bin/bin/../../lib/gcc/pic32c/8.3.1/../../../../pic32c/lib/thumb/v7e-m+fp/hard/libg-musl.a(__environ.o)
                              /Applications/microchip/xc32/v4.60/bin/bin/../../lib/gcc/pic32c/8.3.1/../../../../pic32c/lib/thumb/v7e-m+fp/hard/libg-musl.a(__libc_start_main.o) (__environ)
/Applications/microchip/xc32/v4.60/bin/bin/../../lib/gcc/pic32c/8.3.1/../../../../pic32c/lib/thumb/v7e-m+fp/hard/libg-musl.a(__errno_location.o)
                              /Applications/microchip/xc32/v4.60/bin/bin/../../lib/gcc/pic32c/8.3.1/../../../../pic32c/lib/thumb/v7e-m+fp/hard/libg-musl.a(__printf_core.o) (__errno_val)
/Applications/microchip/xc32/v4.60/bin/bin/../../lib/gcc/pic32c/8.3.1/../../../../pic32c/lib/thumb/v7e-m+fp/hard/libg-musl.a(__int_vsprintf.o)
                              /Applications/microchip/xc32/v4.60/bin/bin/../../lib/gcc/pic32c/8.3.1/../../../../pic32c/lib/thumb/v7e-m+fp/hard/libg-musl.a(__sio_sprintf_nu.o) (__vsprintf)
/Applications/microchip/xc32/v4.60/bin/bin/../../lib/gcc/pic32c/8.3.1/../../../../pic32c/lib/thumb/v7e-m+fp/hard/libg-musl.a(__cvt_u.o)
[...]
Memory Configuration

Name             Origin             Length             Attributes
rom              0x0000000000000000 0x0000000000100000 xrl
ram              0x0000000020000000 0x0000000000040000 xw !r
tcm              0x0000000003000000 0x0000000000000000 xw
bkupram          0x0000000047000000 0x0000000000002000
config_00804000  0x0000000000804000 0x0000000000000004
config_00804004  0x0000000000804004 0x0000000000000004
config_00804008  0x0000000000804008 0x0000000000000004
*default*        0x0000000000000000 0xffffffffffffffff

Linker script and memory map

LOAD /Applications/microchip/xc32/v4.60/bin/bin/../../lib/gcc/pic32c/8.3.1/thumb/v7e-m+fp/hard/crti.o
LOAD /Applications/microchip/xc32/v4.60/bin/bin/../../lib/gcc/pic32c/8.3.1/thumb/v7e-m+fp/hard/crtbegin.o
                0x0000000000000001                __MPLAB_BUILD = 0x1
                0x0000000000100000                __rom_end = (ORIGIN (rom) + LENGTH (rom))
                0x0000000020040000                __ram_end = (ORIGIN (ram) + LENGTH (ram))

.config_00804000
 *(.config_00804000)

.config_00804004
 *(.config_00804004)

.config_00804008
 *(.config_00804008)

.vectors        0x0000000000000000      0x264
                0x0000000000000000                . = ALIGN (0x4)
                0x0000000000000000                _sfixed = .
 *(.vectors .vectors.* .vectors_default .vectors_default.*)
 .vectors.exception_table
                0x0000000000000000      0x264 CMakeFiles/Deneme_default_default_XC32_compile.dir/Users/furkanozen/Desktop/MPLAB/Deneme/config.mcc/src/config/default/interrupts.c.o
                0x0000000000000000                exception_table
 *(.isr_vector)
 *(.reset*)
 *(.after_vectors)

.text           0x0000000000000264       0x20
                0x0000000000000264                . = ALIGN (0x4)
 *(.glue_7t)
 .glue_7t       0x0000000000000264        0x0 linker stubs
 *(.glue_7)
 .glue_7        0x0000000000000264        0x0 linker stubs
 *(.gnu.linkonce.r.*)
 *(.ARM.extab* .gnu.linkonce.armextab.*)
                0x0000000000000264                . = ALIGN (0x4)
 *(.init)
 .init          0x0000000000000264        0x4 /Applications/microchip/xc32/v4.60/bin/bin/../../lib/gcc/pic32c/8.3.1/thumb/v7e-m+fp/hard/crti.o
                0x0000000000000264                _init
 .init          0x0000000000000268        0x8 /Applications/microchip/xc32/v4.60/bin/bin/../../lib/gcc/pic32c/8.3.1/thumb/v7e-m+fp/hard/crtn.o
                0x0000000000000270                . = ALIGN (0x4)
                0x0000000000000270                __preinit_array_start = .
 *(.preinit_array)
                0x0000000000000270                __preinit_array_end = .
                0x0000000000000270                . = ALIGN (0x4)
                0x0000000000000270                __init_array_start = .
 *(SORT_BY_NAME(.init_array.*))
 *(.init_array)
 .init_array    0x0000000000000270        0x4 /Applications/microchip/xc32/v4.60/bin/bin/../../lib/gcc/pic32c/8.3.1/thumb/v7e-m+fp/hard/crtbegin.o
                0x0000000000000274                __init_array_end = .
                0x0000000000000274                . = ALIGN (0x4)
 *crtbegin.o(.ctors)
 *(EXCLUDE_FILE(*crtend.o) .ctors)
 *(SORT_BY_NAME(.ctors.*))
 *crtend.o(.ctors)
                0x0000000000000274                . = ALIGN (0x4)
 *(.fini)
 .fini          0x0000000000000274        0x4 /Applications/microchip/xc32/v4.60/bin/bin/../../lib/gcc/pic32c/8.3.1/thumb/v7e-m+fp/hard/crti.o
                0x0000000000000274                _fini
 .fini          0x0000000000000278        0x8 /Applications/microchip/xc32/v4.60/bin/bin/../../lib/gcc/pic32c/8.3.1/thumb/v7e-m+fp/hard/crtn.o
                0x0000000000000280                . = ALIGN (0x4)
                0x0000000000000280                __fini_array_start = .
 *(.fini_array)
 .fini_array    0x0000000000000280        0x4 /Applications/microchip/xc32/v4.60/bin/bin/../../lib/gcc/pic32c/8.3.1/thumb/v7e-m+fp/hard/crtbegin.o
 *(SORT_BY_NAME(.fini_array.*))
                0x0000000000000284                __fini_array_end = .
 *crtbegin.o(.dtors)
 *(EXCLUDE_FILE(*crtend.o) .dtors)
 *(SORT_BY_NAME(.dtors.*))
 *crtend.o(.dtors)
                0x0000000000000284                . = ALIGN (0x4)
                0x0000000000000284                _efixed = .
                [!provide]                        PROVIDE (__exidx_start = .)

.ARM.exidx      0x0000000000000284        0x8
 *(.ARM.exidx* .gnu.linkonce.armexidx.*)
 .ARM.exidx     0x0000000000000284        0x8 /Applications/microchip/xc32/v4.60/bin/bin/../../lib/gcc/pic32c/8.3.1/thumb/v7e-m+fp/hard/libgcc.a(_udivmoddi4.o)
                [!provide]                        PROVIDE (__exidx_end = .)
                0x000000000000028c                . = ALIGN (0x4)
                0x000000000000028c                _etext = .

.bss            0x0000000020000000        0x0
                0x0000000020000000                . = ALIGN (0x4)
                0x0000000020000000                __bss_start__ = .
                0x0000000020000000                _sbss = .
                0x0000000020000000                _szero = .
 *(COMMON)
                0x0000000020000000                . = ALIGN (0x4)
                0x0000000020000000                __bss_end__ = .
                0x0000000020000000                _ebss = .
                0x0000000020000000                _ezero = .
                0x0000000020000000                . = ALIGN (0x4)
                0x0000000020000000                _end = .
                0x000000002003ffff                _ram_end_ = ((ORIGIN (ram) + LENGTH (ram)) - 0x1)

.bkupram_bss
 *(.bkupram_bss .bkupram_bss.*)
 *(.pbss .pbss.*)
                0x0000000000000200                _min_heap_size = 0x200
LOAD CMakeFiles/Deneme_default_default_XC32_compile.dir/Users/furkanozen/Desktop/MPLAB/Deneme/config.mcc/src/config/default/exceptions.c.o
LOAD CMakeFiles/Deneme_default_default_XC32_compile.dir/Users/furkanozen/Desktop/MPLAB/Deneme/config.mcc/src/config/default/initialization.c.o
LOAD CMakeFiles/Deneme_default_default_XC32_compile.dir/Users/furkanozen/Desktop/MPLAB/Deneme/config.mcc/src/config/default/interrupts.c.o
LOAD CMakeFiles/Deneme_default_default_XC32_compile.dir/Users/furkanozen/Desktop/MPLAB/Deneme/config.mcc/src/config/default/libc_syscalls.c.o
LOAD CMakeFiles/Deneme_default_default_XC32_compile.dir/Users/furkanozen/Desktop/MPLAB/Deneme/config.mcc/src/config/default/peripheral/can/plib_can1.c.o
LOAD CMakeFiles/Deneme_default_default_XC32_compile.dir/Users/furkanozen/Desktop/MPLAB/Deneme/config.mcc/src/config/default/peripheral/clock/plib_clock.c.o
LOAD CMakeFiles/Deneme_default_default_XC32_compile.dir/Users/furkanozen/Desktop/MPLAB/Deneme/config.mcc/src/config/default/peripheral/cmcc/plib_cmcc.c.o
LOAD CMakeFiles/Deneme_default_default_XC32_compile.dir/Users/furkanozen/Desktop/MPLAB/Deneme/config.mcc/src/config/default/peripheral/evsys/plib_evsys.c.o
LOAD CMakeFiles/Deneme_default_default_XC32_compile.dir/Users/furkanozen/Desktop/MPLAB/Deneme/config.mcc/src/config/default/peripheral/nvic/plib_nvic.c.o
LOAD CMakeFiles/Deneme_default_default_XC32_compile.dir/Users/furkanozen/Desktop/MPLAB/Deneme/config.mcc/src/config/default/peripheral/nvmctrl/plib_nvmctrl.c.o
LOAD CMakeFiles/Deneme_default_default_XC32_compile.dir/Users/furkanozen/Desktop/MPLAB/Deneme/config.mcc/src/config/default/peripheral/port/plib_port.c.o
LOAD CMakeFiles/Deneme_default_default_XC32_compile.dir/Users/furkanozen/Desktop/MPLAB/Deneme/config.mcc/src/config/default/peripheral/sercom/i2c_master/plib_sercom7_i2c_master.c.o
LOAD CMakeFiles/Deneme_default_default_XC32_compile.dir/Users/furkanozen/Desktop/MPLAB/Deneme/config.mcc/src/config/default/peripheral/sercom/usart/plib_sercom0_usart.c.o
LOAD CMakeFiles/Deneme_default_default_XC32_compile.dir/Users/furkanozen/Desktop/MPLAB/Deneme/config.mcc/src/config/default/peripheral/sercom/usart/plib_sercom2_usart.c.o
LOAD CMakeFiles/Deneme_default_default_XC32_compile.dir/Users/furkanozen/Desktop/MPLAB/Deneme/config.mcc/src/config/default/peripheral/tc/plib_tc0.c.o
LOAD CMakeFiles/Deneme_default_default_XC32_compile.dir/Users/furkanozen/Desktop/MPLAB/Deneme/config.mcc/src/config/default/peripheral/trng/plib_trng.c.o
LOAD CMakeFiles/Deneme_default_default_XC32_compile.dir/Users/furkanozen/Desktop/MPLAB/Deneme/config.mcc/src/config/default/startup_xc32.c.o
LOAD CMakeFiles/Deneme_default_default_XC32_compile.dir/Users/furkanozen/Desktop/MPLAB/Deneme/config.mcc/src/config/default/stdio/xc32_monitor.c.o
LOAD CMakeFiles/Deneme_default_default_XC32_compile.dir/Users/furkanozen/Desktop/MPLAB/Deneme/config.mcc/src/main.c.o
START GROUP
LOAD /Applications/microchip/xc32/v4.60/bin/bin/../../lib/gcc/pic32c/8.3.1/../../../../pic32c/lib/thumb/v7e-m+fp/hard/libpic32c.a
LOAD /Applications/microchip/xc32/v4.60/bin/bin/../../lib/gcc/pic32c/8.3.1/../../../../pic32c/lib/thumb/v7e-m+fp/hard/libc-size-musl.a
LOAD /Applications/microchip/xc32/v4.60/bin/bin/../../lib/gcc/pic32c/8.3.1/../../../../pic32c/lib/thumb/v7e-m+fp/hard/liblmalloc-musl.a
LOAD /Applications/microchip/xc32/v4.60/bin/bin/../../lib/gcc/pic32c/8.3.1/../../../../pic32c/lib/thumb/v7e-m+fp/hard/libm-fast-emfloat.a
LOAD /Applications/microchip/xc32/v4.60/bin/bin/../../lib/gcc/pic32c/8.3.1/../../../../pic32c/lib/thumb/v7e-m+fp/hard/libm-musl.a
LOAD /Applications/microchip/xc32/v4.60/bin/bin/../../lib/gcc/pic32c/8.3.1/../../../../pic32c/lib/thumb/v7e-m+fp/hard/libg-musl.a
LOAD /Applications/microchip/xc32/v4.60/bin/bin/../../lib/gcc/pic32c/8.3.1/../../../../pic32c/lib/thumb/v7e-m+fp/hard/libc-musl.a
LOAD /Applications/microchip/xc32/v4.60/bin/bin/../../lib/gcc/pic32c/8.3.1/../../../../pic32c/lib/thumb/v7e-m+fp/hard/libm-fast-emfloat.a
LOAD /Applications/microchip/xc32/v4.60/bin/bin/../../lib/gcc/pic32c/8.3.1/../../../../pic32c/lib/thumb/v7e-m+fp/hard/libm-musl.a
LOAD /Applications/microchip/xc32/v4.60/bin/bin/../../lib/gcc/pic32c/8.3.1/thumb/v7e-m+fp/hard/libgcc.a
END GROUP
LOAD /Applications/microchip/xc32/v4.60/bin/bin/../../lib/gcc/pic32c/8.3.1/thumb/v7e-m+fp/hard/crtend.o
LOAD /Applications/microchip/xc32/v4.60/bin/bin/../../lib/gcc/pic32c/8.3.1/thumb/v7e-m+fp/hard/crtn.o
OUTPUT(/Users/furkanozen/Desktop/MPLAB/Deneme/out/Deneme/default.elf elf32-littlearm)
LOAD data_init
LOAD stack

.ARM.attributes
                0x0000000000000000       0x34
 .ARM.attributes
                0x0000000000000000       0x1e /Applications/microchip/xc32/v4.60/bin/bin/../../lib/gcc/pic32c/8.3.1/thumb/v7e-m+fp/hard/crti.o
 .ARM.attributes
                0x000000000000001e       0x34 /Applications/microchip/xc32/v4.60/bin/bin/../../lib/gcc/pic32c/8.3.1/thumb/v7e-m+fp/hard/crtbegin.o
 .ARM.attributes
                0x0000000000000052       0x34 CMakeFiles/Deneme_default_default_XC32_compile.dir/Users/furkanozen/Desktop/MPLAB/Deneme/config.mcc/src/config/default/exceptions.c.o
 .ARM.attributes
                0x0000000000000086       0x34 CMakeFiles/Deneme_default_default_XC32_compile.dir/Users/furkanozen/Desktop/MPLAB/Deneme/config.mcc/src/config/default/initialization.c.o
 .ARM.attributes
                0x00000000000000ba       0x34 CMakeFiles/Deneme_default_default_XC32_compile.dir/Users/furkanozen/Desktop/MPLAB/Deneme/config.mcc/src/config/default/interrupts.c.o
 .ARM.attributes
                0x00000000000000ee       0x34 CMakeFiles/Deneme_default_default_XC32_compile.dir/Users/furkanozen/Desktop/MPLAB/Deneme/config.mcc/src/config/default/peripheral/can/plib_can1.c.o
 .ARM.attributes
                0x0000000000000122       0x34 CMakeFiles/Deneme_default_default_XC32_compile.dir/Users/furkanozen/Desktop/MPLAB/Deneme/config.mcc/src/config/default/peripheral/clock/plib_clock.c.o
 .ARM.attributes
                0x0000000000000156       0x34 CMakeFiles/Deneme_default_default_XC32_compile.dir/Users/furkanozen/Desktop/MPLAB/Deneme/config.mcc/src/config/default/peripheral/evsys/plib_evsys.c.o
 .ARM.attributes
                0x000000000000018a       0x34 CMakeFiles/Deneme_default_default_XC32_compile.dir/Users/furkanozen/Desktop/MPLAB/Deneme/config.mcc/src/config/default/peripheral/nvic/plib_nvic.c.o
 .ARM.attributes
                0x00000000000001be       0x34 CMakeFiles/Deneme_default_default_XC32_compile.dir/Users/furkanozen/Desktop/MPLAB/Deneme/config.mcc/src/config/default/peripheral/nvmctrl/plib_nvmctrl.c.o
 .ARM.attributes
                0x00000000000001f2       0x34 CMakeFiles/Deneme_default_default_XC32_compile.dir/Users/furkanozen/Desktop/MPLAB/Deneme/config.mcc/src/config/default/peripheral/port/plib_port.c.o
 .ARM.attributes
                0x0000000000000226       0x34 CMakeFiles/Deneme_default_default_XC32_compile.dir/Users/furkanozen/Desktop/MPLAB/Deneme/config.mcc/src/config/default/peripheral/sercom/i2c_master/plib_sercom7_i2c_master.c.o
 .ARM.attributes
                0x000000000000025a       0x34 CMakeFiles/Deneme_default_default_XC32_compile.dir/Users/furkanozen/Desktop/MPLAB/Deneme/config.mcc/src/config/default/peripheral/sercom/usart/plib_sercom0_usart.c.o
 .ARM.attributes
                0x000000000000028e       0x34 CMakeFiles/Deneme_default_default_XC32_compile.dir/Users/furkanozen/Desktop/MPLAB/Deneme/config.mcc/src/config/default/peripheral/sercom/usart/plib_sercom2_usart.c.o
 .ARM.attributes
                0x00000000000002c2       0x34 CMakeFiles/Deneme_default_default_XC32_compile.dir/Users/furkanozen/Desktop/MPLAB/Deneme/config.mcc/src/config/default/peripheral/tc/plib_tc0.c.o
 .ARM.attributes
                0x00000000000002f6       0x34 CMakeFiles/Deneme_default_default_XC32_compile.dir/Users/furkanozen/Desktop/MPLAB/Deneme/config.mcc/src/config/default/peripheral/trng/plib_trng.c.o
 .ARM.attributes
                0x000000000000032a       0x34 CMakeFiles/Deneme_default_default_XC32_compile.dir/Users/furkanozen/Desktop/MPLAB/Deneme/config.mcc/src/config/default/startup_xc32.c.o
 .ARM.attributes
                0x000000000000035e       0x34 CMakeFiles/Deneme_default_default_XC32_compile.dir/Users/furkanozen/Desktop/MPLAB/Deneme/config.mcc/src/main.c.o
 .ARM.attributes
                0x0000000000000392       0x34 /Applications/microchip/xc32/v4.60/bin/bin/../../lib/gcc/pic32c/8.3.1/../../../../pic32c/lib/thumb/v7e-m+fp/hard/libpic32c.a(data_init.o)
 .ARM.attributes
                0x00000000000003c6       0x36 /Applications/microchip/xc32/v4.60/bin/bin/../../lib/gcc/pic32c/8.3.1/../../../../pic32c/lib/thumb/v7e-m+fp/hard/libc-size-musl.a(memcpy.o)
 .ARM.attributes
                0x00000000000003fc       0x36 /Applications/microchip/xc32/v4.60/bin/bin/../../lib/gcc/pic32c/8.3.1/../../../../pic32c/lib/thumb/v7e-m+fp/hard/libc-size-musl.a(memset.o)
 .ARM.attributes
                0x0000000000000432       0x36 /Applications/microchip/xc32/v4.60/bin/bin/../../lib/gcc/pic32c/8.3.1/../../../../pic32c/lib/thumb/v7e-m+fp/hard/libg-musl.a(__libc_start_main.o)
 .ARM.attributes
                0x0000000000000468       0x34 /Applications/microchip/xc32/v4.60/bin/bin/../../lib/gcc/pic32c/8.3.1/../../../../pic32c/lib/thumb/v7e-m+fp/hard/libg-musl.a(libc.o)
 .ARM.attributes
                0x000000000000049c       0x36 /Applications/microchip/xc32/v4.60/bin/bin/../../lib/gcc/pic32c/8.3.1/../../../../pic32c/lib/thumb/v7e-m+fp/hard/libg-musl.a(__sio_sprintf_nu.o)
 .ARM.attributes
                0x00000000000004d2       0x36 /Applications/microchip/xc32/v4.60/bin/bin/../../lib/gcc/pic32c/8.3.1/../../../../pic32c/lib/thumb/v7e-m+fp/hard/libg-musl.a(__fmt_u.o)
 .ARM.attributes
                0x0000000000000508       0x36 /Applications/microchip/xc32/v4.60/bin/bin/../../lib/gcc/pic32c/8.3.1/../../../../pic32c/lib/thumb/v7e-m+fp/hard/libg-musl.a(__pop_int.o)
 .ARM.attributes
                0x000000000000053e       0x36 /Applications/microchip/xc32/v4.60/bin/bin/../../lib/gcc/pic32c/8.3.1/../../../../pic32c/lib/thumb/v7e-m+fp/hard/libg-musl.a(__pop_ptr.o)
 .ARM.attributes
                0x0000000000000574       0x36 /Applications/microchip/xc32/v4.60/bin/bin/../../lib/gcc/pic32c/8.3.1/../../../../pic32c/lib/thumb/v7e-m+fp/hard/libg-musl.a(__printf_core.o)
 .ARM.attributes
                0x00000000000005aa       0x36 /Applications/microchip/xc32/v4.60/bin/bin/../../lib/gcc/pic32c/8.3.1/../../../../pic32c/lib/thumb/v7e-m+fp/hard/libg-musl.a(atoi.o)
 .ARM.attributes
                0x00000000000005e0       0x36 /Applications/microchip/xc32/v4.60/bin/bin/../../lib/gcc/pic32c/8.3.1/../../../../pic32c/lib/thumb/v7e-m+fp/hard/libg-musl.a(tolower.o)
 .ARM.attributes
                0x0000000000000616       0x34 /Applications/microchip/xc32/v4.60/bin/bin/../../lib/gcc/pic32c/8.3.1/../../../../pic32c/lib/thumb/v7e-m+fp/hard/libg-musl.a(__environ.o)
 .ARM.attributes
                0x000000000000064a       0x34 /Applications/microchip/xc32/v4.60/bin/bin/../../lib/gcc/pic32c/8.3.1/../../../../pic32c/lib/thumb/v7e-m+fp/hard/libg-musl.a(__errno_location.o)
 .ARM.attributes
                0x000000000000067e       0x36 /Applications/microchip/xc32/v4.60/bin/bin/../../lib/gcc/pic32c/8.3.1/../../../../pic32c/lib/thumb/v7e-m+fp/hard/libg-musl.a(__int_vsprintf.o)
 .ARM.attributes
                0x00000000000006b4       0x36 /Applications/microchip/xc32/v4.60/bin/bin/../../lib/gcc/pic32c/8.3.1/../../../../pic32c/lib/thumb/v7e-m+fp/hard/libg-musl.a(__cvt_u.o)
 .ARM.attributes
                0x00000000000006ea       0x36 /Applications/microchip/xc32/v4.60/bin/bin/../../lib/gcc/pic32c/8.3.1/../../../../pic32c/lib/thumb/v7e-m+fp/hard/libg-musl.a(__pop_float.o)
 .ARM.attributes
                0x0000000000000720       0x36 /Applications/microchip/xc32/v4.60/bin/bin/../../lib/gcc/pic32c/8.3.1/../../../../pic32c/lib/thumb/v7e-m+fp/hard/libg-musl.a(__int_vsnprintf.o)
 .ARM.attributes
                0x0000000000000756       0x36 /Applications/microchip/xc32/v4.60/bin/bin/../../lib/gcc/pic32c/8.3.1/../../../../pic32c/lib/thumb/v7e-m+fp/hard/libg-musl.a(__int_vfprintf.o)
 .ARM.attributes
                0x000000000000078c       0x1e /Applications/microchip/xc32/v4.60/bin/bin/../../lib/gcc/pic32c/8.3.1/thumb/v7e-m+fp/hard/libgcc.a(_aeabi_uldivmod.o)
 .ARM.attributes
                0x00000000000007aa       0x34 /Applications/microchip/xc32/v4.60/bin/bin/../../lib/gcc/pic32c/8.3.1/thumb/v7e-m+fp/hard/libgcc.a(_udivmoddi4.o)
 .ARM.attributes
                0x00000000000007de       0x1e /Applications/microchip/xc32/v4.60/bin/bin/../../lib/gcc/pic32c/8.3.1/thumb/v7e-m+fp/hard/libgcc.a(_dvmd_tls.o)
 .ARM.attributes
                0x00000000000007fc       0x36 /Applications/microchip/xc32/v4.60/bin/bin/../../lib/gcc/pic32c/8.3.1/../../../../pic32c/lib/thumb/v7e-m+fp/hard/libc-size-musl.a(strlen.o)
 .ARM.attributes
                0x0000000000000832       0x1e /Applications/microchip/xc32/v4.60/bin/bin/../../lib/gcc/pic32c/8.3.1/thumb/v7e-m+fp/hard/crtn.o
 .ARM.attributes
                0x0000000000000850       0x34 /Applications/microchip/xc32/v4.60/bin/bin/../../lib/gcc/pic32c/8.3.1/../../../../pic32c/lib/thumb/v7e-m+fp/hard/libpic32c.a(pic32_data_init_clear.o)
 .ARM.attributes
                0x0000000000000884       0x34 /Applications/microchip/xc32/v4.60/bin/bin/../../lib/gcc/pic32c/8.3.1/../../../../pic32c/lib/thumb/v7e-m+fp/hard/libpic32c.a(pic32_data_init_copy.o)

.comment        0x0000000000000000       0x2b
 .comment       0x0000000000000000       0x2b /Applications/microchip/xc32/v4.60/bin/bin/../../lib/gcc/pic32c/8.3.1/thumb/v7e-m+fp/hard/crtbegin.o
                                         0x2c (size before relaxing)
 .comment       0x000000000000002b       0x2c CMakeFiles/Deneme_default_default_XC32_compile.dir/Users/furkanozen/Desktop/MPLAB/Deneme/config.mcc/src/config/default/exceptions.c.o
 .comment       0x000000000000002b       0x2c CMakeFiles/Deneme_default_default_XC32_compile.dir/Users/furkanozen/Desktop/MPLAB/Deneme/config.mcc/src/config/default/initialization.c.o
 .comment       0x000000000000002b       0x2c CMakeFiles/Deneme_default_default_XC32_compile.dir/Users/furkanozen/Desktop/MPLAB/Deneme/config.mcc/src/config/default/interrupts.c.o
 .comment       0x000000000000002b       0x2c CMakeFiles/Deneme_default_default_XC32_compile.dir/Users/furkanozen/Desktop/MPLAB/Deneme/config.mcc/src/config/default/peripheral/can/plib_can1.c.o
 .comment       0x000000000000002b       0x2c CMakeFiles/Deneme_default_default_XC32_compile.dir/Users/furkanozen/Desktop/MPLAB/Deneme/config.mcc/src/config/default/peripheral/clock/plib_clock.c.o
 .comment       0x000000000000002b       0x2c CMakeFiles/Deneme_default_default_XC32_compile.dir/Users/furkanozen/Desktop/MPLAB/Deneme/config.mcc/src/config/default/peripheral/evsys/plib_evsys.c.o
 .comment       0x000000000000002b       0x2c CMakeFiles/Deneme_default_default_XC32_compile.dir/Users/furkanozen/Desktop/MPLAB/Deneme/config.mcc/src/config/default/peripheral/nvic/plib_nvic.c.o
 .comment       0x000000000000002b       0x2c CMakeFiles/Deneme_default_default_XC32_compile.dir/Users/furkanozen/Desktop/MPLAB/Deneme/config.mcc/src/config/default/peripheral/nvmctrl/plib_nvmctrl.c.o
 .comment       0x000000000000002b       0x2c CMakeFiles/Deneme_default_default_XC32_compile.dir/Users/furkanozen/Desktop/MPLAB/Deneme/config.mcc/src/config/default/peripheral/port/plib_port.c.o
 .comment       0x000000000000002b       0x2c CMakeFiles/Deneme_default_default_XC32_compile.dir/Users/furkanozen/Desktop/MPLAB/Deneme/config.mcc/src/config/default/peripheral/sercom/i2c_master/plib_sercom7_i2c_master.c.o
 .comment       0x000000000000002b       0x2c CMakeFiles/Deneme_default_default_XC32_compile.dir/Users/furkanozen/Desktop/MPLAB/Deneme/config.mcc/src/config/default/peripheral/sercom/usart/plib_sercom0_usart.c.o
 .comment       0x000000000000002b       0x2c CMakeFiles/Deneme_default_default_XC32_compile.dir/Users/furkanozen/Desktop/MPLAB/Deneme/config.mcc/src/config/default/peripheral/sercom/usart/plib_sercom2_usart.c.o
 .comment       0x000000000000002b       0x2c CMakeFiles/Deneme_default_default_XC32_compile.dir/Users/furkanozen/Desktop/MPLAB/Deneme/config.mcc/src/config/default/peripheral/tc/plib_tc0.c.o
 .comment       0x000000000000002b       0x2c CMakeFiles/Deneme_default_default_XC32_compile.dir/Users/furkanozen/Desktop/MPLAB/Deneme/config.mcc/src/config/default/peripheral/trng/plib_trng.c.o
 .comment       0x000000000000002b       0x2c CMakeFiles/Deneme_default_default_XC32_compile.dir/Users/furkanozen/Desktop/MPLAB/Deneme/config.mcc/src/config/default/startup_xc32.c.o
 .comment       0x000000000000002b       0x2c CMakeFiles/Deneme_default_default_XC32_compile.dir/Users/furkanozen/Desktop/MPLAB/Deneme/config.mcc/src/main.c.o
 .comment       0x000000000000002b       0x2c /Applications/microchip/xc32/v4.60/bin/bin/../../lib/gcc/pic32c/8.3.1/../../../../pic32c/lib/thumb/v7e-m+fp/hard/libpic32c.a(data_init.o)
 .comment       0x000000000000002b       0x2c /Applications/microchip/xc32/v4.60/bin/bin/../../lib/gcc/pic32c/8.3.1/../../../../pic32c/lib/thumb/v7e-m+fp/hard/libc-size-musl.a(memcpy.o)
 .comment       0x000000000000002b       0x2c /Applications/microchip/xc32/v4.60/bin/bin/../../lib/gcc/pic32c/8.3.1/../../../../pic32c/lib/thumb/v7e-m+fp/hard/libc-size-musl.a(memset.o)
 .comment       0x000000000000002b       0x2c /Applications/microchip/xc32/v4.60/bin/bin/../../lib/gcc/pic32c/8.3.1/../../../../pic32c/lib/thumb/v7e-m+fp/hard/libg-musl.a(__libc_start_main.o)
 .comment       0x000000000000002b       0x2c /Applications/microchip/xc32/v4.60/bin/bin/../../lib/gcc/pic32c/8.3.1/../../../../pic32c/lib/thumb/v7e-m+fp/hard/libg-musl.a(libc.o)
 .comment       0x000000000000002b       0x2c /Applications/microchip/xc32/v4.60/bin/bin/../../lib/gcc/pic32c/8.3.1/../../../../pic32c/lib/thumb/v7e-m+fp/hard/libg-musl.a(__sio_sprintf_nu.o)
 .comment       0x000000000000002b       0x2c /Applications/microchip/xc32/v4.60/bin/bin/../../lib/gcc/pic32c/8.3.1/../../../../pic32c/lib/thumb/v7e-m+fp/hard/libg-musl.a(__fmt_u.o)
 .comment       0x000000000000002b       0x2c /Applications/microchip/xc32/v4.60/bin/bin/../../lib/gcc/pic32c/8.3.1/../../../../pic32c/lib/thumb/v7e-m+fp/hard/libg-musl.a(__pop_int.o)
 .comment       0x000000000000002b       0x2c /Applications/microchip/xc32/v4.60/bin/bin/../../lib/gcc/pic32c/8.3.1/../../../../pic32c/lib/thumb/v7e-m+fp/hard/libg-musl.a(__pop_ptr.o)
 .comment       0x000000000000002b       0x2c /Applications/microchip/xc32/v4.60/bin/bin/../../lib/gcc/pic32c/8.3.1/../../../../pic32c/lib/thumb/v7e-m+fp/hard/libg-musl.a(__printf_core.o)
 .comment       0x000000000000002b       0x2c /Applications/microchip/xc32/v4.60/bin/bin/../../lib/gcc/pic32c/8.3.1/../../../../pic32c/lib/thumb/v7e-m+fp/hard/libg-musl.a(atoi.o)
 .comment       0x000000000000002b       0x2c /Applications/microchip/xc32/v4.60/bin/bin/../../lib/gcc/pic32c/8.3.1/../../../../pic32c/lib/thumb/v7e-m+fp/hard/libg-musl.a(tolower.o)
 .comment       0x000000000000002b       0x2c /Applications/microchip/xc32/v4.60/bin/bin/../../lib/gcc/pic32c/8.3.1/../../../../pic32c/lib/thumb/v7e-m+fp/hard/libg-musl.a(__environ.o)
 .comment       0x000000000000002b       0x2c /Applications/microchip/xc32/v4.60/bin/bin/../../lib/gcc/pic32c/8.3.1/../../../../pic32c/lib/thumb/v7e-m+fp/hard/libg-musl.a(__errno_location.o)
 .comment       0x000000000000002b       0x2c /Applications/microchip/xc32/v4.60/bin/bin/../../lib/gcc/pic32c/8.3.1/../../../../pic32c/lib/thumb/v7e-m+fp/hard/libg-musl.a(__int_vsprintf.o)
 .comment       0x000000000000002b       0x2c /Applications/microchip/xc32/v4.60/bin/bin/../../lib/gcc/pic32c/8.3.1/../../../../pic32c/lib/thumb/v7e-m+fp/hard/libg-musl.a(__cvt_u.o)
 .comment       0x000000000000002b       0x2c /Applications/microchip/xc32/v4.60/bin/bin/../../lib/gcc/pic32c/8.3.1/../../../../pic32c/lib/thumb/v7e-m+fp/hard/libg-musl.a(__pop_float.o)
 .comment       0x000000000000002b       0x2c /Applications/microchip/xc32/v4.60/bin/bin/../../lib/gcc/pic32c/8.3.1/../../../../pic32c/lib/thumb/v7e-m+fp/hard/libg-musl.a(__int_vsnprintf.o)
 .comment       0x000000000000002b       0x2c /Applications/microchip/xc32/v4.60/bin/bin/../../lib/gcc/pic32c/8.3.1/../../../../pic32c/lib/thumb/v7e-m+fp/hard/libg-musl.a(__int_vfprintf.o)
 .comment       0x000000000000002b       0x2c /Applications/microchip/xc32/v4.60/bin/bin/../../lib/gcc/pic32c/8.3.1/thumb/v7e-m+fp/hard/libgcc.a(_udivmoddi4.o)
 .comment       0x000000000000002b       0x2c /Applications/microchip/xc32/v4.60/bin/bin/../../lib/gcc/pic32c/8.3.1/../../../../pic32c/lib/thumb/v7e-m+fp/hard/libc-size-musl.a(strlen.o)
 .comment       0x000000000000002b       0x2c /Applications/microchip/xc32/v4.60/bin/bin/../../lib/gcc/pic32c/8.3.1/../../../../pic32c/lib/thumb/v7e-m+fp/hard/libpic32c.a(pic32_data_init_clear.o)
 .comment       0x000000000000002b       0x2c /Applications/microchip/xc32/v4.60/bin/bin/../../lib/gcc/pic32c/8.3.1/../../../../pic32c/lib/thumb/v7e-m+fp/hard/libpic32c.a(pic32_data_init_copy.o)

.debug_info     0x0000000000000000     0xc4de
 .debug_info    0x0000000000000000      0x116 CMakeFiles/Deneme_default_default_XC32_compile.dir/Users/furkanozen/Desktop/MPLAB/Deneme/config.mcc/src/config/default/exceptions.c.o
 .debug_info    0x0000000000000116      0x1bc CMakeFiles/Deneme_default_default_XC32_compile.dir/Users/furkanozen/Desktop/MPLAB/Deneme/config.mcc/src/config/default/initialization.c.o
 .debug_info    0x00000000000002d2      0xa83 CMakeFiles/Deneme_default_default_XC32_compile.dir/Users/furkanozen/Desktop/MPLAB/Deneme/config.mcc/src/config/default/interrupts.c.o
 .debug_info    0x0000000000000d55     0x127f CMakeFiles/Deneme_default_default_XC32_compile.dir/Users/furkanozen/Desktop/MPLAB/Deneme/config.mcc/src/config/default/peripheral/can/plib_can1.c.o
 .debug_info    0x0000000000001fd4      0x630 CMakeFiles/Deneme_default_default_XC32_compile.dir/Users/furkanozen/Desktop/MPLAB/Deneme/config.mcc/src/config/default/peripheral/clock/plib_clock.c.o
 .debug_info    0x0000000000002604       0x9b CMakeFiles/Deneme_default_default_XC32_compile.dir/Users/furkanozen/Desktop/MPLAB/Deneme/config.mcc/src/config/default/peripheral/evsys/plib_evsys.c.o
 .debug_info    0x000000000000269f     0x1038 CMakeFiles/Deneme_default_default_XC32_compile.dir/Users/furkanozen/Desktop/MPLAB/Deneme/config.mcc/src/config/default/peripheral/nvic/plib_nvic.c.o
 .debug_info    0x00000000000036d7      0x8e5 CMakeFiles/Deneme_default_default_XC32_compile.dir/Users/furkanozen/Desktop/MPLAB/Deneme/config.mcc/src/config/default/peripheral/nvmctrl/plib_nvmctrl.c.o
 .debug_info    0x0000000000003fbc      0x81b CMakeFiles/Deneme_default_default_XC32_compile.dir/Users/furkanozen/Desktop/MPLAB/Deneme/config.mcc/src/config/default/peripheral/port/plib_port.c.o
 .debug_info    0x00000000000047d7     0x1377 CMakeFiles/Deneme_default_default_XC32_compile.dir/Users/furkanozen/Desktop/MPLAB/Deneme/config.mcc/src/config/default/peripheral/sercom/i2c_master/plib_sercom7_i2c_master.c.o
 .debug_info    0x0000000000005b4e     0x121b CMakeFiles/Deneme_default_default_XC32_compile.dir/Users/furkanozen/Desktop/MPLAB/Deneme/config.mcc/src/config/default/peripheral/sercom/usart/plib_sercom0_usart.c.o
 .debug_info    0x0000000000006d69     0x121b CMakeFiles/Deneme_default_default_XC32_compile.dir/Users/furkanozen/Desktop/MPLAB/Deneme/config.mcc/src/config/default/peripheral/sercom/usart/plib_sercom2_usart.c.o
 .debug_info    0x0000000000007f84      0x739 CMakeFiles/Deneme_default_default_XC32_compile.dir/Users/furkanozen/Desktop/MPLAB/Deneme/config.mcc/src/config/default/peripheral/tc/plib_tc0.c.o
 .debug_info    0x00000000000086bd      0x1b8 CMakeFiles/Deneme_default_default_XC32_compile.dir/Users/furkanozen/Desktop/MPLAB/Deneme/config.mcc/src/config/default/peripheral/trng/plib_trng.c.o
 .debug_info    0x0000000000008875      0x55b CMakeFiles/Deneme_default_default_XC32_compile.dir/Users/furkanozen/Desktop/MPLAB/Deneme/config.mcc/src/config/default/startup_xc32.c.o
 .debug_info    0x0000000000008dd0      0xb42 CMakeFiles/Deneme_default_default_XC32_compile.dir/Users/furkanozen/Desktop/MPLAB/Deneme/config.mcc/src/main.c.o
 .debug_info    0x0000000000009912       0x68 /Applications/microchip/xc32/v4.60/bin/bin/../../lib/gcc/pic32c/8.3.1/../../../../pic32c/lib/thumb/v7e-m+fp/hard/libpic32c.a(data_init.o)
 .debug_info    0x000000000000997a       0xf3 /Applications/microchip/xc32/v4.60/bin/bin/../../lib/gcc/pic32c/8.3.1/../../../../pic32c/lib/thumb/v7e-m+fp/hard/libc-size-musl.a(memcpy.o)
 .debug_info    0x0000000000009a6d       0xbb /Applications/microchip/xc32/v4.60/bin/bin/../../lib/gcc/pic32c/8.3.1/../../../../pic32c/lib/thumb/v7e-m+fp/hard/libc-size-musl.a(memset.o)
 .debug_info    0x0000000000009b28      0x2fb /Applications/microchip/xc32/v4.60/bin/bin/../../lib/gcc/pic32c/8.3.1/../../../../pic32c/lib/thumb/v7e-m+fp/hard/libg-musl.a(__libc_start_main.o)
 .debug_info    0x0000000000009e23      0x276 /Applications/microchip/xc32/v4.60/bin/bin/../../lib/gcc/pic32c/8.3.1/../../../../pic32c/lib/thumb/v7e-m+fp/hard/libg-musl.a(libc.o)
 .debug_info    0x000000000000a099      0x1a8 /Applications/microchip/xc32/v4.60/bin/bin/../../lib/gcc/pic32c/8.3.1/../../../../pic32c/lib/thumb/v7e-m+fp/hard/libg-musl.a(__sio_sprintf_nu.o)
 .debug_info    0x000000000000a241      0x301 /Applications/microchip/xc32/v4.60/bin/bin/../../lib/gcc/pic32c/8.3.1/../../../../pic32c/lib/thumb/v7e-m+fp/hard/libg-musl.a(__fmt_u.o)
 .debug_info    0x000000000000a542      0x183 /Applications/microchip/xc32/v4.60/bin/bin/../../lib/gcc/pic32c/8.3.1/../../../../pic32c/lib/thumb/v7e-m+fp/hard/libg-musl.a(__pop_int.o)
 .debug_info    0x000000000000a6c5      0x187 /Applications/microchip/xc32/v4.60/bin/bin/../../lib/gcc/pic32c/8.3.1/../../../../pic32c/lib/thumb/v7e-m+fp/hard/libg-musl.a(__pop_ptr.o)
 .debug_info    0x000000000000a84c      0xa5d /Applications/microchip/xc32/v4.60/bin/bin/../../lib/gcc/pic32c/8.3.1/../../../../pic32c/lib/thumb/v7e-m+fp/hard/libg-musl.a(__printf_core.o)
 .debug_info    0x000000000000b2a9       0xf4 /Applications/microchip/xc32/v4.60/bin/bin/../../lib/gcc/pic32c/8.3.1/../../../../pic32c/lib/thumb/v7e-m+fp/hard/libg-musl.a(atoi.o)
 .debug_info    0x000000000000b39d      0x12b /Applications/microchip/xc32/v4.60/bin/bin/../../lib/gcc/pic32c/8.3.1/../../../../pic32c/lib/thumb/v7e-m+fp/hard/libg-musl.a(tolower.o)
 .debug_info    0x000000000000b4c8       0x97 /Applications/microchip/xc32/v4.60/bin/bin/../../lib/gcc/pic32c/8.3.1/../../../../pic32c/lib/thumb/v7e-m+fp/hard/libg-musl.a(__environ.o)
 .debug_info    0x000000000000b55f       0x5b /Applications/microchip/xc32/v4.60/bin/bin/../../lib/gcc/pic32c/8.3.1/../../../../pic32c/lib/thumb/v7e-m+fp/hard/libg-musl.a(__errno_location.o)
 .debug_info    0x000000000000b5ba      0x13f /Applications/microchip/xc32/v4.60/bin/bin/../../lib/gcc/pic32c/8.3.1/../../../../pic32c/lib/thumb/v7e-m+fp/hard/libg-musl.a(__int_vsprintf.o)
 .debug_info    0x000000000000b6f9      0x1d9 /Applications/microchip/xc32/v4.60/bin/bin/../../lib/gcc/pic32c/8.3.1/../../../../pic32c/lib/thumb/v7e-m+fp/hard/libg-musl.a(__cvt_u.o)
 .debug_info    0x000000000000b8d2      0x162 /Applications/microchip/xc32/v4.60/bin/bin/../../lib/gcc/pic32c/8.3.1/../../../../pic32c/lib/thumb/v7e-m+fp/hard/libg-musl.a(__pop_float.o)
 .debug_info    0x000000000000ba34      0x21a /Applications/microchip/xc32/v4.60/bin/bin/../../lib/gcc/pic32c/8.3.1/../../../../pic32c/lib/thumb/v7e-m+fp/hard/libg-musl.a(__int_vsnprintf.o)
 .debug_info    0x000000000000bc4e      0x1f7 /Applications/microchip/xc32/v4.60/bin/bin/../../lib/gcc/pic32c/8.3.1/../../../../pic32c/lib/thumb/v7e-m+fp/hard/libg-musl.a(__int_vfprintf.o)
 .debug_info    0x000000000000be45       0x26 /Applications/microchip/xc32/v4.60/bin/bin/../../lib/gcc/pic32c/8.3.1/thumb/v7e-m+fp/hard/libgcc.a(_aeabi_uldivmod.o)
 .debug_info    0x000000000000be6b      0x52a /Applications/microchip/xc32/v4.60/bin/bin/../../lib/gcc/pic32c/8.3.1/thumb/v7e-m+fp/hard/libgcc.a(_udivmoddi4.o)
 .debug_info    0x000000000000c395       0x26 /Applications/microchip/xc32/v4.60/bin/bin/../../lib/gcc/pic32c/8.3.1/thumb/v7e-m+fp/hard/libgcc.a(_dvmd_tls.o)
 .debug_info    0x000000000000c3bb       0xa4 /Applications/microchip/xc32/v4.60/bin/bin/../../lib/gcc/pic32c/8.3.1/../../../../pic32c/lib/thumb/v7e-m+fp/hard/libc-size-musl.a(strlen.o)
 .debug_info    0x000000000000c45f       0x3f /Applications/microchip/xc32/v4.60/bin/bin/../../lib/gcc/pic32c/8.3.1/../../../../pic32c/lib/thumb/v7e-m+fp/hard/libpic32c.a(pic32_data_init_clear.o)
 .debug_info    0x000000000000c49e       0x40 /Applications/microchip/xc32/v4.60/bin/bin/../../lib/gcc/pic32c/8.3.1/../../../../pic32c/lib/thumb/v7e-m+fp/hard/libpic32c.a(pic32_data_init_copy.o)

.debug_abbrev   0x0000000000000000     0x3184
 .debug_abbrev  0x0000000000000000       0x49 CMakeFiles/Deneme_default_default_XC32_compile.dir/Users/furkanozen/Desktop/MPLAB/Deneme/config.mcc/src/config/default/exceptions.c.o
 .debug_abbrev  0x0000000000000049       0x96 CMakeFiles/Deneme_default_default_XC32_compile.dir/Users/furkanozen/Desktop/MPLAB/Deneme/config.mcc/src/config/default/initialization.c.o
 .debug_abbrev  0x00000000000000df       0xc0 CMakeFiles/Deneme_default_default_XC32_compile.dir/Users/furkanozen/Desktop/MPLAB/Deneme/config.mcc/src/config/default/interrupts.c.o
 .debug_abbrev  0x000000000000019f      0x3a1 CMakeFiles/Deneme_default_default_XC32_compile.dir/Users/furkanozen/Desktop/MPLAB/Deneme/config.mcc/src/config/default/peripheral/can/plib_can1.c.o
 .debug_abbrev  0x0000000000000540      0x10b CMakeFiles/Deneme_default_default_XC32_compile.dir/Users/furkanozen/Desktop/MPLAB/Deneme/config.mcc/src/config/default/peripheral/clock/plib_clock.c.o
 .debug_abbrev  0x000000000000064b       0x46 CMakeFiles/Deneme_default_default_XC32_compile.dir/Users/furkanozen/Desktop/MPLAB/Deneme/config.mcc/src/config/default/peripheral/evsys/plib_evsys.c.o
 .debug_abbrev  0x0000000000000691      0x274 CMakeFiles/Deneme_default_default_XC32_compile.dir/Users/furkanozen/Desktop/MPLAB/Deneme/config.mcc/src/config/default/peripheral/nvic/plib_nvic.c.o
 .debug_abbrev  0x0000000000000905      0x23c CMakeFiles/Deneme_default_default_XC32_compile.dir/Users/furkanozen/Desktop/MPLAB/Deneme/config.mcc/src/config/default/peripheral/nvmctrl/plib_nvmctrl.c.o
 .debug_abbrev  0x0000000000000b41      0x1ea CMakeFiles/Deneme_default_default_XC32_compile.dir/Users/furkanozen/Desktop/MPLAB/Deneme/config.mcc/src/config/default/peripheral/port/plib_port.c.o
 .debug_abbrev  0x0000000000000d2b      0x3ac CMakeFiles/Deneme_default_default_XC32_compile.dir/Users/furkanozen/Desktop/MPLAB/Deneme/config.mcc/src/config/default/peripheral/sercom/i2c_master/plib_sercom7_i2c_master.c.o
 .debug_abbrev  0x00000000000010d7      0x318 CMakeFiles/Deneme_default_default_XC32_compile.dir/Users/furkanozen/Desktop/MPLAB/Deneme/config.mcc/src/config/default/peripheral/sercom/usart/plib_sercom0_usart.c.o
 .debug_abbrev  0x00000000000013ef      0x318 CMakeFiles/Deneme_default_default_XC32_compile.dir/Users/furkanozen/Desktop/MPLAB/Deneme/config.mcc/src/config/default/peripheral/sercom/usart/plib_sercom2_usart.c.o
 .debug_abbrev  0x0000000000001707      0x16d CMakeFiles/Deneme_default_default_XC32_compile.dir/Users/furkanozen/Desktop/MPLAB/Deneme/config.mcc/src/config/default/peripheral/tc/plib_tc0.c.o
 .debug_abbrev  0x0000000000001874       0xc0 CMakeFiles/Deneme_default_default_XC32_compile.dir/Users/furkanozen/Desktop/MPLAB/Deneme/config.mcc/src/config/default/peripheral/trng/plib_trng.c.o
 .debug_abbrev  0x0000000000001934      0x1e3 CMakeFiles/Deneme_default_default_XC32_compile.dir/Users/furkanozen/Desktop/MPLAB/Deneme/config.mcc/src/config/default/startup_xc32.c.o
 .debug_abbrev  0x0000000000001b17      0x180 CMakeFiles/Deneme_default_default_XC32_compile.dir/Users/furkanozen/Desktop/MPLAB/Deneme/config.mcc/src/main.c.o
 .debug_abbrev  0x0000000000001c97       0x44 /Applications/microchip/xc32/v4.60/bin/bin/../../lib/gcc/pic32c/8.3.1/../../../../pic32c/lib/thumb/v7e-m+fp/hard/libpic32c.a(data_init.o)
 .debug_abbrev  0x0000000000001cdb       0xbb /Applications/microchip/xc32/v4.60/bin/bin/../../lib/gcc/pic32c/8.3.1/../../../../pic32c/lib/thumb/v7e-m+fp/hard/libc-size-musl.a(memcpy.o)
 .debug_abbrev  0x0000000000001d96       0xa2 /Applications/microchip/xc32/v4.60/bin/bin/../../lib/gcc/pic32c/8.3.1/../../../../pic32c/lib/thumb/v7e-m+fp/hard/libc-size-musl.a(memset.o)
 .debug_abbrev  0x0000000000001e38      0x133 /Applications/microchip/xc32/v4.60/bin/bin/../../lib/gcc/pic32c/8.3.1/../../../../pic32c/lib/thumb/v7e-m+fp/hard/libg-musl.a(__libc_start_main.o)
 .debug_abbrev  0x0000000000001f6b       0xd4 /Applications/microchip/xc32/v4.60/bin/bin/../../lib/gcc/pic32c/8.3.1/../../../../pic32c/lib/thumb/v7e-m+fp/hard/libg-musl.a(libc.o)
 .debug_abbrev  0x000000000000203f      0x139 /Applications/microchip/xc32/v4.60/bin/bin/../../lib/gcc/pic32c/8.3.1/../../../../pic32c/lib/thumb/v7e-m+fp/hard/libg-musl.a(__sio_sprintf_nu.o)
 .debug_abbrev  0x0000000000002178      0x161 /Applications/microchip/xc32/v4.60/bin/bin/../../lib/gcc/pic32c/8.3.1/../../../../pic32c/lib/thumb/v7e-m+fp/hard/libg-musl.a(__fmt_u.o)
 .debug_abbrev  0x00000000000022d9       0xdc /Applications/microchip/xc32/v4.60/bin/bin/../../lib/gcc/pic32c/8.3.1/../../../../pic32c/lib/thumb/v7e-m+fp/hard/libg-musl.a(__pop_int.o)
 .debug_abbrev  0x00000000000023b5       0xed /Applications/microchip/xc32/v4.60/bin/bin/../../lib/gcc/pic32c/8.3.1/../../../../pic32c/lib/thumb/v7e-m+fp/hard/libg-musl.a(__pop_ptr.o)
 .debug_abbrev  0x00000000000024a2      0x332 /Applications/microchip/xc32/v4.60/bin/bin/../../lib/gcc/pic32c/8.3.1/../../../../pic32c/lib/thumb/v7e-m+fp/hard/libg-musl.a(__printf_core.o)
 .debug_abbrev  0x00000000000027d4       0xc6 /Applications/microchip/xc32/v4.60/bin/bin/../../lib/gcc/pic32c/8.3.1/../../../../pic32c/lib/thumb/v7e-m+fp/hard/libg-musl.a(atoi.o)
 .debug_abbrev  0x000000000000289a      0x108 /Applications/microchip/xc32/v4.60/bin/bin/../../lib/gcc/pic32c/8.3.1/../../../../pic32c/lib/thumb/v7e-m+fp/hard/libg-musl.a(tolower.o)
 .debug_abbrev  0x00000000000029a2       0x62 /Applications/microchip/xc32/v4.60/bin/bin/../../lib/gcc/pic32c/8.3.1/../../../../pic32c/lib/thumb/v7e-m+fp/hard/libg-musl.a(__environ.o)
 .debug_abbrev  0x0000000000002a04       0x39 /Applications/microchip/xc32/v4.60/bin/bin/../../lib/gcc/pic32c/8.3.1/../../../../pic32c/lib/thumb/v7e-m+fp/hard/libg-musl.a(__errno_location.o)
 .debug_abbrev  0x0000000000002a3d       0xce /Applications/microchip/xc32/v4.60/bin/bin/../../lib/gcc/pic32c/8.3.1/../../../../pic32c/lib/thumb/v7e-m+fp/hard/libg-musl.a(__int_vsprintf.o)
 .debug_abbrev  0x0000000000002b0b       0xe5 /Applications/microchip/xc32/v4.60/bin/bin/../../lib/gcc/pic32c/8.3.1/../../../../pic32c/lib/thumb/v7e-m+fp/hard/libg-musl.a(__cvt_u.o)
 .debug_abbrev  0x0000000000002bf0       0xdc /Applications/microchip/xc32/v4.60/bin/bin/../../lib/gcc/pic32c/8.3.1/../../../../pic32c/lib/thumb/v7e-m+fp/hard/libg-musl.a(__pop_float.o)
 .debug_abbrev  0x0000000000002ccc      0x154 /Applications/microchip/xc32/v4.60/bin/bin/../../lib/gcc/pic32c/8.3.1/../../../../pic32c/lib/thumb/v7e-m+fp/hard/libg-musl.a(__int_vsnprintf.o)
 .debug_abbrev  0x0000000000002e20      0x12d /Applications/microchip/xc32/v4.60/bin/bin/../../lib/gcc/pic32c/8.3.1/../../../../pic32c/lib/thumb/v7e-m+fp/hard/libg-musl.a(__int_vfprintf.o)
 .debug_abbrev  0x0000000000002f4d       0x14 /Applications/microchip/xc32/v4.60/bin/bin/../../lib/gcc/pic32c/8.3.1/thumb/v7e-m+fp/hard/libgcc.a(_aeabi_uldivmod.o)
 .debug_abbrev  0x0000000000002f61      0x122 /Applications/microchip/xc32/v4.60/bin/bin/../../lib/gcc/pic32c/8.3.1/thumb/v7e-m+fp/hard/libgcc.a(_udivmoddi4.o)
 .debug_abbrev  0x0000000000003083       0x14 /Applications/microchip/xc32/v4.60/bin/bin/../../lib/gcc/pic32c/8.3.1/thumb/v7e-m+fp/hard/libgcc.a(_dvmd_tls.o)
 .debug_abbrev  0x0000000000003097       0x91 /Applications/microchip/xc32/v4.60/bin/bin/../../lib/gcc/pic32c/8.3.1/../../../../pic32c/lib/thumb/v7e-m+fp/hard/libc-size-musl.a(strlen.o)
 .debug_abbrev  0x0000000000003128       0x2e /Applications/microchip/xc32/v4.60/bin/bin/../../lib/gcc/pic32c/8.3.1/../../../../pic32c/lib/thumb/v7e-m+fp/hard/libpic32c.a(pic32_data_init_clear.o)
 .debug_abbrev  0x0000000000003156       0x2e /Applications/microchip/xc32/v4.60/bin/bin/../../lib/gcc/pic32c/8.3.1/../../../../pic32c/lib/thumb/v7e-m+fp/hard/libpic32c.a(pic32_data_init_copy.o)

.debug_aranges  0x0000000000000000      0x970
 .debug_aranges
                0x0000000000000000       0x48 CMakeFiles/Deneme_default_default_XC32_compile.dir/Users/furkanozen/Desktop/MPLAB/Deneme/config.mcc/src/config/default/exceptions.c.o
 .debug_aranges
                0x0000000000000048       0x20 CMakeFiles/Deneme_default_default_XC32_compile.dir/Users/furkanozen/Desktop/MPLAB/Deneme/config.mcc/src/config/default/initialization.c.o
 .debug_aranges
                0x0000000000000068       0x20 CMakeFiles/Deneme_default_default_XC32_compile.dir/Users/furkanozen/Desktop/MPLAB/Deneme/config.mcc/src/config/default/interrupts.c.o
 .debug_aranges
                0x0000000000000088       0xa0 CMakeFiles/Deneme_default_default_XC32_compile.dir/Users/furkanozen/Desktop/MPLAB/Deneme/config.mcc/src/config/default/peripheral/can/plib_can1.c.o
 .debug_aranges
                0x0000000000000128       0x20 CMakeFiles/Deneme_default_default_XC32_compile.dir/Users/furkanozen/Desktop/MPLAB/Deneme/config.mcc/src/config/default/peripheral/clock/plib_clock.c.o
 .debug_aranges
                0x0000000000000148       0x20 CMakeFiles/Deneme_default_default_XC32_compile.dir/Users/furkanozen/Desktop/MPLAB/Deneme/config.mcc/src/config/default/peripheral/evsys/plib_evsys.c.o
 .debug_aranges
                0x0000000000000168       0x48 CMakeFiles/Deneme_default_default_XC32_compile.dir/Users/furkanozen/Desktop/MPLAB/Deneme/config.mcc/src/config/default/peripheral/nvic/plib_nvic.c.o
 .debug_aranges
                0x00000000000001b0       0xd8 CMakeFiles/Deneme_default_default_XC32_compile.dir/Users/furkanozen/Desktop/MPLAB/Deneme/config.mcc/src/config/default/peripheral/nvmctrl/plib_nvmctrl.c.o
 .debug_aranges
                0x0000000000000288       0x70 CMakeFiles/Deneme_default_default_XC32_compile.dir/Users/furkanozen/Desktop/MPLAB/Deneme/config.mcc/src/config/default/peripheral/port/plib_port.c.o
 .debug_aranges
                0x00000000000002f8       0x78 CMakeFiles/Deneme_default_default_XC32_compile.dir/Users/furkanozen/Desktop/MPLAB/Deneme/config.mcc/src/config/default/peripheral/sercom/i2c_master/plib_sercom7_i2c_master.c.o
 .debug_aranges
                0x0000000000000370       0xe0 CMakeFiles/Deneme_default_default_XC32_compile.dir/Users/furkanozen/Desktop/MPLAB/Deneme/config.mcc/src/config/default/peripheral/sercom/usart/plib_sercom0_usart.c.o
 .debug_aranges
                0x0000000000000450       0xe0 CMakeFiles/Deneme_default_default_XC32_compile.dir/Users/furkanozen/Desktop/MPLAB/Deneme/config.mcc/src/config/default/peripheral/sercom/usart/plib_sercom2_usart.c.o
 .debug_aranges
                0x0000000000000530       0x68 CMakeFiles/Deneme_default_default_XC32_compile.dir/Users/furkanozen/Desktop/MPLAB/Deneme/config.mcc/src/config/default/peripheral/tc/plib_tc0.c.o
 .debug_aranges
                0x0000000000000598       0x28 CMakeFiles/Deneme_default_default_XC32_compile.dir/Users/furkanozen/Desktop/MPLAB/Deneme/config.mcc/src/config/default/peripheral/trng/plib_trng.c.o
 .debug_aranges
                0x00000000000005c0       0x28 CMakeFiles/Deneme_default_default_XC32_compile.dir/Users/furkanozen/Desktop/MPLAB/Deneme/config.mcc/src/config/default/startup_xc32.c.o
 .debug_aranges
                0x00000000000005e8       0x28 CMakeFiles/Deneme_default_default_XC32_compile.dir/Users/furkanozen/Desktop/MPLAB/Deneme/config.mcc/src/main.c.o
 .debug_aranges
                0x0000000000000610       0x30 /Applications/microchip/xc32/v4.60/bin/bin/../../lib/gcc/pic32c/8.3.1/../../../../pic32c/lib/thumb/v7e-m+fp/hard/libpic32c.a(data_init.o)
 .debug_aranges
                0x0000000000000640       0x20 /Applications/microchip/xc32/v4.60/bin/bin/../../lib/gcc/pic32c/8.3.1/../../../../pic32c/lib/thumb/v7e-m+fp/hard/libc-size-musl.a(memcpy.o)
 .debug_aranges
                0x0000000000000660       0x20 /Applications/microchip/xc32/v4.60/bin/bin/../../lib/gcc/pic32c/8.3.1/../../../../pic32c/lib/thumb/v7e-m+fp/hard/libc-size-musl.a(memset.o)
 .debug_aranges
                0x0000000000000680       0x28 /Applications/microchip/xc32/v4.60/bin/bin/../../lib/gcc/pic32c/8.3.1/../../../../pic32c/lib/thumb/v7e-m+fp/hard/libg-musl.a(__libc_start_main.o)
 .debug_aranges
                0x00000000000006a8       0x18 /Applications/microchip/xc32/v4.60/bin/bin/../../lib/gcc/pic32c/8.3.1/../../../../pic32c/lib/thumb/v7e-m+fp/hard/libg-musl.a(libc.o)
 .debug_aranges
                0x00000000000006c0       0x28 /Applications/microchip/xc32/v4.60/bin/bin/../../lib/gcc/pic32c/8.3.1/../../../../pic32c/lib/thumb/v7e-m+fp/hard/libg-musl.a(__sio_sprintf_nu.o)
 .debug_aranges
                0x00000000000006e8       0x20 /Applications/microchip/xc32/v4.60/bin/bin/../../lib/gcc/pic32c/8.3.1/../../../../pic32c/lib/thumb/v7e-m+fp/hard/libg-musl.a(__fmt_u.o)
 .debug_aranges
                0x0000000000000708       0x20 /Applications/microchip/xc32/v4.60/bin/bin/../../lib/gcc/pic32c/8.3.1/../../../../pic32c/lib/thumb/v7e-m+fp/hard/libg-musl.a(__pop_int.o)
 .debug_aranges
                0x0000000000000728       0x20 /Applications/microchip/xc32/v4.60/bin/bin/../../lib/gcc/pic32c/8.3.1/../../../../pic32c/lib/thumb/v7e-m+fp/hard/libg-musl.a(__pop_ptr.o)
 .debug_aranges
                0x0000000000000748       0x50 /Applications/microchip/xc32/v4.60/bin/bin/../../lib/gcc/pic32c/8.3.1/../../../../pic32c/lib/thumb/v7e-m+fp/hard/libg-musl.a(__printf_core.o)
 .debug_aranges
                0x0000000000000798       0x20 /Applications/microchip/xc32/v4.60/bin/bin/../../lib/gcc/pic32c/8.3.1/../../../../pic32c/lib/thumb/v7e-m+fp/hard/libg-musl.a(atoi.o)
 .debug_aranges
                0x00000000000007b8       0x28 /Applications/microchip/xc32/v4.60/bin/bin/../../lib/gcc/pic32c/8.3.1/../../../../pic32c/lib/thumb/v7e-m+fp/hard/libg-musl.a(tolower.o)
 .debug_aranges
                0x00000000000007e0       0x18 /Applications/microchip/xc32/v4.60/bin/bin/../../lib/gcc/pic32c/8.3.1/../../../../pic32c/lib/thumb/v7e-m+fp/hard/libg-musl.a(__environ.o)
 .debug_aranges
                0x00000000000007f8       0x18 /Applications/microchip/xc32/v4.60/bin/bin/../../lib/gcc/pic32c/8.3.1/../../../../pic32c/lib/thumb/v7e-m+fp/hard/libg-musl.a(__errno_location.o)
 .debug_aranges
                0x0000000000000810       0x20 /Applications/microchip/xc32/v4.60/bin/bin/../../lib/gcc/pic32c/8.3.1/../../../../pic32c/lib/thumb/v7e-m+fp/hard/libg-musl.a(__int_vsprintf.o)
 .debug_aranges
                0x0000000000000830       0x20 /Applications/microchip/xc32/v4.60/bin/bin/../../lib/gcc/pic32c/8.3.1/../../../../pic32c/lib/thumb/v7e-m+fp/hard/libg-musl.a(__cvt_u.o)
 .debug_aranges
                0x0000000000000850       0x20 /Applications/microchip/xc32/v4.60/bin/bin/../../lib/gcc/pic32c/8.3.1/../../../../pic32c/lib/thumb/v7e-m+fp/hard/libg-musl.a(__pop_float.o)
 .debug_aranges
                0x0000000000000870       0x20 /Applications/microchip/xc32/v4.60/bin/bin/../../lib/gcc/pic32c/8.3.1/../../../../pic32c/lib/thumb/v7e-m+fp/hard/libg-musl.a(__int_vsnprintf.o)
 .debug_aranges
                0x0000000000000890       0x20 /Applications/microchip/xc32/v4.60/bin/bin/../../lib/gcc/pic32c/8.3.1/../../../../pic32c/lib/thumb/v7e-m+fp/hard/libg-musl.a(__int_vfprintf.o)
 .debug_aranges
                0x00000000000008b0       0x20 /Applications/microchip/xc32/v4.60/bin/bin/../../lib/gcc/pic32c/8.3.1/thumb/v7e-m+fp/hard/libgcc.a(_aeabi_uldivmod.o)
 .debug_aranges
                0x00000000000008d0       0x20 /Applications/microchip/xc32/v4.60/bin/bin/../../lib/gcc/pic32c/8.3.1/thumb/v7e-m+fp/hard/libgcc.a(_udivmoddi4.o)
 .debug_aranges
                0x00000000000008f0       0x20 /Applications/microchip/xc32/v4.60/bin/bin/../../lib/gcc/pic32c/8.3.1/thumb/v7e-m+fp/hard/libgcc.a(_dvmd_tls.o)
 .debug_aranges
                0x0000000000000910       0x20 /Applications/microchip/xc32/v4.60/bin/bin/../../lib/gcc/pic32c/8.3.1/../../../../pic32c/lib/thumb/v7e-m+fp/hard/libc-size-musl.a(strlen.o)
 .debug_aranges
                0x0000000000000930       0x20 /Applications/microchip/xc32/v4.60/bin/bin/../../lib/gcc/pic32c/8.3.1/../../../../pic32c/lib/thumb/v7e-m+fp/hard/libpic32c.a(pic32_data_init_clear.o)
 .debug_aranges
                0x0000000000000950       0x20 /Applications/microchip/xc32/v4.60/bin/bin/../../lib/gcc/pic32c/8.3.1/../../../../pic32c/lib/thumb/v7e-m+fp/hard/libpic32c.a(pic32_data_init_copy.o)

.debug_ranges   0x0000000000000000      0x958
 .debug_ranges  0x0000000000000000       0x38 CMakeFiles/Deneme_default_default_XC32_compile.dir/Users/furkanozen/Desktop/MPLAB/Deneme/config.mcc/src/config/default/exceptions.c.o
 .debug_ranges  0x0000000000000038       0x10 CMakeFiles/Deneme_default_default_XC32_compile.dir/Users/furkanozen/Desktop/MPLAB/Deneme/config.mcc/src/config/default/initialization.c.o
 .debug_ranges  0x0000000000000048       0x10 CMakeFiles/Deneme_default_default_XC32_compile.dir/Users/furkanozen/Desktop/MPLAB/Deneme/config.mcc/src/config/default/interrupts.c.o
 .debug_ranges  0x0000000000000058       0xc8 CMakeFiles/Deneme_default_default_XC32_compile.dir/Users/furkanozen/Desktop/MPLAB/Deneme/config.mcc/src/config/default/peripheral/can/plib_can1.c.o
 .debug_ranges  0x0000000000000120       0x10 CMakeFiles/Deneme_default_default_XC32_compile.dir/Users/furkanozen/Desktop/MPLAB/Deneme/config.mcc/src/config/default/peripheral/clock/plib_clock.c.o
 .debug_ranges  0x0000000000000130       0x10 CMakeFiles/Deneme_default_default_XC32_compile.dir/Users/furkanozen/Desktop/MPLAB/Deneme/config.mcc/src/config/default/peripheral/evsys/plib_evsys.c.o
 .debug_ranges  0x0000000000000140       0x38 CMakeFiles/Deneme_default_default_XC32_compile.dir/Users/furkanozen/Desktop/MPLAB/Deneme/config.mcc/src/config/default/peripheral/nvic/plib_nvic.c.o
 .debug_ranges  0x0000000000000178       0xc8 CMakeFiles/Deneme_default_default_XC32_compile.dir/Users/furkanozen/Desktop/MPLAB/Deneme/config.mcc/src/config/default/peripheral/nvmctrl/plib_nvmctrl.c.o
 .debug_ranges  0x0000000000000240       0x60 CMakeFiles/Deneme_default_default_XC32_compile.dir/Users/furkanozen/Desktop/MPLAB/Deneme/config.mcc/src/config/default/peripheral/port/plib_port.c.o
 .debug_ranges  0x00000000000002a0      0x130 CMakeFiles/Deneme_default_default_XC32_compile.dir/Users/furkanozen/Desktop/MPLAB/Deneme/config.mcc/src/config/default/peripheral/sercom/i2c_master/plib_sercom7_i2c_master.c.o
 .debug_ranges  0x00000000000003d0      0x120 CMakeFiles/Deneme_default_default_XC32_compile.dir/Users/furkanozen/Desktop/MPLAB/Deneme/config.mcc/src/config/default/peripheral/sercom/usart/plib_sercom0_usart.c.o
 .debug_ranges  0x00000000000004f0      0x120 CMakeFiles/Deneme_default_default_XC32_compile.dir/Users/furkanozen/Desktop/MPLAB/Deneme/config.mcc/src/config/default/peripheral/sercom/usart/plib_sercom2_usart.c.o
 .debug_ranges  0x0000000000000610       0x58 CMakeFiles/Deneme_default_default_XC32_compile.dir/Users/furkanozen/Desktop/MPLAB/Deneme/config.mcc/src/config/default/peripheral/tc/plib_tc0.c.o
 .debug_ranges  0x0000000000000668       0x18 CMakeFiles/Deneme_default_default_XC32_compile.dir/Users/furkanozen/Desktop/MPLAB/Deneme/config.mcc/src/config/default/peripheral/trng/plib_trng.c.o
 .debug_ranges  0x0000000000000680       0x18 CMakeFiles/Deneme_default_default_XC32_compile.dir/Users/furkanozen/Desktop/MPLAB/Deneme/config.mcc/src/config/default/startup_xc32.c.o
 .debug_ranges  0x0000000000000698       0x48 CMakeFiles/Deneme_default_default_XC32_compile.dir/Users/furkanozen/Desktop/MPLAB/Deneme/config.mcc/src/main.c.o
 .debug_ranges  0x00000000000006e0       0x20 /Applications/microchip/xc32/v4.60/bin/bin/../../lib/gcc/pic32c/8.3.1/../../../../pic32c/lib/thumb/v7e-m+fp/hard/libpic32c.a(data_init.o)
 .debug_ranges  0x0000000000000700       0x10 /Applications/microchip/xc32/v4.60/bin/bin/../../lib/gcc/pic32c/8.3.1/../../../../pic32c/lib/thumb/v7e-m+fp/hard/libc-size-musl.a(memcpy.o)
 .debug_ranges  0x0000000000000710       0x10 /Applications/microchip/xc32/v4.60/bin/bin/../../lib/gcc/pic32c/8.3.1/../../../../pic32c/lib/thumb/v7e-m+fp/hard/libc-size-musl.a(memset.o)
 .debug_ranges  0x0000000000000720       0x40 /Applications/microchip/xc32/v4.60/bin/bin/../../lib/gcc/pic32c/8.3.1/../../../../pic32c/lib/thumb/v7e-m+fp/hard/libg-musl.a(__libc_start_main.o)
 .debug_ranges  0x0000000000000760       0x18 /Applications/microchip/xc32/v4.60/bin/bin/../../lib/gcc/pic32c/8.3.1/../../../../pic32c/lib/thumb/v7e-m+fp/hard/libg-musl.a(__sio_sprintf_nu.o)
 .debug_ranges  0x0000000000000778       0x10 /Applications/microchip/xc32/v4.60/bin/bin/../../lib/gcc/pic32c/8.3.1/../../../../pic32c/lib/thumb/v7e-m+fp/hard/libg-musl.a(__fmt_u.o)
 .debug_ranges  0x0000000000000788       0x10 /Applications/microchip/xc32/v4.60/bin/bin/../../lib/gcc/pic32c/8.3.1/../../../../pic32c/lib/thumb/v7e-m+fp/hard/libg-musl.a(__pop_int.o)
 .debug_ranges  0x0000000000000798       0x10 /Applications/microchip/xc32/v4.60/bin/bin/../../lib/gcc/pic32c/8.3.1/../../../../pic32c/lib/thumb/v7e-m+fp/hard/libg-musl.a(__pop_ptr.o)
 .debug_ranges  0x00000000000007a8       0x58 /Applications/microchip/xc32/v4.60/bin/bin/../../lib/gcc/pic32c/8.3.1/../../../../pic32c/lib/thumb/v7e-m+fp/hard/libg-musl.a(__printf_core.o)
 .debug_ranges  0x0000000000000800       0x10 /Applications/microchip/xc32/v4.60/bin/bin/../../lib/gcc/pic32c/8.3.1/../../../../pic32c/lib/thumb/v7e-m+fp/hard/libg-musl.a(atoi.o)
 .debug_ranges  0x0000000000000810       0x18 /Applications/microchip/xc32/v4.60/bin/bin/../../lib/gcc/pic32c/8.3.1/../../../../pic32c/lib/thumb/v7e-m+fp/hard/libg-musl.a(tolower.o)
 .debug_ranges  0x0000000000000828       0x10 /Applications/microchip/xc32/v4.60/bin/bin/../../lib/gcc/pic32c/8.3.1/../../../../pic32c/lib/thumb/v7e-m+fp/hard/libg-musl.a(__int_vsprintf.o)
 .debug_ranges  0x0000000000000838       0x10 /Applications/microchip/xc32/v4.60/bin/bin/../../lib/gcc/pic32c/8.3.1/../../../../pic32c/lib/thumb/v7e-m+fp/hard/libg-musl.a(__cvt_u.o)
 .debug_ranges  0x0000000000000848       0x10 /Applications/microchip/xc32/v4.60/bin/bin/../../lib/gcc/pic32c/8.3.1/../../../../pic32c/lib/thumb/v7e-m+fp/hard/libg-musl.a(__pop_float.o)
 .debug_ranges  0x0000000000000858       0x10 /Applications/microchip/xc32/v4.60/bin/bin/../../lib/gcc/pic32c/8.3.1/../../../../pic32c/lib/thumb/v7e-m+fp/hard/libg-musl.a(__int_vsnprintf.o)
 .debug_ranges  0x0000000000000868       0x10 /Applications/microchip/xc32/v4.60/bin/bin/../../lib/gcc/pic32c/8.3.1/../../../../pic32c/lib/thumb/v7e-m+fp/hard/libg-musl.a(__int_vfprintf.o)
 .debug_ranges  0x0000000000000878       0xb0 /Applications/microchip/xc32/v4.60/bin/bin/../../lib/gcc/pic32c/8.3.1/thumb/v7e-m+fp/hard/libgcc.a(_udivmoddi4.o)
 .debug_ranges  0x0000000000000928       0x10 /Applications/microchip/xc32/v4.60/bin/bin/../../lib/gcc/pic32c/8.3.1/../../../../pic32c/lib/thumb/v7e-m+fp/hard/libc-size-musl.a(strlen.o)
 .debug_ranges  0x0000000000000938       0x10 /Applications/microchip/xc32/v4.60/bin/bin/../../lib/gcc/pic32c/8.3.1/../../../../pic32c/lib/thumb/v7e-m+fp/hard/libpic32c.a(pic32_data_init_clear.o)
 .debug_ranges  0x0000000000000948       0x10 /Applications/microchip/xc32/v4.60/bin/bin/../../lib/gcc/pic32c/8.3.1/../../../../pic32c/lib/thumb/v7e-m+fp/hard/libpic32c.a(pic32_data_init_copy.o)

.debug_line     0x0000000000000000     0x720b
 .debug_line    0x0000000000000000       0xf6 CMakeFiles/Deneme_default_default_XC32_compile.dir/Users/furkanozen/Desktop/MPLAB/Deneme/config.mcc/src/config/default/exceptions.c.o
 .debug_line    0x00000000000000f6      0x4d2 CMakeFiles/Deneme_default_default_XC32_compile.dir/Users/furkanozen/Desktop/MPLAB/Deneme/config.mcc/src/config/default/initialization.c.o
 .debug_line    0x00000000000005c8       0xe6 CMakeFiles/Deneme_default_default_XC32_compile.dir/Users/furkanozen/Desktop/MPLAB/Deneme/config.mcc/src/config/default/interrupts.c.o
 .debug_line    0x00000000000006ae      0xa78 CMakeFiles/Deneme_default_default_XC32_compile.dir/Users/furkanozen/Desktop/MPLAB/Deneme/config.mcc/src/config/default/peripheral/can/plib_can1.c.o
 .debug_line    0x0000000000001126      0x2f1 CMakeFiles/Deneme_default_default_XC32_compile.dir/Users/furkanozen/Desktop/MPLAB/Deneme/config.mcc/src/config/default/peripheral/clock/plib_clock.c.o
 .debug_line    0x0000000000001417       0x95 CMakeFiles/Deneme_default_default_XC32_compile.dir/Users/furkanozen/Desktop/MPLAB/Deneme/config.mcc/src/config/default/peripheral/evsys/plib_evsys.c.o
 .debug_line    0x00000000000014ac      0x754 CMakeFiles/Deneme_default_default_XC32_compile.dir/Users/furkanozen/Desktop/MPLAB/Deneme/config.mcc/src/config/default/peripheral/nvic/plib_nvic.c.o
 .debug_line    0x0000000000001c00      0x632 CMakeFiles/Deneme_default_default_XC32_compile.dir/Users/furkanozen/Desktop/MPLAB/Deneme/config.mcc/src/config/default/peripheral/nvmctrl/plib_nvmctrl.c.o
 .debug_line    0x0000000000002232      0x36e CMakeFiles/Deneme_default_default_XC32_compile.dir/Users/furkanozen/Desktop/MPLAB/Deneme/config.mcc/src/config/default/peripheral/port/plib_port.c.o
 .debug_line    0x00000000000025a0      0x976 CMakeFiles/Deneme_default_default_XC32_compile.dir/Users/furkanozen/Desktop/MPLAB/Deneme/config.mcc/src/config/default/peripheral/sercom/i2c_master/plib_sercom7_i2c_master.c.o
 .debug_line    0x0000000000002f16      0x9fc CMakeFiles/Deneme_default_default_XC32_compile.dir/Users/furkanozen/Desktop/MPLAB/Deneme/config.mcc/src/config/default/peripheral/sercom/usart/plib_sercom0_usart.c.o
 .debug_line    0x0000000000003912      0x9fc CMakeFiles/Deneme_default_default_XC32_compile.dir/Users/furkanozen/Desktop/MPLAB/Deneme/config.mcc/src/config/default/peripheral/sercom/usart/plib_sercom2_usart.c.o
 .debug_line    0x000000000000430e      0x33c CMakeFiles/Deneme_default_default_XC32_compile.dir/Users/furkanozen/Desktop/MPLAB/Deneme/config.mcc/src/config/default/peripheral/tc/plib_tc0.c.o
 .debug_line    0x000000000000464a      0x199 CMakeFiles/Deneme_default_default_XC32_compile.dir/Users/furkanozen/Desktop/MPLAB/Deneme/config.mcc/src/config/default/peripheral/trng/plib_trng.c.o
 .debug_line    0x00000000000047e3      0x309 CMakeFiles/Deneme_default_default_XC32_compile.dir/Users/furkanozen/Desktop/MPLAB/Deneme/config.mcc/src/config/default/startup_xc32.c.o
 .debug_line    0x0000000000004aec      0x244 CMakeFiles/Deneme_default_default_XC32_compile.dir/Users/furkanozen/Desktop/MPLAB/Deneme/config.mcc/src/main.c.o
 .debug_line    0x0000000000004d30       0xa7 /Applications/microchip/xc32/v4.60/bin/bin/../../lib/gcc/pic32c/8.3.1/../../../../pic32c/lib/thumb/v7e-m+fp/hard/libpic32c.a(data_init.o)
 .debug_line    0x0000000000004dd7       0xf9 /Applications/microchip/xc32/v4.60/bin/bin/../../lib/gcc/pic32c/8.3.1/../../../../pic32c/lib/thumb/v7e-m+fp/hard/libc-size-musl.a(memcpy.o)
 .debug_line    0x0000000000004ed0       0xe3 /Applications/microchip/xc32/v4.60/bin/bin/../../lib/gcc/pic32c/8.3.1/../../../../pic32c/lib/thumb/v7e-m+fp/hard/libc-size-musl.a(memset.o)
 .debug_line    0x0000000000004fb3      0x1c7 /Applications/microchip/xc32/v4.60/bin/bin/../../lib/gcc/pic32c/8.3.1/../../../../pic32c/lib/thumb/v7e-m+fp/hard/libg-musl.a(__libc_start_main.o)
 .debug_line    0x000000000000517a       0xb5 /Applications/microchip/xc32/v4.60/bin/bin/../../lib/gcc/pic32c/8.3.1/../../../../pic32c/lib/thumb/v7e-m+fp/hard/libg-musl.a(libc.o)
 .debug_line    0x000000000000522f      0x19b /Applications/microchip/xc32/v4.60/bin/bin/../../lib/gcc/pic32c/8.3.1/../../../../pic32c/lib/thumb/v7e-m+fp/hard/libg-musl.a(__sio_sprintf_nu.o)
 .debug_line    0x00000000000053ca      0x188 /Applications/microchip/xc32/v4.60/bin/bin/../../lib/gcc/pic32c/8.3.1/../../../../pic32c/lib/thumb/v7e-m+fp/hard/libg-musl.a(__fmt_u.o)
 .debug_line    0x0000000000005552      0x200 /Applications/microchip/xc32/v4.60/bin/bin/../../lib/gcc/pic32c/8.3.1/../../../../pic32c/lib/thumb/v7e-m+fp/hard/libg-musl.a(__pop_int.o)
 .debug_line    0x0000000000005752      0x1e0 /Applications/microchip/xc32/v4.60/bin/bin/../../lib/gcc/pic32c/8.3.1/../../../../pic32c/lib/thumb/v7e-m+fp/hard/libg-musl.a(__pop_ptr.o)
 .debug_line    0x0000000000005932      0x692 /Applications/microchip/xc32/v4.60/bin/bin/../../lib/gcc/pic32c/8.3.1/../../../../pic32c/lib/thumb/v7e-m+fp/hard/libg-musl.a(__printf_core.o)
 .debug_line    0x0000000000005fc4      0x167 /Applications/microchip/xc32/v4.60/bin/bin/../../lib/gcc/pic32c/8.3.1/../../../../pic32c/lib/thumb/v7e-m+fp/hard/libg-musl.a(atoi.o)
 .debug_line    0x000000000000612b      0x157 /Applications/microchip/xc32/v4.60/bin/bin/../../lib/gcc/pic32c/8.3.1/../../../../pic32c/lib/thumb/v7e-m+fp/hard/libg-musl.a(tolower.o)
 .debug_line    0x0000000000006282       0xfb /Applications/microchip/xc32/v4.60/bin/bin/../../lib/gcc/pic32c/8.3.1/../../../../pic32c/lib/thumb/v7e-m+fp/hard/libg-musl.a(__environ.o)
 .debug_line    0x000000000000637d       0x9a /Applications/microchip/xc32/v4.60/bin/bin/../../lib/gcc/pic32c/8.3.1/../../../../pic32c/lib/thumb/v7e-m+fp/hard/libg-musl.a(__errno_location.o)
 .debug_line    0x0000000000006417      0x14d /Applications/microchip/xc32/v4.60/bin/bin/../../lib/gcc/pic32c/8.3.1/../../../../pic32c/lib/thumb/v7e-m+fp/hard/libg-musl.a(__int_vsprintf.o)
 .debug_line    0x0000000000006564      0x1cb /Applications/microchip/xc32/v4.60/bin/bin/../../lib/gcc/pic32c/8.3.1/../../../../pic32c/lib/thumb/v7e-m+fp/hard/libg-musl.a(__cvt_u.o)
 .debug_line    0x000000000000672f      0x165 /Applications/microchip/xc32/v4.60/bin/bin/../../lib/gcc/pic32c/8.3.1/../../../../pic32c/lib/thumb/v7e-m+fp/hard/libg-musl.a(__pop_float.o)
 .debug_line    0x0000000000006894      0x1bb /Applications/microchip/xc32/v4.60/bin/bin/../../lib/gcc/pic32c/8.3.1/../../../../pic32c/lib/thumb/v7e-m+fp/hard/libg-musl.a(__int_vsnprintf.o)
 .debug_line    0x0000000000006a4f      0x168 /Applications/microchip/xc32/v4.60/bin/bin/../../lib/gcc/pic32c/8.3.1/../../../../pic32c/lib/thumb/v7e-m+fp/hard/libg-musl.a(__int_vfprintf.o)
 .debug_line    0x0000000000006bb7       0x91 /Applications/microchip/xc32/v4.60/bin/bin/../../lib/gcc/pic32c/8.3.1/thumb/v7e-m+fp/hard/libgcc.a(_aeabi_uldivmod.o)
 .debug_line    0x0000000000006c48      0x360 /Applications/microchip/xc32/v4.60/bin/bin/../../lib/gcc/pic32c/8.3.1/thumb/v7e-m+fp/hard/libgcc.a(_udivmoddi4.o)
 .debug_line    0x0000000000006fa8       0x91 /Applications/microchip/xc32/v4.60/bin/bin/../../lib/gcc/pic32c/8.3.1/thumb/v7e-m+fp/hard/libgcc.a(_dvmd_tls.o)
 .debug_line    0x0000000000007039       0xe6 /Applications/microchip/xc32/v4.60/bin/bin/../../lib/gcc/pic32c/8.3.1/../../../../pic32c/lib/thumb/v7e-m+fp/hard/libc-size-musl.a(strlen.o)
 .debug_line    0x000000000000711f       0x72 /Applications/microchip/xc32/v4.60/bin/bin/../../lib/gcc/pic32c/8.3.1/../../../../pic32c/lib/thumb/v7e-m+fp/hard/libpic32c.a(pic32_data_init_clear.o)
 .debug_line    0x0000000000007191       0x7a /Applications/microchip/xc32/v4.60/bin/bin/../../lib/gcc/pic32c/8.3.1/../../../../pic32c/lib/thumb/v7e-m+fp/hard/libpic32c.a(pic32_data_init_copy.o)

.debug_str      0x0000000000000000     0xbc1a
 .debug_str     0x0000000000000000      0x31d CMakeFiles/Deneme_default_default_XC32_compile.dir/Users/furkanozen/Desktop/MPLAB/Deneme/config.mcc/src/config/default/exceptions.c.o
 .debug_str     0x000000000000031d      0x38c CMakeFiles/Deneme_default_default_XC32_compile.dir/Users/furkanozen/Desktop/MPLAB/Deneme/config.mcc/src/config/default/initialization.c.o
 .debug_str     0x00000000000006a9      0xf17 CMakeFiles/Deneme_default_default_XC32_compile.dir/Users/furkanozen/Desktop/MPLAB/Deneme/config.mcc/src/config/default/interrupts.c.o
 .debug_str     0x00000000000015c0      0xef0 CMakeFiles/Deneme_default_default_XC32_compile.dir/Users/furkanozen/Desktop/MPLAB/Deneme/config.mcc/src/config/default/peripheral/can/plib_can1.c.o
 .debug_str     0x00000000000024b0      0x650 CMakeFiles/Deneme_default_default_XC32_compile.dir/Users/furkanozen/Desktop/MPLAB/Deneme/config.mcc/src/config/default/peripheral/clock/plib_clock.c.o
 .debug_str     0x0000000000002b00      0x2be CMakeFiles/Deneme_default_default_XC32_compile.dir/Users/furkanozen/Desktop/MPLAB/Deneme/config.mcc/src/config/default/peripheral/evsys/plib_evsys.c.o
 .debug_str     0x0000000000002dbe      0xd59 CMakeFiles/Deneme_default_default_XC32_compile.dir/Users/furkanozen/Desktop/MPLAB/Deneme/config.mcc/src/config/default/peripheral/nvic/plib_nvic.c.o
 .debug_str     0x0000000000003b17      0x6bf CMakeFiles/Deneme_default_default_XC32_compile.dir/Users/furkanozen/Desktop/MPLAB/Deneme/config.mcc/src/config/default/peripheral/nvmctrl/plib_nvmctrl.c.o
 .debug_str     0x00000000000041d6      0xb70 CMakeFiles/Deneme_default_default_XC32_compile.dir/Users/furkanozen/Desktop/MPLAB/Deneme/config.mcc/src/config/default/peripheral/port/plib_port.c.o
 .debug_str     0x0000000000004d46      0x983 CMakeFiles/Deneme_default_default_XC32_compile.dir/Users/furkanozen/Desktop/MPLAB/Deneme/config.mcc/src/config/default/peripheral/sercom/i2c_master/plib_sercom7_i2c_master.c.o
 .debug_str     0x00000000000056c9      0xa8c CMakeFiles/Deneme_default_default_XC32_compile.dir/Users/furkanozen/Desktop/MPLAB/Deneme/config.mcc/src/config/default/peripheral/sercom/usart/plib_sercom0_usart.c.o
 .debug_str     0x0000000000006155      0xa8c CMakeFiles/Deneme_default_default_XC32_compile.dir/Users/furkanozen/Desktop/MPLAB/Deneme/config.mcc/src/config/default/peripheral/sercom/usart/plib_sercom2_usart.c.o
 .debug_str     0x0000000000006be1      0x567 CMakeFiles/Deneme_default_default_XC32_compile.dir/Users/furkanozen/Desktop/MPLAB/Deneme/config.mcc/src/config/default/peripheral/tc/plib_tc0.c.o
 .debug_str     0x0000000000007148      0x353 CMakeFiles/Deneme_default_default_XC32_compile.dir/Users/furkanozen/Desktop/MPLAB/Deneme/config.mcc/src/config/default/peripheral/trng/plib_trng.c.o
 .debug_str     0x000000000000749b      0x457 CMakeFiles/Deneme_default_default_XC32_compile.dir/Users/furkanozen/Desktop/MPLAB/Deneme/config.mcc/src/config/default/startup_xc32.c.o
 .debug_str     0x00000000000078f2      0x4c7 CMakeFiles/Deneme_default_default_XC32_compile.dir/Users/furkanozen/Desktop/MPLAB/Deneme/config.mcc/src/main.c.o
 .debug_str     0x0000000000007db9      0x206 /Applications/microchip/xc32/v4.60/bin/bin/../../lib/gcc/pic32c/8.3.1/../../../../pic32c/lib/thumb/v7e-m+fp/hard/libpic32c.a(data_init.o)
 .debug_str     0x0000000000007fbf      0x22f /Applications/microchip/xc32/v4.60/bin/bin/../../lib/gcc/pic32c/8.3.1/../../../../pic32c/lib/thumb/v7e-m+fp/hard/libc-size-musl.a(memcpy.o)
 .debug_str     0x00000000000081ee      0x21b /Applications/microchip/xc32/v4.60/bin/bin/../../lib/gcc/pic32c/8.3.1/../../../../pic32c/lib/thumb/v7e-m+fp/hard/libc-size-musl.a(memset.o)
 .debug_str     0x0000000000008409      0x3d4 /Applications/microchip/xc32/v4.60/bin/bin/../../lib/gcc/pic32c/8.3.1/../../../../pic32c/lib/thumb/v7e-m+fp/hard/libg-musl.a(__libc_start_main.o)
 .debug_str     0x00000000000087dd      0x33f /Applications/microchip/xc32/v4.60/bin/bin/../../lib/gcc/pic32c/8.3.1/../../../../pic32c/lib/thumb/v7e-m+fp/hard/libg-musl.a(libc.o)
 .debug_str     0x0000000000008b1c      0x2f7 /Applications/microchip/xc32/v4.60/bin/bin/../../lib/gcc/pic32c/8.3.1/../../../../pic32c/lib/thumb/v7e-m+fp/hard/libg-musl.a(__sio_sprintf_nu.o)
 .debug_str     0x0000000000008e13      0x2ff /Applications/microchip/xc32/v4.60/bin/bin/../../lib/gcc/pic32c/8.3.1/../../../../pic32c/lib/thumb/v7e-m+fp/hard/libg-musl.a(__fmt_u.o)
 .debug_str     0x0000000000009112      0x2d5 /Applications/microchip/xc32/v4.60/bin/bin/../../lib/gcc/pic32c/8.3.1/../../../../pic32c/lib/thumb/v7e-m+fp/hard/libg-musl.a(__pop_int.o)
 .debug_str     0x00000000000093e7      0x2d7 /Applications/microchip/xc32/v4.60/bin/bin/../../lib/gcc/pic32c/8.3.1/../../../../pic32c/lib/thumb/v7e-m+fp/hard/libg-musl.a(__pop_ptr.o)
 .debug_str     0x00000000000096be      0x3f1 /Applications/microchip/xc32/v4.60/bin/bin/../../lib/gcc/pic32c/8.3.1/../../../../pic32c/lib/thumb/v7e-m+fp/hard/libg-musl.a(__printf_core.o)
 .debug_str     0x0000000000009aaf      0x226 /Applications/microchip/xc32/v4.60/bin/bin/../../lib/gcc/pic32c/8.3.1/../../../../pic32c/lib/thumb/v7e-m+fp/hard/libg-musl.a(atoi.o)
 .debug_str     0x0000000000009cd5      0x253 /Applications/microchip/xc32/v4.60/bin/bin/../../lib/gcc/pic32c/8.3.1/../../../../pic32c/lib/thumb/v7e-m+fp/hard/libg-musl.a(tolower.o)
 .debug_str     0x0000000000009f28      0x23f /Applications/microchip/xc32/v4.60/bin/bin/../../lib/gcc/pic32c/8.3.1/../../../../pic32c/lib/thumb/v7e-m+fp/hard/libg-musl.a(__environ.o)
 .debug_str     0x000000000000a167      0x233 /Applications/microchip/xc32/v4.60/bin/bin/../../lib/gcc/pic32c/8.3.1/../../../../pic32c/lib/thumb/v7e-m+fp/hard/libg-musl.a(__errno_location.o)
 .debug_str     0x000000000000a39a      0x2b0 /Applications/microchip/xc32/v4.60/bin/bin/../../lib/gcc/pic32c/8.3.1/../../../../pic32c/lib/thumb/v7e-m+fp/hard/libg-musl.a(__int_vsprintf.o)
 .debug_str     0x000000000000a64a      0x2bb /Applications/microchip/xc32/v4.60/bin/bin/../../lib/gcc/pic32c/8.3.1/../../../../pic32c/lib/thumb/v7e-m+fp/hard/libg-musl.a(__cvt_u.o)
 .debug_str     0x000000000000a905      0x2ca /Applications/microchip/xc32/v4.60/bin/bin/../../lib/gcc/pic32c/8.3.1/../../../../pic32c/lib/thumb/v7e-m+fp/hard/libg-musl.a(__pop_float.o)
 .debug_str     0x000000000000abcf      0x2fe /Applications/microchip/xc32/v4.60/bin/bin/../../lib/gcc/pic32c/8.3.1/../../../../pic32c/lib/thumb/v7e-m+fp/hard/libg-musl.a(__int_vsnprintf.o)
 .debug_str     0x000000000000aecd      0x2f3 /Applications/microchip/xc32/v4.60/bin/bin/../../lib/gcc/pic32c/8.3.1/../../../../pic32c/lib/thumb/v7e-m+fp/hard/libg-musl.a(__int_vfprintf.o)
 .debug_str     0x000000000000b1c0       0xd6 /Applications/microchip/xc32/v4.60/bin/bin/../../lib/gcc/pic32c/8.3.1/thumb/v7e-m+fp/hard/libgcc.a(_aeabi_uldivmod.o)
 .debug_str     0x000000000000b296      0x2cd /Applications/microchip/xc32/v4.60/bin/bin/../../lib/gcc/pic32c/8.3.1/thumb/v7e-m+fp/hard/libgcc.a(_udivmoddi4.o)
 .debug_str     0x000000000000b563       0xda /Applications/microchip/xc32/v4.60/bin/bin/../../lib/gcc/pic32c/8.3.1/thumb/v7e-m+fp/hard/libgcc.a(_dvmd_tls.o)
 .debug_str     0x000000000000b63d      0x221 /Applications/microchip/xc32/v4.60/bin/bin/../../lib/gcc/pic32c/8.3.1/../../../../pic32c/lib/thumb/v7e-m+fp/hard/libc-size-musl.a(strlen.o)
 .debug_str     0x000000000000b85e      0x1df /Applications/microchip/xc32/v4.60/bin/bin/../../lib/gcc/pic32c/8.3.1/../../../../pic32c/lib/thumb/v7e-m+fp/hard/libpic32c.a(pic32_data_init_clear.o)
 .debug_str     0x000000000000ba3d      0x1dd /Applications/microchip/xc32/v4.60/bin/bin/../../lib/gcc/pic32c/8.3.1/../../../../pic32c/lib/thumb/v7e-m+fp/hard/libpic32c.a(pic32_data_init_copy.o)

.debug_frame    0x0000000000000000     0x108c
 .debug_frame   0x0000000000000000       0x70 CMakeFiles/Deneme_default_default_XC32_compile.dir/Users/furkanozen/Desktop/MPLAB/Deneme/config.mcc/src/config/default/exceptions.c.o
 .debug_frame   0x0000000000000070       0x28 CMakeFiles/Deneme_default_default_XC32_compile.dir/Users/furkanozen/Desktop/MPLAB/Deneme/config.mcc/src/config/default/initialization.c.o
 .debug_frame   0x0000000000000098       0x20 CMakeFiles/Deneme_default_default_XC32_compile.dir/Users/furkanozen/Desktop/MPLAB/Deneme/config.mcc/src/config/default/interrupts.c.o
 .debug_frame   0x00000000000000b8      0x18c CMakeFiles/Deneme_default_default_XC32_compile.dir/Users/furkanozen/Desktop/MPLAB/Deneme/config.mcc/src/config/default/peripheral/can/plib_can1.c.o
 .debug_frame   0x0000000000000244       0x20 CMakeFiles/Deneme_default_default_XC32_compile.dir/Users/furkanozen/Desktop/MPLAB/Deneme/config.mcc/src/config/default/peripheral/clock/plib_clock.c.o
 .debug_frame   0x0000000000000264       0x20 CMakeFiles/Deneme_default_default_XC32_compile.dir/Users/furkanozen/Desktop/MPLAB/Deneme/config.mcc/src/config/default/peripheral/evsys/plib_evsys.c.o
 .debug_frame   0x0000000000000284       0x88 CMakeFiles/Deneme_default_default_XC32_compile.dir/Users/furkanozen/Desktop/MPLAB/Deneme/config.mcc/src/config/default/peripheral/nvic/plib_nvic.c.o
 .debug_frame   0x000000000000030c      0x1d8 CMakeFiles/Deneme_default_default_XC32_compile.dir/Users/furkanozen/Desktop/MPLAB/Deneme/config.mcc/src/config/default/peripheral/nvmctrl/plib_nvmctrl.c.o
 .debug_frame   0x00000000000004e4       0xd8 CMakeFiles/Deneme_default_default_XC32_compile.dir/Users/furkanozen/Desktop/MPLAB/Deneme/config.mcc/src/config/default/peripheral/port/plib_port.c.o
 .debug_frame   0x00000000000005bc      0x10c CMakeFiles/Deneme_default_default_XC32_compile.dir/Users/furkanozen/Desktop/MPLAB/Deneme/config.mcc/src/config/default/peripheral/sercom/i2c_master/plib_sercom7_i2c_master.c.o
 .debug_frame   0x00000000000006c8      0x1f8 CMakeFiles/Deneme_default_default_XC32_compile.dir/Users/furkanozen/Desktop/MPLAB/Deneme/config.mcc/src/config/default/peripheral/sercom/usart/plib_sercom0_usart.c.o
 .debug_frame   0x00000000000008c0      0x1f8 CMakeFiles/Deneme_default_default_XC32_compile.dir/Users/furkanozen/Desktop/MPLAB/Deneme/config.mcc/src/config/default/peripheral/sercom/usart/plib_sercom2_usart.c.o
 .debug_frame   0x0000000000000ab8       0xb0 CMakeFiles/Deneme_default_default_XC32_compile.dir/Users/furkanozen/Desktop/MPLAB/Deneme/config.mcc/src/config/default/peripheral/tc/plib_tc0.c.o
 .debug_frame   0x0000000000000b68       0x30 CMakeFiles/Deneme_default_default_XC32_compile.dir/Users/furkanozen/Desktop/MPLAB/Deneme/config.mcc/src/config/default/peripheral/trng/plib_trng.c.o
 .debug_frame   0x0000000000000b98       0x38 CMakeFiles/Deneme_default_default_XC32_compile.dir/Users/furkanozen/Desktop/MPLAB/Deneme/config.mcc/src/config/default/startup_xc32.c.o
 .debug_frame   0x0000000000000bd0       0x40 CMakeFiles/Deneme_default_default_XC32_compile.dir/Users/furkanozen/Desktop/MPLAB/Deneme/config.mcc/src/main.c.o
 .debug_frame   0x0000000000000c10       0x4c /Applications/microchip/xc32/v4.60/bin/bin/../../lib/gcc/pic32c/8.3.1/../../../../pic32c/lib/thumb/v7e-m+fp/hard/libpic32c.a(data_init.o)
 .debug_frame   0x0000000000000c5c       0x2c /Applications/microchip/xc32/v4.60/bin/bin/../../lib/gcc/pic32c/8.3.1/../../../../pic32c/lib/thumb/v7e-m+fp/hard/libc-size-musl.a(memcpy.o)
 .debug_frame   0x0000000000000c88       0x20 /Applications/microchip/xc32/v4.60/bin/bin/../../lib/gcc/pic32c/8.3.1/../../../../pic32c/lib/thumb/v7e-m+fp/hard/libc-size-musl.a(memset.o)
 .debug_frame   0x0000000000000ca8       0x3c /Applications/microchip/xc32/v4.60/bin/bin/../../lib/gcc/pic32c/8.3.1/../../../../pic32c/lib/thumb/v7e-m+fp/hard/libg-musl.a(__libc_start_main.o)
 .debug_frame   0x0000000000000ce4       0x58 /Applications/microchip/xc32/v4.60/bin/bin/../../lib/gcc/pic32c/8.3.1/../../../../pic32c/lib/thumb/v7e-m+fp/hard/libg-musl.a(__sio_sprintf_nu.o)
 .debug_frame   0x0000000000000d3c       0x34 /Applications/microchip/xc32/v4.60/bin/bin/../../lib/gcc/pic32c/8.3.1/../../../../pic32c/lib/thumb/v7e-m+fp/hard/libg-musl.a(__fmt_u.o)
 .debug_frame   0x0000000000000d70       0x28 /Applications/microchip/xc32/v4.60/bin/bin/../../lib/gcc/pic32c/8.3.1/../../../../pic32c/lib/thumb/v7e-m+fp/hard/libg-musl.a(__pop_int.o)
 .debug_frame   0x0000000000000d98       0x28 /Applications/microchip/xc32/v4.60/bin/bin/../../lib/gcc/pic32c/8.3.1/../../../../pic32c/lib/thumb/v7e-m+fp/hard/libg-musl.a(__pop_ptr.o)
 .debug_frame   0x0000000000000dc0       0xd0 /Applications/microchip/xc32/v4.60/bin/bin/../../lib/gcc/pic32c/8.3.1/../../../../pic32c/lib/thumb/v7e-m+fp/hard/libg-musl.a(__printf_core.o)
 .debug_frame   0x0000000000000e90       0x28 /Applications/microchip/xc32/v4.60/bin/bin/../../lib/gcc/pic32c/8.3.1/../../../../pic32c/lib/thumb/v7e-m+fp/hard/libg-musl.a(atoi.o)
 .debug_frame   0x0000000000000eb8       0x30 /Applications/microchip/xc32/v4.60/bin/bin/../../lib/gcc/pic32c/8.3.1/../../../../pic32c/lib/thumb/v7e-m+fp/hard/libg-musl.a(tolower.o)
 .debug_frame   0x0000000000000ee8       0x20 /Applications/microchip/xc32/v4.60/bin/bin/../../lib/gcc/pic32c/8.3.1/../../../../pic32c/lib/thumb/v7e-m+fp/hard/libg-musl.a(__int_vsprintf.o)
 .debug_frame   0x0000000000000f08       0x38 /Applications/microchip/xc32/v4.60/bin/bin/../../lib/gcc/pic32c/8.3.1/../../../../pic32c/lib/thumb/v7e-m+fp/hard/libg-musl.a(__cvt_u.o)
 .debug_frame   0x0000000000000f40       0x20 /Applications/microchip/xc32/v4.60/bin/bin/../../lib/gcc/pic32c/8.3.1/../../../../pic32c/lib/thumb/v7e-m+fp/hard/libg-musl.a(__pop_float.o)
 .debug_frame   0x0000000000000f60       0x34 /Applications/microchip/xc32/v4.60/bin/bin/../../lib/gcc/pic32c/8.3.1/../../../../pic32c/lib/thumb/v7e-m+fp/hard/libg-musl.a(__int_vsnprintf.o)
 .debug_frame   0x0000000000000f94       0x2c /Applications/microchip/xc32/v4.60/bin/bin/../../lib/gcc/pic32c/8.3.1/../../../../pic32c/lib/thumb/v7e-m+fp/hard/libg-musl.a(__int_vfprintf.o)
 .debug_frame   0x0000000000000fc0       0x2c /Applications/microchip/xc32/v4.60/bin/bin/../../lib/gcc/pic32c/8.3.1/thumb/v7e-m+fp/hard/libgcc.a(_aeabi_uldivmod.o)
 .debug_frame   0x0000000000000fec       0x38 /Applications/microchip/xc32/v4.60/bin/bin/../../lib/gcc/pic32c/8.3.1/thumb/v7e-m+fp/hard/libgcc.a(_udivmoddi4.o)
 .debug_frame   0x0000000000001024       0x20 /Applications/microchip/xc32/v4.60/bin/bin/../../lib/gcc/pic32c/8.3.1/../../../../pic32c/lib/thumb/v7e-m+fp/hard/libc-size-musl.a(strlen.o)
 .debug_frame   0x0000000000001044       0x20 /Applications/microchip/xc32/v4.60/bin/bin/../../lib/gcc/pic32c/8.3.1/../../../../pic32c/lib/thumb/v7e-m+fp/hard/libpic32c.a(pic32_data_init_clear.o)
 .debug_frame   0x0000000000001064       0x28 /Applications/microchip/xc32/v4.60/bin/bin/../../lib/gcc/pic32c/8.3.1/../../../../pic32c/lib/thumb/v7e-m+fp/hard/libpic32c.a(pic32_data_init_copy.o)

.debug_loc      0x0000000000000000     0x5ed1
 .debug_loc     0x0000000000000000       0x45 CMakeFiles/Deneme_default_default_XC32_compile.dir/Users/furkanozen/Desktop/MPLAB/Deneme/config.mcc/src/config/default/initialization.c.o
 .debug_loc     0x0000000000000045      0xca8 CMakeFiles/Deneme_default_default_XC32_compile.dir/Users/furkanozen/Desktop/MPLAB/Deneme/config.mcc/src/config/default/peripheral/can/plib_can1.c.o
 .debug_loc     0x0000000000000ced      0x4fb CMakeFiles/Deneme_default_default_XC32_compile.dir/Users/furkanozen/Desktop/MPLAB/Deneme/config.mcc/src/config/default/peripheral/nvic/plib_nvic.c.o
 .debug_loc     0x00000000000011e8      0x83e CMakeFiles/Deneme_default_default_XC32_compile.dir/Users/furkanozen/Desktop/MPLAB/Deneme/config.mcc/src/config/default/peripheral/nvmctrl/plib_nvmctrl.c.o
 .debug_loc     0x0000000000001a26      0x23d CMakeFiles/Deneme_default_default_XC32_compile.dir/Users/furkanozen/Desktop/MPLAB/Deneme/config.mcc/src/config/default/peripheral/port/plib_port.c.o
 .debug_loc     0x0000000000001c63      0xece CMakeFiles/Deneme_default_default_XC32_compile.dir/Users/furkanozen/Desktop/MPLAB/Deneme/config.mcc/src/config/default/peripheral/sercom/i2c_master/plib_sercom7_i2c_master.c.o
 .debug_loc     0x0000000000002b31      0x7d8 CMakeFiles/Deneme_default_default_XC32_compile.dir/Users/furkanozen/Desktop/MPLAB/Deneme/config.mcc/src/config/default/peripheral/sercom/usart/plib_sercom0_usart.c.o
 .debug_loc     0x0000000000003309      0x7d8 CMakeFiles/Deneme_default_default_XC32_compile.dir/Users/furkanozen/Desktop/MPLAB/Deneme/config.mcc/src/config/default/peripheral/sercom/usart/plib_sercom2_usart.c.o
 .debug_loc     0x0000000000003ae1       0x48 CMakeFiles/Deneme_default_default_XC32_compile.dir/Users/furkanozen/Desktop/MPLAB/Deneme/config.mcc/src/config/default/peripheral/tc/plib_tc0.c.o
 .debug_loc     0x0000000000003b29       0x4a CMakeFiles/Deneme_default_default_XC32_compile.dir/Users/furkanozen/Desktop/MPLAB/Deneme/config.mcc/src/config/default/startup_xc32.c.o
 .debug_loc     0x0000000000003b73       0x9b CMakeFiles/Deneme_default_default_XC32_compile.dir/Users/furkanozen/Desktop/MPLAB/Deneme/config.mcc/src/main.c.o
 .debug_loc     0x0000000000003c0e       0x14 /Applications/microchip/xc32/v4.60/bin/bin/../../lib/gcc/pic32c/8.3.1/../../../../pic32c/lib/thumb/v7e-m+fp/hard/libpic32c.a(data_init.o)
 .debug_loc     0x0000000000003c22      0x10b /Applications/microchip/xc32/v4.60/bin/bin/../../lib/gcc/pic32c/8.3.1/../../../../pic32c/lib/thumb/v7e-m+fp/hard/libc-size-musl.a(memcpy.o)
 .debug_loc     0x0000000000003d2d       0x7d /Applications/microchip/xc32/v4.60/bin/bin/../../lib/gcc/pic32c/8.3.1/../../../../pic32c/lib/thumb/v7e-m+fp/hard/libc-size-musl.a(memset.o)
 .debug_loc     0x0000000000003daa       0x51 /Applications/microchip/xc32/v4.60/bin/bin/../../lib/gcc/pic32c/8.3.1/../../../../pic32c/lib/thumb/v7e-m+fp/hard/libg-musl.a(__libc_start_main.o)
 .debug_loc     0x0000000000003dfb       0xb6 /Applications/microchip/xc32/v4.60/bin/bin/../../lib/gcc/pic32c/8.3.1/../../../../pic32c/lib/thumb/v7e-m+fp/hard/libg-musl.a(__sio_sprintf_nu.o)
 .debug_loc     0x0000000000003eb1      0x10a /Applications/microchip/xc32/v4.60/bin/bin/../../lib/gcc/pic32c/8.3.1/../../../../pic32c/lib/thumb/v7e-m+fp/hard/libg-musl.a(__fmt_u.o)
 .debug_loc     0x0000000000003fbb      0x2f5 /Applications/microchip/xc32/v4.60/bin/bin/../../lib/gcc/pic32c/8.3.1/../../../../pic32c/lib/thumb/v7e-m+fp/hard/libg-musl.a(__pop_int.o)
 .debug_loc     0x00000000000042b0      0x1db /Applications/microchip/xc32/v4.60/bin/bin/../../lib/gcc/pic32c/8.3.1/../../../../pic32c/lib/thumb/v7e-m+fp/hard/libg-musl.a(__pop_ptr.o)
 .debug_loc     0x000000000000448b      0x5e9 /Applications/microchip/xc32/v4.60/bin/bin/../../lib/gcc/pic32c/8.3.1/../../../../pic32c/lib/thumb/v7e-m+fp/hard/libg-musl.a(__printf_core.o)
 .debug_loc     0x0000000000004a74       0xd8 /Applications/microchip/xc32/v4.60/bin/bin/../../lib/gcc/pic32c/8.3.1/../../../../pic32c/lib/thumb/v7e-m+fp/hard/libg-musl.a(atoi.o)
 .debug_loc     0x0000000000004b4c       0x4a /Applications/microchip/xc32/v4.60/bin/bin/../../lib/gcc/pic32c/8.3.1/../../../../pic32c/lib/thumb/v7e-m+fp/hard/libg-musl.a(tolower.o)
 .debug_loc     0x0000000000004b96       0x6c /Applications/microchip/xc32/v4.60/bin/bin/../../lib/gcc/pic32c/8.3.1/../../../../pic32c/lib/thumb/v7e-m+fp/hard/libg-musl.a(__int_vsprintf.o)
 .debug_loc     0x0000000000004c02      0x197 /Applications/microchip/xc32/v4.60/bin/bin/../../lib/gcc/pic32c/8.3.1/../../../../pic32c/lib/thumb/v7e-m+fp/hard/libg-musl.a(__cvt_u.o)
 .debug_loc     0x0000000000004d99       0xa6 /Applications/microchip/xc32/v4.60/bin/bin/../../lib/gcc/pic32c/8.3.1/../../../../pic32c/lib/thumb/v7e-m+fp/hard/libg-musl.a(__pop_float.o)
 .debug_loc     0x0000000000004e3f       0xfd /Applications/microchip/xc32/v4.60/bin/bin/../../lib/gcc/pic32c/8.3.1/../../../../pic32c/lib/thumb/v7e-m+fp/hard/libg-musl.a(__int_vsnprintf.o)
 .debug_loc     0x0000000000004f3c       0x88 /Applications/microchip/xc32/v4.60/bin/bin/../../lib/gcc/pic32c/8.3.1/../../../../pic32c/lib/thumb/v7e-m+fp/hard/libg-musl.a(__int_vfprintf.o)
 .debug_loc     0x0000000000004fc4      0xe69 /Applications/microchip/xc32/v4.60/bin/bin/../../lib/gcc/pic32c/8.3.1/thumb/v7e-m+fp/hard/libgcc.a(_udivmoddi4.o)
 .debug_loc     0x0000000000005e2d       0x90 /Applications/microchip/xc32/v4.60/bin/bin/../../lib/gcc/pic32c/8.3.1/../../../../pic32c/lib/thumb/v7e-m+fp/hard/libc-size-musl.a(strlen.o)
 .debug_loc     0x0000000000005ebd       0x14 /Applications/microchip/xc32/v4.60/bin/bin/../../lib/gcc/pic32c/8.3.1/../../../../pic32c/lib/thumb/v7e-m+fp/hard/libpic32c.a(pic32_data_init_copy.o)

.note.GNU-stack
                0x0000000000000000        0x0
 .note.GNU-stack
                0x0000000000000000        0x0 /Applications/microchip/xc32/v4.60/bin/bin/../../lib/gcc/pic32c/8.3.1/../../../../pic32c/lib/thumb/v7e-m+fp/hard/libc-size-musl.a(memcpy.o)
 .note.GNU-stack
                0x0000000000000000        0x0 /Applications/microchip/xc32/v4.60/bin/bin/../../lib/gcc/pic32c/8.3.1/../../../../pic32c/lib/thumb/v7e-m+fp/hard/libc-size-musl.a(memset.o)
 .note.GNU-stack
                0x0000000000000000        0x0 /Applications/microchip/xc32/v4.60/bin/bin/../../lib/gcc/pic32c/8.3.1/../../../../pic32c/lib/thumb/v7e-m+fp/hard/libg-musl.a(__libc_start_main.o)
 .note.GNU-stack
                0x0000000000000000        0x0 /Applications/microchip/xc32/v4.60/bin/bin/../../lib/gcc/pic32c/8.3.1/../../../../pic32c/lib/thumb/v7e-m+fp/hard/libg-musl.a(libc.o)
 .note.GNU-stack
                0x0000000000000000        0x0 /Applications/microchip/xc32/v4.60/bin/bin/../../lib/gcc/pic32c/8.3.1/../../../../pic32c/lib/thumb/v7e-m+fp/hard/libg-musl.a(__sio_sprintf_nu.o)
 .note.GNU-stack
                0x0000000000000000        0x0 /Applications/microchip/xc32/v4.60/bin/bin/../../lib/gcc/pic32c/8.3.1/../../../../pic32c/lib/thumb/v7e-m+fp/hard/libg-musl.a(__fmt_u.o)
 .note.GNU-stack
                0x0000000000000000        0x0 /Applications/microchip/xc32/v4.60/bin/bin/../../lib/gcc/pic32c/8.3.1/../../../../pic32c/lib/thumb/v7e-m+fp/hard/libg-musl.a(__pop_int.o)
 .note.GNU-stack
                0x0000000000000000        0x0 /Applications/microchip/xc32/v4.60/bin/bin/../../lib/gcc/pic32c/8.3.1/../../../../pic32c/lib/thumb/v7e-m+fp/hard/libg-musl.a(__pop_ptr.o)
 .note.GNU-stack
                0x0000000000000000        0x0 /Applications/microchip/xc32/v4.60/bin/bin/../../lib/gcc/pic32c/8.3.1/../../../../pic32c/lib/thumb/v7e-m+fp/hard/libg-musl.a(__printf_core.o)
 .note.GNU-stack
                0x0000000000000000        0x0 /Applications/microchip/xc32/v4.60/bin/bin/../../lib/gcc/pic32c/8.3.1/../../../../pic32c/lib/thumb/v7e-m+fp/hard/libg-musl.a(atoi.o)
 .note.GNU-stack
                0x0000000000000000        0x0 /Applications/microchip/xc32/v4.60/bin/bin/../../lib/gcc/pic32c/8.3.1/../../../../pic32c/lib/thumb/v7e-m+fp/hard/libg-musl.a(tolower.o)
 .note.GNU-stack
                0x0000000000000000        0x0 /Applications/microchip/xc32/v4.60/bin/bin/../../lib/gcc/pic32c/8.3.1/../../../../pic32c/lib/thumb/v7e-m+fp/hard/libg-musl.a(__environ.o)
 .note.GNU-stack
                0x0000000000000000        0x0 /Applications/microchip/xc32/v4.60/bin/bin/../../lib/gcc/pic32c/8.3.1/../../../../pic32c/lib/thumb/v7e-m+fp/hard/libg-musl.a(__errno_location.o)
 .note.GNU-stack
                0x0000000000000000        0x0 /Applications/microchip/xc32/v4.60/bin/bin/../../lib/gcc/pic32c/8.3.1/../../../../pic32c/lib/thumb/v7e-m+fp/hard/libg-musl.a(__int_vsprintf.o)
 .note.GNU-stack
                0x0000000000000000        0x0 /Applications/microchip/xc32/v4.60/bin/bin/../../lib/gcc/pic32c/8.3.1/../../../../pic32c/lib/thumb/v7e-m+fp/hard/libg-musl.a(__cvt_u.o)
 .note.GNU-stack
                0x0000000000000000        0x0 /Applications/microchip/xc32/v4.60/bin/bin/../../lib/gcc/pic32c/8.3.1/../../../../pic32c/lib/thumb/v7e-m+fp/hard/libg-musl.a(__pop_float.o)
 .note.GNU-stack
                0x0000000000000000        0x0 /Applications/microchip/xc32/v4.60/bin/bin/../../lib/gcc/pic32c/8.3.1/../../../../pic32c/lib/thumb/v7e-m+fp/hard/libg-musl.a(__int_vsnprintf.o)
 .note.GNU-stack
                0x0000000000000000        0x0 /Applications/microchip/xc32/v4.60/bin/bin/../../lib/gcc/pic32c/8.3.1/../../../../pic32c/lib/thumb/v7e-m+fp/hard/libg-musl.a(__int_vfprintf.o)
 .note.GNU-stack
                0x0000000000000000        0x0 /Applications/microchip/xc32/v4.60/bin/bin/../../lib/gcc/pic32c/8.3.1/../../../../pic32c/lib/thumb/v7e-m+fp/hard/libc-size-musl.a(strlen.o)

.stack          0x00000000200004a8      0x100
 .stack         0x00000000200004a8      0x100 stack

.bss.can1RxMsg%1
                0x0000000020000000      0x140
 .bss.can1RxMsg
                0x0000000020000000      0x140 CMakeFiles/Deneme_default_default_XC32_compile.dir/Users/furkanozen/Desktop/MPLAB/Deneme/config.mcc/src/config/default/peripheral/can/plib_can1.c.o

.bss%2          0x0000000020000140       0x50
 .bss           0x0000000020000140       0x50 /Applications/microchip/xc32/v4.60/bin/bin/../../lib/gcc/pic32c/8.3.1/../../../../pic32c/lib/thumb/v7e-m+fp/hard/libg-musl.a(libc.o)
                0x0000000020000140                program_invocation_name
                0x0000000020000140                __progname_full
                0x0000000020000144                __progname
                0x0000000020000144                program_invocation_short_name
                0x0000000020000148                __sysinfo
                0x000000002000014c                __hwcap
                0x0000000020000150                __libc

.bss.sercom0USARTObj%3
                0x0000000020000190       0x30
 .bss.sercom0USARTObj
                0x0000000020000190       0x30 CMakeFiles/Deneme_default_default_XC32_compile.dir/Users/furkanozen/Desktop/MPLAB/Deneme/config.mcc/src/config/default/peripheral/sercom/usart/plib_sercom0_usart.c.o

.bss.sercom2USARTObj%4
                0x00000000200001c0       0x30
 .bss.sercom2USARTObj
                0x00000000200001c0       0x30 CMakeFiles/Deneme_default_default_XC32_compile.dir/Users/furkanozen/Desktop/MPLAB/Deneme/config.mcc/src/config/default/peripheral/sercom/usart/plib_sercom2_usart.c.o

.bss.sercom7I2CObj%5
                0x00000000200001f0       0x2c
 .bss.sercom7I2CObj
                0x00000000200001f0       0x2c CMakeFiles/Deneme_default_default_XC32_compile.dir/Users/furkanozen/Desktop/MPLAB/Deneme/config.mcc/src/config/default/peripheral/sercom/i2c_master/plib_sercom7_i2c_master.c.o

.bss.can1Obj%6  0x000000002000021c       0x28
 .bss.can1Obj   0x000000002000021c       0x28 CMakeFiles/Deneme_default_default_XC32_compile.dir/Users/furkanozen/Desktop/MPLAB/Deneme/config.mcc/src/config/default/peripheral/can/plib_can1.c.o

.bss.can1CallbackObj%7
                0x0000000020000244       0x20
 .bss.can1CallbackObj
                0x0000000020000244       0x20 CMakeFiles/Deneme_default_default_XC32_compile.dir/Users/furkanozen/Desktop/MPLAB/Deneme/config.mcc/src/config/default/peripheral/can/plib_can1.c.o

.bss%8          0x0000000020000264       0x1c
 .bss           0x0000000020000264       0x1c /Applications/microchip/xc32/v4.60/bin/bin/../../lib/gcc/pic32c/8.3.1/thumb/v7e-m+fp/hard/crtbegin.o

.bss%9          0x0000000020000280        0x4
 .bss           0x0000000020000280        0x4 /Applications/microchip/xc32/v4.60/bin/bin/../../lib/gcc/pic32c/8.3.1/../../../../pic32c/lib/thumb/v7e-m+fp/hard/libpic32c.a(data_init.o)

.bss%10         0x0000000020000284        0x4
 .bss           0x0000000020000284        0x4 /Applications/microchip/xc32/v4.60/bin/bin/../../lib/gcc/pic32c/8.3.1/../../../../pic32c/lib/thumb/v7e-m+fp/hard/libg-musl.a(__environ.o)
                0x0000000020000284                _environ
                0x0000000020000284                __environ
                0x0000000020000284                environ
                0x0000000020000284                ___environ

.bss%11         0x0000000020000288        0x4
 .bss           0x0000000020000288        0x4 /Applications/microchip/xc32/v4.60/bin/bin/../../lib/gcc/pic32c/8.3.1/../../../../pic32c/lib/thumb/v7e-m+fp/hard/libg-musl.a(__errno_location.o)
                0x0000000020000288                __errno_val

.eh_frame%z1    0x0000000000000000        0x0
 .eh_frame      0x0000000000000000        0x0 /Applications/microchip/xc32/v4.60/bin/bin/../../lib/gcc/pic32c/8.3.1/thumb/v7e-m+fp/hard/crtbegin.o

.config_00804000.__config_00804000%12
                0x0000000000804000        0x4
 .config_00804000.__config_00804000
                0x0000000000804000        0x4 CMakeFiles/Deneme_default_default_XC32_compile.dir/Users/furkanozen/Desktop/MPLAB/Deneme/config.mcc/src/config/default/initialization.c.o
                0x0000000000804000                __config_00804000

.config_00804004.__config_00804004%13
                0x0000000000804004        0x4
 .config_00804004.__config_00804004
                0x0000000000804004        0x4 CMakeFiles/Deneme_default_default_XC32_compile.dir/Users/furkanozen/Desktop/MPLAB/Deneme/config.mcc/src/config/default/initialization.c.o
                0x0000000000804004                __config_00804004

.config_00804008.__config_00804008%14
                0x0000000000804008        0x4
 .config_00804008.__config_00804008
                0x0000000000804008        0x4 CMakeFiles/Deneme_default_default_XC32_compile.dir/Users/furkanozen/Desktop/MPLAB/Deneme/config.mcc/src/config/default/initialization.c.o
                0x0000000000804008                __config_00804008

.text.__printf_core%15
                0x000000000000028c      0x308
 .text.__printf_core
                0x000000000000028c      0x308 /Applications/microchip/xc32/v4.60/bin/bin/../../lib/gcc/pic32c/8.3.1/../../../../pic32c/lib/thumb/v7e-m+fp/hard/libg-musl.a(__printf_core.o)
                0x000000000000028c                __printf_core
