Archive member included to satisfy reference by file (symbol)

c:/Program Files/Microchip/xc32/v5.10/bin/bin/../../lib/gcc/pic32c/13.2.1/../../../../pic32c/lib/thumb/v7e-m+fp/hard\libpic32c.a(data_init.o)
                              CMakeFiles/Deneme_default_default_XC32_compile.dir/D_/Tez/MPLAB-CANBus/config.mcc/src/config/default/startup_xc32.c.o (__pic32c_data_initialization)
c:/Program Files/Microchip/xc32/v5.10/bin/bin/../../lib/gcc/pic32c/13.2.1/../../../../pic32c/lib/thumb/v7e-m+fp/hard\libc-size-musl.a(memcpy.o)
                              CMakeFiles/Deneme_default_default_XC32_compile.dir/D_/Tez/MPLAB-CANBus/config.mcc/src/config/default/peripheral/can/plib_can1.c.o (memcpy)
c:/Program Files/Microchip/xc32/v5.10/bin/bin/../../lib/gcc/pic32c/13.2.1/../../../../pic32c/lib/thumb/v7e-m+fp/hard\libc-size-musl.a(memset.o)
                              CMakeFiles/Deneme_default_default_XC32_compile.dir/D_/Tez/MPLAB-CANBus/config.mcc/src/config/default/peripheral/can/plib_can1.c.o (memset)
c:/Program Files/Microchip/xc32/v5.10/bin/bin/../../lib/gcc/pic32c/13.2.1/../../../../pic32c/lib/thumb/v7e-m+fp/hard\libg-musl.a(__libc_start_main.o)
                              CMakeFiles/Deneme_default_default_XC32_compile.dir/D_/Tez/MPLAB-CANBus/config.mcc/src/config/default/startup_xc32.c.o (__libc_init_array)
c:/Program Files/Microchip/xc32/v5.10/bin/bin/../../lib/gcc/pic32c/13.2.1/../../../../pic32c/lib/thumb/v7e-m+fp/hard\libg-musl.a(libc.o)
                              c:/Program Files/Microchip/xc32/v5.10/bin/bin/../../lib/gcc/pic32c/13.2.1/../../../../pic32c/lib/thumb/v7e-m+fp/hard\libg-musl.a(__libc_start_main.o) (__progname_full)
c:/Program Files/Microchip/xc32/v5.10/bin/bin/../../lib/gcc/pic32c/13.2.1/../../../../pic32c/lib/thumb/v7e-m+fp/hard\libg-musl.a(__sio_sprintf_nu.o)
                              (_sprintf_nu)
c:/Program Files/Microchip/xc32/v5.10/bin/bin/../../lib/gcc/pic32c/13.2.1/../../../../pic32c/lib/thumb/v7e-m+fp/hard\libg-musl.a(__fmt_u.o)
                              c:/Program Files/Microchip/xc32/v5.10/bin/bin/../../lib/gcc/pic32c/13.2.1/../../../../pic32c/lib/thumb/v7e-m+fp/hard\libg-musl.a(__sio_sprintf_nu.o) (__fmt_u_needed)
c:/Program Files/Microchip/xc32/v5.10/bin/bin/../../lib/gcc/pic32c/13.2.1/../../../../pic32c/lib/thumb/v7e-m+fp/hard\libg-musl.a(__pop_int.o)
                              c:/Program Files/Microchip/xc32/v5.10/bin/bin/../../lib/gcc/pic32c/13.2.1/../../../../pic32c/lib/thumb/v7e-m+fp/hard\libg-musl.a(__sio_sprintf_nu.o) (__pop_int_needed)
c:/Program Files/Microchip/xc32/v5.10/bin/bin/../../lib/gcc/pic32c/13.2.1/../../../../pic32c/lib/thumb/v7e-m+fp/hard\libg-musl.a(__pop_ptr.o)
                              c:/Program Files/Microchip/xc32/v5.10/bin/bin/../../lib/gcc/pic32c/13.2.1/../../../../pic32c/lib/thumb/v7e-m+fp/hard\libg-musl.a(__sio_sprintf_nu.o) (__pop_ptr_needed)
c:/Program Files/Microchip/xc32/v5.10/bin/bin/../../lib/gcc/pic32c/13.2.1/../../../../pic32c/lib/thumb/v7e-m+fp/hard\libg-musl.a(__printf_core.o)
                              c:/Program Files/Microchip/xc32/v5.10/bin/bin/../../lib/gcc/pic32c/13.2.1/../../../../pic32c/lib/thumb/v7e-m+fp/hard\libg-musl.a(__fmt_u.o) (__pad)
c:/Program Files/Microchip/xc32/v5.10/bin/bin/../../lib/gcc/pic32c/13.2.1/../../../../pic32c/lib/thumb/v7e-m+fp/hard\libg-musl.a(atoi.o)
                              c:/Program Files/Microchip/xc32/v5.10/bin/bin/../../lib/gcc/pic32c/13.2.1/../../../../pic32c/lib/thumb/v7e-m+fp/hard\libg-musl.a(__printf_core.o) (atoi)
c:/Program Files/Microchip/xc32/v5.10/bin/bin/../../lib/gcc/pic32c/13.2.1/../../../../pic32c/lib/thumb/v7e-m+fp/hard\libg-musl.a(tolower.o)
                              c:/Program Files/Microchip/xc32/v5.10/bin/bin/../../lib/gcc/pic32c/13.2.1/../../../../pic32c/lib/thumb/v7e-m+fp/hard\libg-musl.a(__printf_core.o) (tolower)
c:/Program Files/Microchip/xc32/v5.10/bin/bin/../../lib/gcc/pic32c/13.2.1/../../../../pic32c/lib/thumb/v7e-m+fp/hard\libg-musl.a(__environ.o)
                              c:/Program Files/Microchip/xc32/v5.10/bin/bin/../../lib/gcc/pic32c/13.2.1/../../../../pic32c/lib/thumb/v7e-m+fp/hard\libg-musl.a(__libc_start_main.o) (__environ)
c:/Program Files/Microchip/xc32/v5.10/bin/bin/../../lib/gcc/pic32c/13.2.1/../../../../pic32c/lib/thumb/v7e-m+fp/hard\libg-musl.a(__errno_location.o)
                              c:/Program Files/Microchip/xc32/v5.10/bin/bin/../../lib/gcc/pic32c/13.2.1/../../../../pic32c/lib/thumb/v7e-m+fp/hard\libg-musl.a(__printf_core.o) (__errno_val)
c:/Program Files/Microchip/xc32/v5.10/bin/bin/../../lib/gcc/pic32c/13.2.1/../../../../pic32c/lib/thumb/v7e-m+fp/hard\libg-musl.a(__int_vsprintf.o)
                              c:/Program Files/Microchip/xc32/v5.10/bin/bin/../../lib/gcc/pic32c/13.2.1/../../../../pic32c/lib/thumb/v7e-m+fp/hard\libg-musl.a(__sio_sprintf_nu.o) (__vsprintf)
c:/Program Files/Microchip/xc32/v5.10/bin/bin/../../lib/gcc/pic32c/13.2.1/../../../../pic32c/lib/thumb/v7e-m+fp/hard\libg-musl.a(__cvt_u.o)
[...]
Memory Configuration

Name             Origin             Length             Attributes
rom              0x00000000         0x00100000         xrl
ram              0x20000000         0x00040000         xw!r
tcm              0x03000000         0x00000000         xw
bkupram          0x47000000         0x00002000
config_00804000  0x00804000         0x00000004
config_00804004  0x00804004         0x00000004
config_00804008  0x00804008         0x00000004
*default*        0x00000000         0xffffffff

Linker script and memory map

LOAD c:/Program Files/Microchip/xc32/v5.10/bin/bin/../../lib/gcc/pic32c/13.2.1/thumb/v7e-m+fp/hard/crti.o
LOAD c:/Program Files/Microchip/xc32/v5.10/bin/bin/../../lib/gcc/pic32c/13.2.1/thumb/v7e-m+fp/hard/crtbegin.o
                0x00000001                        __MPLAB_BUILD = 0x1
                0x00100000                        __rom_end = (ORIGIN (rom) + LENGTH (rom))
                0x20040000                        __ram_end = (ORIGIN (ram) + LENGTH (ram))

.config_00804000
                0x00804000        0x4
 *(.config_00804000)
 .config_00804000
                0x00804000        0x4 CMakeFiles/Deneme_default_default_XC32_compile.dir/D_/Tez/MPLAB-CANBus/config.mcc/src/config/default/initialization.c.o
                0x00804000                __config_00804000

.config_00804004
                0x00804004        0x4
 *(.config_00804004)
 .config_00804004
                0x00804004        0x4 CMakeFiles/Deneme_default_default_XC32_compile.dir/D_/Tez/MPLAB-CANBus/config.mcc/src/config/default/initialization.c.o
                0x00804004                __config_00804004

.config_00804008
                0x00804008        0x4
 *(.config_00804008)
 .config_00804008
                0x00804008        0x4 CMakeFiles/Deneme_default_default_XC32_compile.dir/D_/Tez/MPLAB-CANBus/config.mcc/src/config/default/initialization.c.o
                0x00804008                __config_00804008

.vectors        0x00000000      0x264
                0x00000000                        . = ALIGN (0x4)
                0x00000000                        _sfixed = .
 *(.vectors .vectors.* .vectors_default .vectors_default.*)
 .vectors       0x00000000      0x264 CMakeFiles/Deneme_default_default_XC32_compile.dir/D_/Tez/MPLAB-CANBus/config.mcc/src/config/default/interrupts.c.o
                0x00000000                exception_table
 *(.isr_vector)
 *(.reset*)
 *(.after_vectors)

.text           0x00000264       0x20
                0x00000264                        . = ALIGN (0x4)
 *(.glue_7t)
 .glue_7t       0x00000264        0x0 linker stubs
 *(.glue_7)
 .glue_7        0x00000264        0x0 linker stubs
 *(.gnu.linkonce.r.*)
 *(.ARM.extab* .gnu.linkonce.armextab.*)
                0x00000264                        . = ALIGN (0x4)
 *(.init)
 .init          0x00000264        0x4 c:/Program Files/Microchip/xc32/v5.10/bin/bin/../../lib/gcc/pic32c/13.2.1/thumb/v7e-m+fp/hard/crti.o
                0x00000264                _init
 .init          0x00000268        0x8 c:/Program Files/Microchip/xc32/v5.10/bin/bin/../../lib/gcc/pic32c/13.2.1/thumb/v7e-m+fp/hard/crtn.o
                0x00000270                        . = ALIGN (0x4)
                0x00000270                        __preinit_array_start = .
 *(.preinit_array)
                0x00000270                        __preinit_array_end = .
                0x00000270                        . = ALIGN (0x4)
                0x00000270                        __init_array_start = .
 *(SORT_BY_NAME(.init_array.*))
 *(.init_array)
 .init_array    0x00000270        0x4 c:/Program Files/Microchip/xc32/v5.10/bin/bin/../../lib/gcc/pic32c/13.2.1/thumb/v7e-m+fp/hard/crtbegin.o
                0x00000274                        __init_array_end = .
                0x00000274                        . = ALIGN (0x4)
 *crtbegin.o(.ctors)
 *(EXCLUDE_FILE(*crtend.o) .ctors)
 *(SORT_BY_NAME(.ctors.*))
 *crtend.o(.ctors)
                0x00000274                        . = ALIGN (0x4)
 *(.fini)
 .fini          0x00000274        0x4 c:/Program Files/Microchip/xc32/v5.10/bin/bin/../../lib/gcc/pic32c/13.2.1/thumb/v7e-m+fp/hard/crti.o
                0x00000274                _fini
 .fini          0x00000278        0x8 c:/Program Files/Microchip/xc32/v5.10/bin/bin/../../lib/gcc/pic32c/13.2.1/thumb/v7e-m+fp/hard/crtn.o
                0x00000280                        . = ALIGN (0x4)
                0x00000280                        __fini_array_start = .
 *(.fini_array)
 .fini_array    0x00000280        0x4 c:/Program Files/Microchip/xc32/v5.10/bin/bin/../../lib/gcc/pic32c/13.2.1/thumb/v7e-m+fp/hard/crtbegin.o
 *(SORT_BY_NAME(.fini_array.*))
                0x00000284                        __fini_array_end = .
 *crtbegin.o(.dtors)
 *(EXCLUDE_FILE(*crtend.o) .dtors)
 *(SORT_BY_NAME(.dtors.*))
 *crtend.o(.dtors)
                0x00000284                        . = ALIGN (0x4)
                0x00000284                        _efixed = .
                [!provide]                        PROVIDE (__exidx_start = .)

.ARM.exidx      0x00000284        0x8
 *(.ARM.exidx* .gnu.linkonce.armexidx.*)
 .ARM.exidx     0x00000284        0x8 c:/Program Files/Microchip/xc32/v5.10/bin/bin/../../lib/gcc/pic32c/13.2.1/thumb/v7e-m+fp/hard\libgcc.a(_udivmoddi4.o)
                [!provide]                        PROVIDE (__exidx_end = .)
                0x0000028c                        . = ALIGN (0x4)
                0x0000028c                        _etext = .

.bss            0x20000000        0x0
                0x20000000                        . = ALIGN (0x4)
                0x20000000                        __bss_start__ = .
                0x20000000                        _sbss = .
                0x20000000                        _szero = .
 *(COMMON)
                0x20000000                        . = ALIGN (0x4)
                0x20000000                        __bss_end__ = .
                0x20000000                        _ebss = .
                0x20000000                        _ezero = .
                0x20000000                        . = ALIGN (0x4)
                0x20000000                        _end = .
                0x2003ffff                        _ram_end_ = ((ORIGIN (ram) + LENGTH (ram)) - 0x1)

.bkupram_bss
 *(.bkupram_bss .bkupram_bss.*)
 *(.pbss .pbss.*)
                0x00000200                        _min_heap_size = 0x200
LOAD CMakeFiles/Deneme_default_default_XC32_compile.dir/D_/Tez/MPLAB-CANBus/config.mcc/src/config/default/exceptions.c.o
LOAD CMakeFiles/Deneme_default_default_XC32_compile.dir/D_/Tez/MPLAB-CANBus/config.mcc/src/config/default/initialization.c.o
LOAD CMakeFiles/Deneme_default_default_XC32_compile.dir/D_/Tez/MPLAB-CANBus/config.mcc/src/config/default/interrupts.c.o
LOAD CMakeFiles/Deneme_default_default_XC32_compile.dir/D_/Tez/MPLAB-CANBus/config.mcc/src/config/default/libc_syscalls.c.o
LOAD CMakeFiles/Deneme_default_default_XC32_compile.dir/D_/Tez/MPLAB-CANBus/config.mcc/src/config/default/peripheral/can/plib_can1.c.o
LOAD CMakeFiles/Deneme_default_default_XC32_compile.dir/D_/Tez/MPLAB-CANBus/config.mcc/src/config/default/peripheral/clock/plib_clock.c.o
LOAD CMakeFiles/Deneme_default_default_XC32_compile.dir/D_/Tez/MPLAB-CANBus/config.mcc/src/config/default/peripheral/cmcc/plib_cmcc.c.o
LOAD CMakeFiles/Deneme_default_default_XC32_compile.dir/D_/Tez/MPLAB-CANBus/config.mcc/src/config/default/peripheral/evsys/plib_evsys.c.o
LOAD CMakeFiles/Deneme_default_default_XC32_compile.dir/D_/Tez/MPLAB-CANBus/config.mcc/src/config/default/peripheral/nvic/plib_nvic.c.o
LOAD CMakeFiles/Deneme_default_default_XC32_compile.dir/D_/Tez/MPLAB-CANBus/config.mcc/src/config/default/peripheral/nvmctrl/plib_nvmctrl.c.o
LOAD CMakeFiles/Deneme_default_default_XC32_compile.dir/D_/Tez/MPLAB-CANBus/config.mcc/src/config/default/peripheral/port/plib_port.c.o
LOAD CMakeFiles/Deneme_default_default_XC32_compile.dir/D_/Tez/MPLAB-CANBus/config.mcc/src/config/default/peripheral/sercom/i2c_master/plib_sercom7_i2c_master.c.o
LOAD CMakeFiles/Deneme_default_default_XC32_compile.dir/D_/Tez/MPLAB-CANBus/config.mcc/src/config/default/peripheral/sercom/usart/plib_sercom0_usart.c.o
LOAD CMakeFiles/Deneme_default_default_XC32_compile.dir/D_/Tez/MPLAB-CANBus/config.mcc/src/config/default/peripheral/sercom/usart/plib_sercom2_usart.c.o
LOAD CMakeFiles/Deneme_default_default_XC32_compile.dir/D_/Tez/MPLAB-CANBus/config.mcc/src/config/default/peripheral/tc/plib_tc0.c.o
LOAD CMakeFiles/Deneme_default_default_XC32_compile.dir/D_/Tez/MPLAB-CANBus/config.mcc/src/config/default/peripheral/trng/plib_trng.c.o
LOAD CMakeFiles/Deneme_default_default_XC32_compile.dir/D_/Tez/MPLAB-CANBus/config.mcc/src/config/default/startup_xc32.c.o
LOAD CMakeFiles/Deneme_default_default_XC32_compile.dir/D_/Tez/MPLAB-CANBus/config.mcc/src/config/default/stdio/xc32_monitor.c.o
LOAD CMakeFiles/Deneme_default_default_XC32_compile.dir/D_/Tez/MPLAB-CANBus/config.mcc/src/main.c.o
START GROUP
LOAD c:/Program Files/Microchip/xc32/v5.10/bin/bin/../../lib/gcc/pic32c/13.2.1/../../../../pic32c/lib/thumb/v7e-m+fp/hard\libpic32c.a
LOAD c:/Program Files/Microchip/xc32/v5.10/bin/bin/../../lib/gcc/pic32c/13.2.1/../../../../pic32c/lib/thumb/v7e-m+fp/hard\libc-size-musl.a
LOAD c:/Program Files/Microchip/xc32/v5.10/bin/bin/../../lib/gcc/pic32c/13.2.1/../../../../pic32c/lib/thumb/v7e-m+fp/hard\liblmalloc-musl.a
LOAD c:/Program Files/Microchip/xc32/v5.10/bin/bin/../../lib/gcc/pic32c/13.2.1/../../../../pic32c/lib/thumb/v7e-m+fp/hard\libg-musl.a
LOAD c:/Program Files/Microchip/xc32/v5.10/bin/bin/../../lib/gcc/pic32c/13.2.1/../../../../pic32c/lib/thumb/v7e-m+fp/hard\libc-musl.a
LOAD c:/Program Files/Microchip/xc32/v5.10/bin/bin/../../lib/gcc/pic32c/13.2.1/../../../../pic32c/lib/thumb/v7e-m+fp/hard\libm-fast-emfloat.a
LOAD c:/Program Files/Microchip/xc32/v5.10/bin/bin/../../lib/gcc/pic32c/13.2.1/../../../../pic32c/lib/thumb/v7e-m+fp/hard\libm-musl.a
END GROUP
LOAD c:/Program Files/Microchip/xc32/v5.10/bin/bin/../../lib/gcc/pic32c/13.2.1/thumb/v7e-m+fp/hard\libgcc.a
LOAD c:/Program Files/Microchip/xc32/v5.10/bin/bin/../../lib/gcc/pic32c/13.2.1/thumb/v7e-m+fp/hard/crtend.o
LOAD c:/Program Files/Microchip/xc32/v5.10/bin/bin/../../lib/gcc/pic32c/13.2.1/thumb/v7e-m+fp/hard/crtn.o
OUTPUT(D:\Tez\MPLAB-CANBus\out\Deneme\default.elf elf32-littlearm)
LOAD linker stubs
LOAD data_init

.note           0x00000000      0x510
 .note          0x00000000       0x18 c:/Program Files/Microchip/xc32/v5.10/bin/bin/../../lib/gcc/pic32c/13.2.1/thumb/v7e-m+fp/hard/crti.o
 .note          0x00000018       0x18 c:/Program Files/Microchip/xc32/v5.10/bin/bin/../../lib/gcc/pic32c/13.2.1/thumb/v7e-m+fp/hard/crtbegin.o
 .note          0x00000030       0x18 CMakeFiles/Deneme_default_default_XC32_compile.dir/D_/Tez/MPLAB-CANBus/config.mcc/src/config/default/exceptions.c.o
 .note          0x00000048       0xa8 CMakeFiles/Deneme_default_default_XC32_compile.dir/D_/Tez/MPLAB-CANBus/config.mcc/src/config/default/initialization.c.o
 .note          0x000000f0       0x18 CMakeFiles/Deneme_default_default_XC32_compile.dir/D_/Tez/MPLAB-CANBus/config.mcc/src/config/default/interrupts.c.o
 .note          0x00000108       0x18 CMakeFiles/Deneme_default_default_XC32_compile.dir/D_/Tez/MPLAB-CANBus/config.mcc/src/config/default/libc_syscalls.c.o
 .note          0x00000120       0x18 CMakeFiles/Deneme_default_default_XC32_compile.dir/D_/Tez/MPLAB-CANBus/config.mcc/src/config/default/peripheral/can/plib_can1.c.o
 .note          0x00000138       0x18 CMakeFiles/Deneme_default_default_XC32_compile.dir/D_/Tez/MPLAB-CANBus/config.mcc/src/config/default/peripheral/clock/plib_clock.c.o
 .note          0x00000150       0x18 CMakeFiles/Deneme_default_default_XC32_compile.dir/D_/Tez/MPLAB-CANBus/config.mcc/src/config/default/peripheral/cmcc/plib_cmcc.c.o
 .note          0x00000168       0x18 CMakeFiles/Deneme_default_default_XC32_compile.dir/D_/Tez/MPLAB-CANBus/config.mcc/src/config/default/peripheral/evsys/plib_evsys.c.o
 .note          0x00000180       0x18 CMakeFiles/Deneme_default_default_XC32_compile.dir/D_/Tez/MPLAB-CANBus/config.mcc/src/config/default/peripheral/nvic/plib_nvic.c.o
 .note          0x00000198       0x18 CMakeFiles/Deneme_default_default_XC32_compile.dir/D_/Tez/MPLAB-CANBus/config.mcc/src/config/default/peripheral/nvmctrl/plib_nvmctrl.c.o
 .note          0x000001b0       0x18 CMakeFiles/Deneme_default_default_XC32_compile.dir/D_/Tez/MPLAB-CANBus/config.mcc/src/config/default/peripheral/port/plib_port.c.o
 .note          0x000001c8       0x18 CMakeFiles/Deneme_default_default_XC32_compile.dir/D_/Tez/MPLAB-CANBus/config.mcc/src/config/default/peripheral/sercom/i2c_master/plib_sercom7_i2c_master.c.o
 .note          0x000001e0       0x18 CMakeFiles/Deneme_default_default_XC32_compile.dir/D_/Tez/MPLAB-CANBus/config.mcc/src/config/default/peripheral/sercom/usart/plib_sercom0_usart.c.o
 .note          0x000001f8       0x18 CMakeFiles/Deneme_default_default_XC32_compile.dir/D_/Tez/MPLAB-CANBus/config.mcc/src/config/default/peripheral/sercom/usart/plib_sercom2_usart.c.o
 .note          0x00000210       0x18 CMakeFiles/Deneme_default_default_XC32_compile.dir/D_/Tez/MPLAB-CANBus/config.mcc/src/config/default/peripheral/tc/plib_tc0.c.o
 .note          0x00000228       0x18 CMakeFiles/Deneme_default_default_XC32_compile.dir/D_/Tez/MPLAB-CANBus/config.mcc/src/config/default/peripheral/trng/plib_trng.c.o
 .note          0x00000240       0x18 CMakeFiles/Deneme_default_default_XC32_compile.dir/D_/Tez/MPLAB-CANBus/config.mcc/src/config/default/startup_xc32.c.o
 .note          0x00000258       0x18 CMakeFiles/Deneme_default_default_XC32_compile.dir/D_/Tez/MPLAB-CANBus/config.mcc/src/config/default/stdio/xc32_monitor.c.o
 .note          0x00000270       0x18 CMakeFiles/Deneme_default_default_XC32_compile.dir/D_/Tez/MPLAB-CANBus/config.mcc/src/main.c.o
 .note          0x00000288       0x18 c:/Program Files/Microchip/xc32/v5.10/bin/bin/../../lib/gcc/pic32c/13.2.1/../../../../pic32c/lib/thumb/v7e-m+fp/hard\libpic32c.a(data_init.o)
 .note          0x000002a0       0x18 c:/Program Files/Microchip/xc32/v5.10/bin/bin/../../lib/gcc/pic32c/13.2.1/../../../../pic32c/lib/thumb/v7e-m+fp/hard\libc-size-musl.a(memcpy.o)
 .note          0x000002b8       0x18 c:/Program Files/Microchip/xc32/v5.10/bin/bin/../../lib/gcc/pic32c/13.2.1/../../../../pic32c/lib/thumb/v7e-m+fp/hard\libc-size-musl.a(memset.o)
 .note          0x000002d0       0x18 c:/Program Files/Microchip/xc32/v5.10/bin/bin/../../lib/gcc/pic32c/13.2.1/../../../../pic32c/lib/thumb/v7e-m+fp/hard\libg-musl.a(__libc_start_main.o)
 .note          0x000002e8       0x18 c:/Program Files/Microchip/xc32/v5.10/bin/bin/../../lib/gcc/pic32c/13.2.1/../../../../pic32c/lib/thumb/v7e-m+fp/hard\libg-musl.a(libc.o)
 .note          0x00000300       0x18 c:/Program Files/Microchip/xc32/v5.10/bin/bin/../../lib/gcc/pic32c/13.2.1/../../../../pic32c/lib/thumb/v7e-m+fp/hard\libg-musl.a(__sio_sprintf_nu.o)
 .note          0x00000318       0x18 c:/Program Files/Microchip/xc32/v5.10/bin/bin/../../lib/gcc/pic32c/13.2.1/../../../../pic32c/lib/thumb/v7e-m+fp/hard\libg-musl.a(__fmt_u.o)
 .note          0x00000330       0x18 c:/Program Files/Microchip/xc32/v5.10/bin/bin/../../lib/gcc/pic32c/13.2.1/../../../../pic32c/lib/thumb/v7e-m+fp/hard\libg-musl.a(__pop_int.o)
 .note          0x00000348       0x18 c:/Program Files/Microchip/xc32/v5.10/bin/bin/../../lib/gcc/pic32c/13.2.1/../../../../pic32c/lib/thumb/v7e-m+fp/hard\libg-musl.a(__pop_ptr.o)
 .note          0x00000360       0x18 c:/Program Files/Microchip/xc32/v5.10/bin/bin/../../lib/gcc/pic32c/13.2.1/../../../../pic32c/lib/thumb/v7e-m+fp/hard\libg-musl.a(__printf_core.o)
 .note          0x00000378       0x18 c:/Program Files/Microchip/xc32/v5.10/bin/bin/../../lib/gcc/pic32c/13.2.1/../../../../pic32c/lib/thumb/v7e-m+fp/hard\libg-musl.a(atoi.o)
 .note          0x00000390       0x18 c:/Program Files/Microchip/xc32/v5.10/bin/bin/../../lib/gcc/pic32c/13.2.1/../../../../pic32c/lib/thumb/v7e-m+fp/hard\libg-musl.a(tolower.o)
 .note          0x000003a8       0x18 c:/Program Files/Microchip/xc32/v5.10/bin/bin/../../lib/gcc/pic32c/13.2.1/../../../../pic32c/lib/thumb/v7e-m+fp/hard\libg-musl.a(__environ.o)
 .note          0x000003c0       0x18 c:/Program Files/Microchip/xc32/v5.10/bin/bin/../../lib/gcc/pic32c/13.2.1/../../../../pic32c/lib/thumb/v7e-m+fp/hard\libg-musl.a(__errno_location.o)
 .note          0x000003d8       0x18 c:/Program Files/Microchip/xc32/v5.10/bin/bin/../../lib/gcc/pic32c/13.2.1/../../../../pic32c/lib/thumb/v7e-m+fp/hard\libg-musl.a(__int_vsprintf.o)
 .note          0x000003f0       0x18 c:/Program Files/Microchip/xc32/v5.10/bin/bin/../../lib/gcc/pic32c/13.2.1/../../../../pic32c/lib/thumb/v7e-m+fp/hard\libg-musl.a(__cvt_u.o)
 .note          0x00000408       0x18 c:/Program Files/Microchip/xc32/v5.10/bin/bin/../../lib/gcc/pic32c/13.2.1/../../../../pic32c/lib/thumb/v7e-m+fp/hard\libg-musl.a(__pop_float.o)
 .note          0x00000420       0x18 c:/Program Files/Microchip/xc32/v5.10/bin/bin/../../lib/gcc/pic32c/13.2.1/../../../../pic32c/lib/thumb/v7e-m+fp/hard\libg-musl.a(__int_vsnprintf.o)
 .note          0x00000438       0x18 c:/Program Files/Microchip/xc32/v5.10/bin/bin/../../lib/gcc/pic32c/13.2.1/../../../../pic32c/lib/thumb/v7e-m+fp/hard\libg-musl.a(__int_vfprintf.o)
 .note          0x00000450       0x18 c:/Program Files/Microchip/xc32/v5.10/bin/bin/../../lib/gcc/pic32c/13.2.1/../../../../pic32c/lib/thumb/v7e-m+fp/hard\libc-size-musl.a(strlen.o)
 .note          0x00000468       0x18 c:/Program Files/Microchip/xc32/v5.10/bin/bin/../../lib/gcc/pic32c/13.2.1/thumb/v7e-m+fp/hard\libgcc.a(_aeabi_uldivmod.o)
 .note          0x00000480       0x18 c:/Program Files/Microchip/xc32/v5.10/bin/bin/../../lib/gcc/pic32c/13.2.1/thumb/v7e-m+fp/hard\libgcc.a(_udivmoddi4.o)
 .note          0x00000498       0x18 c:/Program Files/Microchip/xc32/v5.10/bin/bin/../../lib/gcc/pic32c/13.2.1/thumb/v7e-m+fp/hard\libgcc.a(_dvmd_tls.o)
 .note          0x000004b0       0x18 c:/Program Files/Microchip/xc32/v5.10/bin/bin/../../lib/gcc/pic32c/13.2.1/thumb/v7e-m+fp/hard/crtend.o
 .note          0x000004c8       0x18 c:/Program Files/Microchip/xc32/v5.10/bin/bin/../../lib/gcc/pic32c/13.2.1/thumb/v7e-m+fp/hard/crtn.o
 .note          0x000004e0       0x18 c:/Program Files/Microchip/xc32/v5.10/bin/bin/../../lib/gcc/pic32c/13.2.1/../../../../pic32c/lib/thumb/v7e-m+fp/hard\libpic32c.a(pic32_data_init_clear.o)
 .note          0x000004f8       0x18 c:/Program Files/Microchip/xc32/v5.10/bin/bin/../../lib/gcc/pic32c/13.2.1/../../../../pic32c/lib/thumb/v7e-m+fp/hard\libpic32c.a(pic32_data_init_copy.o)

.ARM.attributes
                0x00000000       0x34
 .ARM.attributes
                0x00000000       0x22 c:/Program Files/Microchip/xc32/v5.10/bin/bin/../../lib/gcc/pic32c/13.2.1/thumb/v7e-m+fp/hard/crti.o
 .ARM.attributes
                0x00000022       0x34 c:/Program Files/Microchip/xc32/v5.10/bin/bin/../../lib/gcc/pic32c/13.2.1/thumb/v7e-m+fp/hard/crtbegin.o
 .ARM.attributes
                0x00000056       0x34 CMakeFiles/Deneme_default_default_XC32_compile.dir/D_/Tez/MPLAB-CANBus/config.mcc/src/config/default/exceptions.c.o
 .ARM.attributes
                0x0000008a       0x34 CMakeFiles/Deneme_default_default_XC32_compile.dir/D_/Tez/MPLAB-CANBus/config.mcc/src/config/default/initialization.c.o
 .ARM.attributes
                0x000000be       0x34 CMakeFiles/Deneme_default_default_XC32_compile.dir/D_/Tez/MPLAB-CANBus/config.mcc/src/config/default/interrupts.c.o
 .ARM.attributes
                0x000000f2       0x34 CMakeFiles/Deneme_default_default_XC32_compile.dir/D_/Tez/MPLAB-CANBus/config.mcc/src/config/default/peripheral/can/plib_can1.c.o
 .ARM.attributes
                0x00000126       0x34 CMakeFiles/Deneme_default_default_XC32_compile.dir/D_/Tez/MPLAB-CANBus/config.mcc/src/config/default/peripheral/clock/plib_clock.c.o
 .ARM.attributes
                0x0000015a       0x34 CMakeFiles/Deneme_default_default_XC32_compile.dir/D_/Tez/MPLAB-CANBus/config.mcc/src/config/default/peripheral/evsys/plib_evsys.c.o
 .ARM.attributes
                0x0000018e       0x34 CMakeFiles/Deneme_default_default_XC32_compile.dir/D_/Tez/MPLAB-CANBus/config.mcc/src/config/default/peripheral/nvic/plib_nvic.c.o
 .ARM.attributes
                0x000001c2       0x34 CMakeFiles/Deneme_default_default_XC32_compile.dir/D_/Tez/MPLAB-CANBus/config.mcc/src/config/default/peripheral/nvmctrl/plib_nvmctrl.c.o
 .ARM.attributes
                0x000001f6       0x34 CMakeFiles/Deneme_default_default_XC32_compile.dir/D_/Tez/MPLAB-CANBus/config.mcc/src/config/default/peripheral/port/plib_port.c.o
 .ARM.attributes
                0x0000022a       0x34 CMakeFiles/Deneme_default_default_XC32_compile.dir/D_/Tez/MPLAB-CANBus/config.mcc/src/config/default/peripheral/sercom/i2c_master/plib_sercom7_i2c_master.c.o
 .ARM.attributes
                0x0000025e       0x34 CMakeFiles/Deneme_default_default_XC32_compile.dir/D_/Tez/MPLAB-CANBus/config.mcc/src/config/default/peripheral/sercom/usart/plib_sercom0_usart.c.o
 .ARM.attributes
                0x00000292       0x34 CMakeFiles/Deneme_default_default_XC32_compile.dir/D_/Tez/MPLAB-CANBus/config.mcc/src/config/default/peripheral/sercom/usart/plib_sercom2_usart.c.o
 .ARM.attributes
                0x000002c6       0x34 CMakeFiles/Deneme_default_default_XC32_compile.dir/D_/Tez/MPLAB-CANBus/config.mcc/src/config/default/peripheral/tc/plib_tc0.c.o
 .ARM.attributes
                0x000002fa       0x34 CMakeFiles/Deneme_default_default_XC32_compile.dir/D_/Tez/MPLAB-CANBus/config.mcc/src/config/default/peripheral/trng/plib_trng.c.o
 .ARM.attributes
                0x0000032e       0x34 CMakeFiles/Deneme_default_default_XC32_compile.dir/D_/Tez/MPLAB-CANBus/config.mcc/src/config/default/startup_xc32.c.o
 .ARM.attributes
                0x00000362       0x34 CMakeFiles/Deneme_default_default_XC32_compile.dir/D_/Tez/MPLAB-CANBus/config.mcc/src/main.c.o
 .ARM.attributes
                0x00000396       0x34 c:/Program Files/Microchip/xc32/v5.10/bin/bin/../../lib/gcc/pic32c/13.2.1/../../../../pic32c/lib/thumb/v7e-m+fp/hard\libpic32c.a(data_init.o)
 .ARM.attributes
                0x000003ca       0x36 c:/Program Files/Microchip/xc32/v5.10/bin/bin/../../lib/gcc/pic32c/13.2.1/../../../../pic32c/lib/thumb/v7e-m+fp/hard\libc-size-musl.a(memcpy.o)
 .ARM.attributes
                0x00000400       0x36 c:/Program Files/Microchip/xc32/v5.10/bin/bin/../../lib/gcc/pic32c/13.2.1/../../../../pic32c/lib/thumb/v7e-m+fp/hard\libc-size-musl.a(memset.o)
 .ARM.attributes
                0x00000436       0x36 c:/Program Files/Microchip/xc32/v5.10/bin/bin/../../lib/gcc/pic32c/13.2.1/../../../../pic32c/lib/thumb/v7e-m+fp/hard\libg-musl.a(__libc_start_main.o)
 .ARM.attributes
                0x0000046c       0x36 c:/Program Files/Microchip/xc32/v5.10/bin/bin/../../lib/gcc/pic32c/13.2.1/../../../../pic32c/lib/thumb/v7e-m+fp/hard\libg-musl.a(libc.o)
 .ARM.attributes
                0x000004a2       0x36 c:/Program Files/Microchip/xc32/v5.10/bin/bin/../../lib/gcc/pic32c/13.2.1/../../../../pic32c/lib/thumb/v7e-m+fp/hard\libg-musl.a(__sio_sprintf_nu.o)
 .ARM.attributes
                0x000004d8       0x36 c:/Program Files/Microchip/xc32/v5.10/bin/bin/../../lib/gcc/pic32c/13.2.1/../../../../pic32c/lib/thumb/v7e-m+fp/hard\libg-musl.a(__fmt_u.o)
 .ARM.attributes
                0x0000050e       0x36 c:/Program Files/Microchip/xc32/v5.10/bin/bin/../../lib/gcc/pic32c/13.2.1/../../../../pic32c/lib/thumb/v7e-m+fp/hard\libg-musl.a(__pop_int.o)
 .ARM.attributes
                0x00000544       0x36 c:/Program Files/Microchip/xc32/v5.10/bin/bin/../../lib/gcc/pic32c/13.2.1/../../../../pic32c/lib/thumb/v7e-m+fp/hard\libg-musl.a(__pop_ptr.o)
 .ARM.attributes
                0x0000057a       0x36 c:/Program Files/Microchip/xc32/v5.10/bin/bin/../../lib/gcc/pic32c/13.2.1/../../../../pic32c/lib/thumb/v7e-m+fp/hard\libg-musl.a(__printf_core.o)
 .ARM.attributes
                0x000005b0       0x36 c:/Program Files/Microchip/xc32/v5.10/bin/bin/../../lib/gcc/pic32c/13.2.1/../../../../pic32c/lib/thumb/v7e-m+fp/hard\libg-musl.a(atoi.o)
 .ARM.attributes
                0x000005e6       0x36 c:/Program Files/Microchip/xc32/v5.10/bin/bin/../../lib/gcc/pic32c/13.2.1/../../../../pic32c/lib/thumb/v7e-m+fp/hard\libg-musl.a(tolower.o)
 .ARM.attributes
                0x0000061c       0x36 c:/Program Files/Microchip/xc32/v5.10/bin/bin/../../lib/gcc/pic32c/13.2.1/../../../../pic32c/lib/thumb/v7e-m+fp/hard\libg-musl.a(__environ.o)
 .ARM.attributes
                0x00000652       0x36 c:/Program Files/Microchip/xc32/v5.10/bin/bin/../../lib/gcc/pic32c/13.2.1/../../../../pic32c/lib/thumb/v7e-m+fp/hard\libg-musl.a(__errno_location.o)
 .ARM.attributes
                0x00000688       0x36 c:/Program Files/Microchip/xc32/v5.10/bin/bin/../../lib/gcc/pic32c/13.2.1/../../../../pic32c/lib/thumb/v7e-m+fp/hard\libg-musl.a(__int_vsprintf.o)
 .ARM.attributes
                0x000006be       0x36 c:/Program Files/Microchip/xc32/v5.10/bin/bin/../../lib/gcc/pic32c/13.2.1/../../../../pic32c/lib/thumb/v7e-m+fp/hard\libg-musl.a(__cvt_u.o)
 .ARM.attributes
                0x000006f4       0x36 c:/Program Files/Microchip/xc32/v5.10/bin/bin/../../lib/gcc/pic32c/13.2.1/../../../../pic32c/lib/thumb/v7e-m+fp/hard\libg-musl.a(__pop_float.o)
 .ARM.attributes
                0x0000072a       0x36 c:/Program Files/Microchip/xc32/v5.10/bin/bin/../../lib/gcc/pic32c/13.2.1/../../../../pic32c/lib/thumb/v7e-m+fp/hard\libg-musl.a(__int_vsnprintf.o)
 .ARM.attributes
                0x00000760       0x36 c:/Program Files/Microchip/xc32/v5.10/bin/bin/../../lib/gcc/pic32c/13.2.1/../../../../pic32c/lib/thumb/v7e-m+fp/hard\libg-musl.a(__int_vfprintf.o)
 .ARM.attributes
                0x00000796       0x36 c:/Program Files/Microchip/xc32/v5.10/bin/bin/../../lib/gcc/pic32c/13.2.1/../../../../pic32c/lib/thumb/v7e-m+fp/hard\libc-size-musl.a(strlen.o)
 .ARM.attributes
                0x000007cc       0x22 c:/Program Files/Microchip/xc32/v5.10/bin/bin/../../lib/gcc/pic32c/13.2.1/thumb/v7e-m+fp/hard\libgcc.a(_aeabi_uldivmod.o)
 .ARM.attributes
                0x000007ee       0x34 c:/Program Files/Microchip/xc32/v5.10/bin/bin/../../lib/gcc/pic32c/13.2.1/thumb/v7e-m+fp/hard\libgcc.a(_udivmoddi4.o)
 .ARM.attributes
                0x00000822       0x22 c:/Program Files/Microchip/xc32/v5.10/bin/bin/../../lib/gcc/pic32c/13.2.1/thumb/v7e-m+fp/hard\libgcc.a(_dvmd_tls.o)
 .ARM.attributes
                0x00000844       0x22 c:/Program Files/Microchip/xc32/v5.10/bin/bin/../../lib/gcc/pic32c/13.2.1/thumb/v7e-m+fp/hard/crtn.o
 .ARM.attributes
                0x00000866       0x34 c:/Program Files/Microchip/xc32/v5.10/bin/bin/../../lib/gcc/pic32c/13.2.1/../../../../pic32c/lib/thumb/v7e-m+fp/hard\libpic32c.a(pic32_data_init_clear.o)
 .ARM.attributes
                0x0000089a       0x34 c:/Program Files/Microchip/xc32/v5.10/bin/bin/../../lib/gcc/pic32c/13.2.1/../../../../pic32c/lib/thumb/v7e-m+fp/hard\libpic32c.a(pic32_data_init_copy.o)

.comment        0x00000000       0x35
 .comment       0x00000000       0x35 c:/Program Files/Microchip/xc32/v5.10/bin/bin/../../lib/gcc/pic32c/13.2.1/thumb/v7e-m+fp/hard/crtbegin.o
                                 0x36 (size before relaxing)
 .comment       0x00000035       0x36 CMakeFiles/Deneme_default_default_XC32_compile.dir/D_/Tez/MPLAB-CANBus/config.mcc/src/config/default/exceptions.c.o
 .comment       0x00000035       0x36 CMakeFiles/Deneme_default_default_XC32_compile.dir/D_/Tez/MPLAB-CANBus/config.mcc/src/config/default/initialization.c.o
 .comment       0x00000035       0x36 CMakeFiles/Deneme_default_default_XC32_compile.dir/D_/Tez/MPLAB-CANBus/config.mcc/src/config/default/interrupts.c.o
 .comment       0x00000035       0x36 CMakeFiles/Deneme_default_default_XC32_compile.dir/D_/Tez/MPLAB-CANBus/config.mcc/src/config/default/peripheral/can/plib_can1.c.o
 .comment       0x00000035       0x36 CMakeFiles/Deneme_default_default_XC32_compile.dir/D_/Tez/MPLAB-CANBus/config.mcc/src/config/default/peripheral/clock/plib_clock.c.o
 .comment       0x00000035       0x36 CMakeFiles/Deneme_default_default_XC32_compile.dir/D_/Tez/MPLAB-CANBus/config.mcc/src/config/default/peripheral/evsys/plib_evsys.c.o
 .comment       0x00000035       0x36 CMakeFiles/Deneme_default_default_XC32_compile.dir/D_/Tez/MPLAB-CANBus/config.mcc/src/config/default/peripheral/nvic/plib_nvic.c.o
 .comment       0x00000035       0x36 CMakeFiles/Deneme_default_default_XC32_compile.dir/D_/Tez/MPLAB-CANBus/config.mcc/src/config/default/peripheral/nvmctrl/plib_nvmctrl.c.o
 .comment       0x00000035       0x36 CMakeFiles/Deneme_default_default_XC32_compile.dir/D_/Tez/MPLAB-CANBus/config.mcc/src/config/default/peripheral/port/plib_port.c.o
 .comment       0x00000035       0x36 CMakeFiles/Deneme_default_default_XC32_compile.dir/D_/Tez/MPLAB-CANBus/config.mcc/src/config/default/peripheral/sercom/i2c_master/plib_sercom7_i2c_master.c.o
 .comment       0x00000035       0x36 CMakeFiles/Deneme_default_default_XC32_compile.dir/D_/Tez/MPLAB-CANBus/config.mcc/src/config/default/peripheral/sercom/usart/plib_sercom0_usart.c.o
 .comment       0x00000035       0x36 CMakeFiles/Deneme_default_default_XC32_compile.dir/D_/Tez/MPLAB-CANBus/config.mcc/src/config/default/peripheral/sercom/usart/plib_sercom2_usart.c.o
 .comment       0x00000035       0x36 CMakeFiles/Deneme_default_default_XC32_compile.dir/D_/Tez/MPLAB-CANBus/config.mcc/src/config/default/peripheral/tc/plib_tc0.c.o
 .comment       0x00000035       0x36 CMakeFiles/Deneme_default_default_XC32_compile.dir/D_/Tez/MPLAB-CANBus/config.mcc/src/config/default/peripheral/trng/plib_trng.c.o
 .comment       0x00000035       0x36 CMakeFiles/Deneme_default_default_XC32_compile.dir/D_/Tez/MPLAB-CANBus/config.mcc/src/config/default/startup_xc32.c.o
 .comment       0x00000035       0x36 CMakeFiles/Deneme_default_default_XC32_compile.dir/D_/Tez/MPLAB-CANBus/config.mcc/src/main.c.o
 .comment       0x00000035       0x36 c:/Program Files/Microchip/xc32/v5.10/bin/bin/../../lib/gcc/pic32c/13.2.1/../../../../pic32c/lib/thumb/v7e-m+fp/hard\libpic32c.a(data_init.o)
 .comment       0x00000035       0x36 c:/Program Files/Microchip/xc32/v5.10/bin/bin/../../lib/gcc/pic32c/13.2.1/../../../../pic32c/lib/thumb/v7e-m+fp/hard\libc-size-musl.a(memcpy.o)
 .comment       0x00000035       0x36 c:/Program Files/Microchip/xc32/v5.10/bin/bin/../../lib/gcc/pic32c/13.2.1/../../../../pic32c/lib/thumb/v7e-m+fp/hard\libc-size-musl.a(memset.o)
 .comment       0x00000035       0x36 c:/Program Files/Microchip/xc32/v5.10/bin/bin/../../lib/gcc/pic32c/13.2.1/../../../../pic32c/lib/thumb/v7e-m+fp/hard\libg-musl.a(__libc_start_main.o)
 .comment       0x00000035       0x36 c:/Program Files/Microchip/xc32/v5.10/bin/bin/../../lib/gcc/pic32c/13.2.1/../../../../pic32c/lib/thumb/v7e-m+fp/hard\libg-musl.a(libc.o)
 .comment       0x00000035       0x36 c:/Program Files/Microchip/xc32/v5.10/bin/bin/../../lib/gcc/pic32c/13.2.1/../../../../pic32c/lib/thumb/v7e-m+fp/hard\libg-musl.a(__sio_sprintf_nu.o)
 .comment       0x00000035       0x36 c:/Program Files/Microchip/xc32/v5.10/bin/bin/../../lib/gcc/pic32c/13.2.1/../../../../pic32c/lib/thumb/v7e-m+fp/hard\libg-musl.a(__fmt_u.o)
 .comment       0x00000035       0x36 c:/Program Files/Microchip/xc32/v5.10/bin/bin/../../lib/gcc/pic32c/13.2.1/../../../../pic32c/lib/thumb/v7e-m+fp/hard\libg-musl.a(__pop_int.o)
 .comment       0x00000035       0x36 c:/Program Files/Microchip/xc32/v5.10/bin/bin/../../lib/gcc/pic32c/13.2.1/../../../../pic32c/lib/thumb/v7e-m+fp/hard\libg-musl.a(__pop_ptr.o)
 .comment       0x00000035       0x36 c:/Program Files/Microchip/xc32/v5.10/bin/bin/../../lib/gcc/pic32c/13.2.1/../../../../pic32c/lib/thumb/v7e-m+fp/hard\libg-musl.a(__printf_core.o)
 .comment       0x00000035       0x36 c:/Program Files/Microchip/xc32/v5.10/bin/bin/../../lib/gcc/pic32c/13.2.1/../../../../pic32c/lib/thumb/v7e-m+fp/hard\libg-musl.a(atoi.o)
 .comment       0x00000035       0x36 c:/Program Files/Microchip/xc32/v5.10/bin/bin/../../lib/gcc/pic32c/13.2.1/../../../../pic32c/lib/thumb/v7e-m+fp/hard\libg-musl.a(tolower.o)
 .comment       0x00000035       0x36 c:/Program Files/Microchip/xc32/v5.10/bin/bin/../../lib/gcc/pic32c/13.2.1/../../../../pic32c/lib/thumb/v7e-m+fp/hard\libg-musl.a(__environ.o)
 .comment       0x00000035       0x36 c:/Program Files/Microchip/xc32/v5.10/bin/bin/../../lib/gcc/pic32c/13.2.1/../../../../pic32c/lib/thumb/v7e-m+fp/hard\libg-musl.a(__errno_location.o)
 .comment       0x00000035       0x36 c:/Program Files/Microchip/xc32/v5.10/bin/bin/../../lib/gcc/pic32c/13.2.1/../../../../pic32c/lib/thumb/v7e-m+fp/hard\libg-musl.a(__int_vsprintf.o)
 .comment       0x00000035       0x36 c:/Program Files/Microchip/xc32/v5.10/bin/bin/../../lib/gcc/pic32c/13.2.1/../../../../pic32c/lib/thumb/v7e-m+fp/hard\libg-musl.a(__cvt_u.o)
 .comment       0x00000035       0x36 c:/Program Files/Microchip/xc32/v5.10/bin/bin/../../lib/gcc/pic32c/13.2.1/../../../../pic32c/lib/thumb/v7e-m+fp/hard\libg-musl.a(__pop_float.o)
 .comment       0x00000035       0x36 c:/Program Files/Microchip/xc32/v5.10/bin/bin/../../lib/gcc/pic32c/13.2.1/../../../../pic32c/lib/thumb/v7e-m+fp/hard\libg-musl.a(__int_vsnprintf.o)
 .comment       0x00000035       0x36 c:/Program Files/Microchip/xc32/v5.10/bin/bin/../../lib/gcc/pic32c/13.2.1/../../../../pic32c/lib/thumb/v7e-m+fp/hard\libg-musl.a(__int_vfprintf.o)
 .comment       0x00000035       0x36 c:/Program Files/Microchip/xc32/v5.10/bin/bin/../../lib/gcc/pic32c/13.2.1/../../../../pic32c/lib/thumb/v7e-m+fp/hard\libc-size-musl.a(strlen.o)
 .comment       0x00000035       0x36 c:/Program Files/Microchip/xc32/v5.10/bin/bin/../../lib/gcc/pic32c/13.2.1/thumb/v7e-m+fp/hard\libgcc.a(_udivmoddi4.o)
 .comment       0x00000035       0x36 c:/Program Files/Microchip/xc32/v5.10/bin/bin/../../lib/gcc/pic32c/13.2.1/../../../../pic32c/lib/thumb/v7e-m+fp/hard\libpic32c.a(pic32_data_init_clear.o)
 .comment       0x00000035       0x36 c:/Program Files/Microchip/xc32/v5.10/bin/bin/../../lib/gcc/pic32c/13.2.1/../../../../pic32c/lib/thumb/v7e-m+fp/hard\libpic32c.a(pic32_data_init_copy.o)

.debug_info     0x00000000     0xcd51
 .debug_info    0x00000000      0x116 CMakeFiles/Deneme_default_default_XC32_compile.dir/D_/Tez/MPLAB-CANBus/config.mcc/src/config/default/exceptions.c.o
 .debug_info    0x00000116      0x197 CMakeFiles/Deneme_default_default_XC32_compile.dir/D_/Tez/MPLAB-CANBus/config.mcc/src/config/default/initialization.c.o
 .debug_info    0x000002ad      0xafc CMakeFiles/Deneme_default_default_XC32_compile.dir/D_/Tez/MPLAB-CANBus/config.mcc/src/config/default/interrupts.c.o
 .debug_info    0x00000da9     0x12af CMakeFiles/Deneme_default_default_XC32_compile.dir/D_/Tez/MPLAB-CANBus/config.mcc/src/config/default/peripheral/can/plib_can1.c.o
 .debug_info    0x00002058      0x64f CMakeFiles/Deneme_default_default_XC32_compile.dir/D_/Tez/MPLAB-CANBus/config.mcc/src/config/default/peripheral/clock/plib_clock.c.o
 .debug_info    0x000026a7       0x9b CMakeFiles/Deneme_default_default_XC32_compile.dir/D_/Tez/MPLAB-CANBus/config.mcc/src/config/default/peripheral/evsys/plib_evsys.c.o
 .debug_info    0x00002742     0x1032 CMakeFiles/Deneme_default_default_XC32_compile.dir/D_/Tez/MPLAB-CANBus/config.mcc/src/config/default/peripheral/nvic/plib_nvic.c.o
 .debug_info    0x00003774      0x92d CMakeFiles/Deneme_default_default_XC32_compile.dir/D_/Tez/MPLAB-CANBus/config.mcc/src/config/default/peripheral/nvmctrl/plib_nvmctrl.c.o
 .debug_info    0x000040a1      0x814 CMakeFiles/Deneme_default_default_XC32_compile.dir/D_/Tez/MPLAB-CANBus/config.mcc/src/config/default/peripheral/port/plib_port.c.o
 .debug_info    0x000048b5     0x1378 CMakeFiles/Deneme_default_default_XC32_compile.dir/D_/Tez/MPLAB-CANBus/config.mcc/src/config/default/peripheral/sercom/i2c_master/plib_sercom7_i2c_master.c.o
 .debug_info    0x00005c2d     0x1236 CMakeFiles/Deneme_default_default_XC32_compile.dir/D_/Tez/MPLAB-CANBus/config.mcc/src/config/default/peripheral/sercom/usart/plib_sercom0_usart.c.o
 .debug_info    0x00006e63     0x1236 CMakeFiles/Deneme_default_default_XC32_compile.dir/D_/Tez/MPLAB-CANBus/config.mcc/src/config/default/peripheral/sercom/usart/plib_sercom2_usart.c.o
 .debug_info    0x00008099      0x739 CMakeFiles/Deneme_default_default_XC32_compile.dir/D_/Tez/MPLAB-CANBus/config.mcc/src/config/default/peripheral/tc/plib_tc0.c.o
 .debug_info    0x000087d2      0x1b8 CMakeFiles/Deneme_default_default_XC32_compile.dir/D_/Tez/MPLAB-CANBus/config.mcc/src/config/default/peripheral/trng/plib_trng.c.o
 .debug_info    0x0000898a      0x542 CMakeFiles/Deneme_default_default_XC32_compile.dir/D_/Tez/MPLAB-CANBus/config.mcc/src/config/default/startup_xc32.c.o
 .debug_info    0x00008ecc      0xb70 CMakeFiles/Deneme_default_default_XC32_compile.dir/D_/Tez/MPLAB-CANBus/config.mcc/src/main.c.o
 .debug_info    0x00009a3c      0x212 c:/Program Files/Microchip/xc32/v5.10/bin/bin/../../lib/gcc/pic32c/13.2.1/../../../../pic32c/lib/thumb/v7e-m+fp/hard\libpic32c.a(data_init.o)
 .debug_info    0x00009c4e       0xff c:/Program Files/Microchip/xc32/v5.10/bin/bin/../../lib/gcc/pic32c/13.2.1/../../../../pic32c/lib/thumb/v7e-m+fp/hard\libc-size-musl.a(memcpy.o)
 .debug_info    0x00009d4d       0xc2 c:/Program Files/Microchip/xc32/v5.10/bin/bin/../../lib/gcc/pic32c/13.2.1/../../../../pic32c/lib/thumb/v7e-m+fp/hard\libc-size-musl.a(memset.o)
 .debug_info    0x00009e0f      0x2fb c:/Program Files/Microchip/xc32/v5.10/bin/bin/../../lib/gcc/pic32c/13.2.1/../../../../pic32c/lib/thumb/v7e-m+fp/hard\libg-musl.a(__libc_start_main.o)
 .debug_info    0x0000a10a      0x276 c:/Program Files/Microchip/xc32/v5.10/bin/bin/../../lib/gcc/pic32c/13.2.1/../../../../pic32c/lib/thumb/v7e-m+fp/hard\libg-musl.a(libc.o)
 .debug_info    0x0000a380      0x1c2 c:/Program Files/Microchip/xc32/v5.10/bin/bin/../../lib/gcc/pic32c/13.2.1/../../../../pic32c/lib/thumb/v7e-m+fp/hard\libg-musl.a(__sio_sprintf_nu.o)
 .debug_info    0x0000a542      0x33f c:/Program Files/Microchip/xc32/v5.10/bin/bin/../../lib/gcc/pic32c/13.2.1/../../../../pic32c/lib/thumb/v7e-m+fp/hard\libg-musl.a(__fmt_u.o)
 .debug_info    0x0000a881      0x183 c:/Program Files/Microchip/xc32/v5.10/bin/bin/../../lib/gcc/pic32c/13.2.1/../../../../pic32c/lib/thumb/v7e-m+fp/hard\libg-musl.a(__pop_int.o)
 .debug_info    0x0000aa04      0x187 c:/Program Files/Microchip/xc32/v5.10/bin/bin/../../lib/gcc/pic32c/13.2.1/../../../../pic32c/lib/thumb/v7e-m+fp/hard\libg-musl.a(__pop_ptr.o)
 .debug_info    0x0000ab8b      0xaff c:/Program Files/Microchip/xc32/v5.10/bin/bin/../../lib/gcc/pic32c/13.2.1/../../../../pic32c/lib/thumb/v7e-m+fp/hard\libg-musl.a(__printf_core.o)
 .debug_info    0x0000b68a       0xef c:/Program Files/Microchip/xc32/v5.10/bin/bin/../../lib/gcc/pic32c/13.2.1/../../../../pic32c/lib/thumb/v7e-m+fp/hard\libg-musl.a(atoi.o)
 .debug_info    0x0000b779      0x138 c:/Program Files/Microchip/xc32/v5.10/bin/bin/../../lib/gcc/pic32c/13.2.1/../../../../pic32c/lib/thumb/v7e-m+fp/hard\libg-musl.a(tolower.o)
 .debug_info    0x0000b8b1       0x97 c:/Program Files/Microchip/xc32/v5.10/bin/bin/../../lib/gcc/pic32c/13.2.1/../../../../pic32c/lib/thumb/v7e-m+fp/hard\libg-musl.a(__environ.o)
 .debug_info    0x0000b948       0x5b c:/Program Files/Microchip/xc32/v5.10/bin/bin/../../lib/gcc/pic32c/13.2.1/../../../../pic32c/lib/thumb/v7e-m+fp/hard\libg-musl.a(__errno_location.o)
 .debug_info    0x0000b9a3      0x179 c:/Program Files/Microchip/xc32/v5.10/bin/bin/../../lib/gcc/pic32c/13.2.1/../../../../pic32c/lib/thumb/v7e-m+fp/hard\libg-musl.a(__int_vsprintf.o)
 .debug_info    0x0000bb1c      0x1ed c:/Program Files/Microchip/xc32/v5.10/bin/bin/../../lib/gcc/pic32c/13.2.1/../../../../pic32c/lib/thumb/v7e-m+fp/hard\libg-musl.a(__cvt_u.o)
 .debug_info    0x0000bd09      0x162 c:/Program Files/Microchip/xc32/v5.10/bin/bin/../../lib/gcc/pic32c/13.2.1/../../../../pic32c/lib/thumb/v7e-m+fp/hard\libg-musl.a(__pop_float.o)
 .debug_info    0x0000be6b      0x237 c:/Program Files/Microchip/xc32/v5.10/bin/bin/../../lib/gcc/pic32c/13.2.1/../../../../pic32c/lib/thumb/v7e-m+fp/hard\libg-musl.a(__int_vsnprintf.o)
 .debug_info    0x0000c0a2      0x21c c:/Program Files/Microchip/xc32/v5.10/bin/bin/../../lib/gcc/pic32c/13.2.1/../../../../pic32c/lib/thumb/v7e-m+fp/hard\libg-musl.a(__int_vfprintf.o)
 .debug_info    0x0000c2be       0xab c:/Program Files/Microchip/xc32/v5.10/bin/bin/../../lib/gcc/pic32c/13.2.1/../../../../pic32c/lib/thumb/v7e-m+fp/hard\libc-size-musl.a(strlen.o)
 .debug_info    0x0000c369       0x35 c:/Program Files/Microchip/xc32/v5.10/bin/bin/../../lib/gcc/pic32c/13.2.1/thumb/v7e-m+fp/hard\libgcc.a(_aeabi_uldivmod.o)
 .debug_info    0x0000c39e      0x73c c:/Program Files/Microchip/xc32/v5.10/bin/bin/../../lib/gcc/pic32c/13.2.1/thumb/v7e-m+fp/hard\libgcc.a(_udivmoddi4.o)
 .debug_info    0x0000cada       0x41 c:/Program Files/Microchip/xc32/v5.10/bin/bin/../../lib/gcc/pic32c/13.2.1/thumb/v7e-m+fp/hard\libgcc.a(_dvmd_tls.o)
 .debug_info    0x0000cb1b      0x110 c:/Program Files/Microchip/xc32/v5.10/bin/bin/../../lib/gcc/pic32c/13.2.1/../../../../pic32c/lib/thumb/v7e-m+fp/hard\libpic32c.a(pic32_data_init_clear.o)
 .debug_info    0x0000cc2b      0x126 c:/Program Files/Microchip/xc32/v5.10/bin/bin/../../lib/gcc/pic32c/13.2.1/../../../../pic32c/lib/thumb/v7e-m+fp/hard\libpic32c.a(pic32_data_init_copy.o)

.debug_abbrev   0x00000000     0x34d8
 .debug_abbrev  0x00000000       0x49 CMakeFiles/Deneme_default_default_XC32_compile.dir/D_/Tez/MPLAB-CANBus/config.mcc/src/config/default/exceptions.c.o
 .debug_abbrev  0x00000049       0x92 CMakeFiles/Deneme_default_default_XC32_compile.dir/D_/Tez/MPLAB-CANBus/config.mcc/src/config/default/initialization.c.o
 .debug_abbrev  0x000000db       0xd3 CMakeFiles/Deneme_default_default_XC32_compile.dir/D_/Tez/MPLAB-CANBus/config.mcc/src/config/default/interrupts.c.o
 .debug_abbrev  0x000001ae      0x3bb CMakeFiles/Deneme_default_default_XC32_compile.dir/D_/Tez/MPLAB-CANBus/config.mcc/src/config/default/peripheral/can/plib_can1.c.o
 .debug_abbrev  0x00000569      0x10b CMakeFiles/Deneme_default_default_XC32_compile.dir/D_/Tez/MPLAB-CANBus/config.mcc/src/config/default/peripheral/clock/plib_clock.c.o
 .debug_abbrev  0x00000674       0x46 CMakeFiles/Deneme_default_default_XC32_compile.dir/D_/Tez/MPLAB-CANBus/config.mcc/src/config/default/peripheral/evsys/plib_evsys.c.o
 .debug_abbrev  0x000006ba      0x264 CMakeFiles/Deneme_default_default_XC32_compile.dir/D_/Tez/MPLAB-CANBus/config.mcc/src/config/default/peripheral/nvic/plib_nvic.c.o
 .debug_abbrev  0x0000091e      0x266 CMakeFiles/Deneme_default_default_XC32_compile.dir/D_/Tez/MPLAB-CANBus/config.mcc/src/config/default/peripheral/nvmctrl/plib_nvmctrl.c.o
 .debug_abbrev  0x00000b84      0x1ea CMakeFiles/Deneme_default_default_XC32_compile.dir/D_/Tez/MPLAB-CANBus/config.mcc/src/config/default/peripheral/port/plib_port.c.o
 .debug_abbrev  0x00000d6e      0x3ac CMakeFiles/Deneme_default_default_XC32_compile.dir/D_/Tez/MPLAB-CANBus/config.mcc/src/config/default/peripheral/sercom/i2c_master/plib_sercom7_i2c_master.c.o
 .debug_abbrev  0x0000111a      0x315 CMakeFiles/Deneme_default_default_XC32_compile.dir/D_/Tez/MPLAB-CANBus/config.mcc/src/config/default/peripheral/sercom/usart/plib_sercom0_usart.c.o
 .debug_abbrev  0x0000142f      0x315 CMakeFiles/Deneme_default_default_XC32_compile.dir/D_/Tez/MPLAB-CANBus/config.mcc/src/config/default/peripheral/sercom/usart/plib_sercom2_usart.c.o
 .debug_abbrev  0x00001744      0x16d CMakeFiles/Deneme_default_default_XC32_compile.dir/D_/Tez/MPLAB-CANBus/config.mcc/src/config/default/peripheral/tc/plib_tc0.c.o
 .debug_abbrev  0x000018b1       0xc0 CMakeFiles/Deneme_default_default_XC32_compile.dir/D_/Tez/MPLAB-CANBus/config.mcc/src/config/default/peripheral/trng/plib_trng.c.o
 .debug_abbrev  0x00001971      0x1ee CMakeFiles/Deneme_default_default_XC32_compile.dir/D_/Tez/MPLAB-CANBus/config.mcc/src/config/default/startup_xc32.c.o
 .debug_abbrev  0x00001b5f      0x1ab CMakeFiles/Deneme_default_default_XC32_compile.dir/D_/Tez/MPLAB-CANBus/config.mcc/src/main.c.o
 .debug_abbrev  0x00001d0a      0x156 c:/Program Files/Microchip/xc32/v5.10/bin/bin/../../lib/gcc/pic32c/13.2.1/../../../../pic32c/lib/thumb/v7e-m+fp/hard\libpic32c.a(data_init.o)
 .debug_abbrev  0x00001e60       0xaa c:/Program Files/Microchip/xc32/v5.10/bin/bin/../../lib/gcc/pic32c/13.2.1/../../../../pic32c/lib/thumb/v7e-m+fp/hard\libc-size-musl.a(memcpy.o)
 .debug_abbrev  0x00001f0a       0xa2 c:/Program Files/Microchip/xc32/v5.10/bin/bin/../../lib/gcc/pic32c/13.2.1/../../../../pic32c/lib/thumb/v7e-m+fp/hard\libc-size-musl.a(memset.o)
 .debug_abbrev  0x00001fac      0x133 c:/Program Files/Microchip/xc32/v5.10/bin/bin/../../lib/gcc/pic32c/13.2.1/../../../../pic32c/lib/thumb/v7e-m+fp/hard\libg-musl.a(__libc_start_main.o)
 .debug_abbrev  0x000020df       0xd4 c:/Program Files/Microchip/xc32/v5.10/bin/bin/../../lib/gcc/pic32c/13.2.1/../../../../pic32c/lib/thumb/v7e-m+fp/hard\libg-musl.a(libc.o)
 .debug_abbrev  0x000021b3      0x154 c:/Program Files/Microchip/xc32/v5.10/bin/bin/../../lib/gcc/pic32c/13.2.1/../../../../pic32c/lib/thumb/v7e-m+fp/hard\libg-musl.a(__sio_sprintf_nu.o)
 .debug_abbrev  0x00002307      0x17c c:/Program Files/Microchip/xc32/v5.10/bin/bin/../../lib/gcc/pic32c/13.2.1/../../../../pic32c/lib/thumb/v7e-m+fp/hard\libg-musl.a(__fmt_u.o)
 .debug_abbrev  0x00002483       0xdc c:/Program Files/Microchip/xc32/v5.10/bin/bin/../../lib/gcc/pic32c/13.2.1/../../../../pic32c/lib/thumb/v7e-m+fp/hard\libg-musl.a(__pop_int.o)
 .debug_abbrev  0x0000255f       0xed c:/Program Files/Microchip/xc32/v5.10/bin/bin/../../lib/gcc/pic32c/13.2.1/../../../../pic32c/lib/thumb/v7e-m+fp/hard\libg-musl.a(__pop_ptr.o)
 .debug_abbrev  0x0000264c      0x33f c:/Program Files/Microchip/xc32/v5.10/bin/bin/../../lib/gcc/pic32c/13.2.1/../../../../pic32c/lib/thumb/v7e-m+fp/hard\libg-musl.a(__printf_core.o)
 .debug_abbrev  0x0000298b       0xc4 c:/Program Files/Microchip/xc32/v5.10/bin/bin/../../lib/gcc/pic32c/13.2.1/../../../../pic32c/lib/thumb/v7e-m+fp/hard\libg-musl.a(atoi.o)
 .debug_abbrev  0x00002a4f      0x108 c:/Program Files/Microchip/xc32/v5.10/bin/bin/../../lib/gcc/pic32c/13.2.1/../../../../pic32c/lib/thumb/v7e-m+fp/hard\libg-musl.a(tolower.o)
 .debug_abbrev  0x00002b57       0x62 c:/Program Files/Microchip/xc32/v5.10/bin/bin/../../lib/gcc/pic32c/13.2.1/../../../../pic32c/lib/thumb/v7e-m+fp/hard\libg-musl.a(__environ.o)
 .debug_abbrev  0x00002bb9       0x39 c:/Program Files/Microchip/xc32/v5.10/bin/bin/../../lib/gcc/pic32c/13.2.1/../../../../pic32c/lib/thumb/v7e-m+fp/hard\libg-musl.a(__errno_location.o)
 .debug_abbrev  0x00002bf2       0xd6 c:/Program Files/Microchip/xc32/v5.10/bin/bin/../../lib/gcc/pic32c/13.2.1/../../../../pic32c/lib/thumb/v7e-m+fp/hard\libg-musl.a(__int_vsprintf.o)
 .debug_abbrev  0x00002cc8       0xfe c:/Program Files/Microchip/xc32/v5.10/bin/bin/../../lib/gcc/pic32c/13.2.1/../../../../pic32c/lib/thumb/v7e-m+fp/hard\libg-musl.a(__cvt_u.o)
 .debug_abbrev  0x00002dc6       0xdc c:/Program Files/Microchip/xc32/v5.10/bin/bin/../../lib/gcc/pic32c/13.2.1/../../../../pic32c/lib/thumb/v7e-m+fp/hard\libg-musl.a(__pop_float.o)
 .debug_abbrev  0x00002ea2      0x15c c:/Program Files/Microchip/xc32/v5.10/bin/bin/../../lib/gcc/pic32c/13.2.1/../../../../pic32c/lib/thumb/v7e-m+fp/hard\libg-musl.a(__int_vsnprintf.o)
 .debug_abbrev  0x00002ffe      0x13a c:/Program Files/Microchip/xc32/v5.10/bin/bin/../../lib/gcc/pic32c/13.2.1/../../../../pic32c/lib/thumb/v7e-m+fp/hard\libg-musl.a(__int_vfprintf.o)
 .debug_abbrev  0x00003138       0x91 c:/Program Files/Microchip/xc32/v5.10/bin/bin/../../lib/gcc/pic32c/13.2.1/../../../../pic32c/lib/thumb/v7e-m+fp/hard\libc-size-musl.a(strlen.o)
 .debug_abbrev  0x000031c9       0x21 c:/Program Files/Microchip/xc32/v5.10/bin/bin/../../lib/gcc/pic32c/13.2.1/thumb/v7e-m+fp/hard\libgcc.a(_aeabi_uldivmod.o)
 .debug_abbrev  0x000031ea      0x163 c:/Program Files/Microchip/xc32/v5.10/bin/bin/../../lib/gcc/pic32c/13.2.1/thumb/v7e-m+fp/hard\libgcc.a(_udivmoddi4.o)
 .debug_abbrev  0x0000334d       0x1f c:/Program Files/Microchip/xc32/v5.10/bin/bin/../../lib/gcc/pic32c/13.2.1/thumb/v7e-m+fp/hard\libgcc.a(_dvmd_tls.o)
 .debug_abbrev  0x0000336c       0xa2 c:/Program Files/Microchip/xc32/v5.10/bin/bin/../../lib/gcc/pic32c/13.2.1/../../../../pic32c/lib/thumb/v7e-m+fp/hard\libpic32c.a(pic32_data_init_clear.o)
 .debug_abbrev  0x0000340e       0xca c:/Program Files/Microchip/xc32/v5.10/bin/bin/../../lib/gcc/pic32c/13.2.1/../../../../pic32c/lib/thumb/v7e-m+fp/hard\libpic32c.a(pic32_data_init_copy.o)

.debug_aranges  0x00000000      0x970
 .debug_aranges
                0x00000000       0x48 CMakeFiles/Deneme_default_default_XC32_compile.dir/D_/Tez/MPLAB-CANBus/config.mcc/src/config/default/exceptions.c.o
 .debug_aranges
                0x00000048       0x20 CMakeFiles/Deneme_default_default_XC32_compile.dir/D_/Tez/MPLAB-CANBus/config.mcc/src/config/default/initialization.c.o
 .debug_aranges
                0x00000068       0x20 CMakeFiles/Deneme_default_default_XC32_compile.dir/D_/Tez/MPLAB-CANBus/config.mcc/src/config/default/interrupts.c.o
 .debug_aranges
                0x00000088       0xa0 CMakeFiles/Deneme_default_default_XC32_compile.dir/D_/Tez/MPLAB-CANBus/config.mcc/src/config/default/peripheral/can/plib_can1.c.o
 .debug_aranges
                0x00000128       0x20 CMakeFiles/Deneme_default_default_XC32_compile.dir/D_/Tez/MPLAB-CANBus/config.mcc/src/config/default/peripheral/clock/plib_clock.c.o
 .debug_aranges
                0x00000148       0x20 CMakeFiles/Deneme_default_default_XC32_compile.dir/D_/Tez/MPLAB-CANBus/config.mcc/src/config/default/peripheral/evsys/plib_evsys.c.o
 .debug_aranges
                0x00000168       0x48 CMakeFiles/Deneme_default_default_XC32_compile.dir/D_/Tez/MPLAB-CANBus/config.mcc/src/config/default/peripheral/nvic/plib_nvic.c.o
 .debug_aranges
                0x000001b0       0xd8 CMakeFiles/Deneme_default_default_XC32_compile.dir/D_/Tez/MPLAB-CANBus/config.mcc/src/config/default/peripheral/nvmctrl/plib_nvmctrl.c.o
 .debug_aranges
                0x00000288       0x70 CMakeFiles/Deneme_default_default_XC32_compile.dir/D_/Tez/MPLAB-CANBus/config.mcc/src/config/default/peripheral/port/plib_port.c.o
 .debug_aranges
                0x000002f8       0x78 CMakeFiles/Deneme_default_default_XC32_compile.dir/D_/Tez/MPLAB-CANBus/config.mcc/src/config/default/peripheral/sercom/i2c_master/plib_sercom7_i2c_master.c.o
 .debug_aranges
                0x00000370       0xe0 CMakeFiles/Deneme_default_default_XC32_compile.dir/D_/Tez/MPLAB-CANBus/config.mcc/src/config/default/peripheral/sercom/usart/plib_sercom0_usart.c.o
 .debug_aranges
                0x00000450       0xe0 CMakeFiles/Deneme_default_default_XC32_compile.dir/D_/Tez/MPLAB-CANBus/config.mcc/src/config/default/peripheral/sercom/usart/plib_sercom2_usart.c.o
 .debug_aranges
                0x00000530       0x68 CMakeFiles/Deneme_default_default_XC32_compile.dir/D_/Tez/MPLAB-CANBus/config.mcc/src/config/default/peripheral/tc/plib_tc0.c.o
 .debug_aranges
                0x00000598       0x28 CMakeFiles/Deneme_default_default_XC32_compile.dir/D_/Tez/MPLAB-CANBus/config.mcc/src/config/default/peripheral/trng/plib_trng.c.o
 .debug_aranges
                0x000005c0       0x28 CMakeFiles/Deneme_default_default_XC32_compile.dir/D_/Tez/MPLAB-CANBus/config.mcc/src/config/default/startup_xc32.c.o
 .debug_aranges
                0x000005e8       0x28 CMakeFiles/Deneme_default_default_XC32_compile.dir/D_/Tez/MPLAB-CANBus/config.mcc/src/main.c.o
 .debug_aranges
                0x00000610       0x30 c:/Program Files/Microchip/xc32/v5.10/bin/bin/../../lib/gcc/pic32c/13.2.1/../../../../pic32c/lib/thumb/v7e-m+fp/hard\libpic32c.a(data_init.o)
 .debug_aranges
                0x00000640       0x20 c:/Program Files/Microchip/xc32/v5.10/bin/bin/../../lib/gcc/pic32c/13.2.1/../../../../pic32c/lib/thumb/v7e-m+fp/hard\libc-size-musl.a(memcpy.o)
 .debug_aranges
                0x00000660       0x20 c:/Program Files/Microchip/xc32/v5.10/bin/bin/../../lib/gcc/pic32c/13.2.1/../../../../pic32c/lib/thumb/v7e-m+fp/hard\libc-size-musl.a(memset.o)
 .debug_aranges
                0x00000680       0x28 c:/Program Files/Microchip/xc32/v5.10/bin/bin/../../lib/gcc/pic32c/13.2.1/../../../../pic32c/lib/thumb/v7e-m+fp/hard\libg-musl.a(__libc_start_main.o)
 .debug_aranges
                0x000006a8       0x18 c:/Program Files/Microchip/xc32/v5.10/bin/bin/../../lib/gcc/pic32c/13.2.1/../../../../pic32c/lib/thumb/v7e-m+fp/hard\libg-musl.a(libc.o)
 .debug_aranges
                0x000006c0       0x28 c:/Program Files/Microchip/xc32/v5.10/bin/bin/../../lib/gcc/pic32c/13.2.1/../../../../pic32c/lib/thumb/v7e-m+fp/hard\libg-musl.a(__sio_sprintf_nu.o)
 .debug_aranges
                0x000006e8       0x20 c:/Program Files/Microchip/xc32/v5.10/bin/bin/../../lib/gcc/pic32c/13.2.1/../../../../pic32c/lib/thumb/v7e-m+fp/hard\libg-musl.a(__fmt_u.o)
 .debug_aranges
                0x00000708       0x20 c:/Program Files/Microchip/xc32/v5.10/bin/bin/../../lib/gcc/pic32c/13.2.1/../../../../pic32c/lib/thumb/v7e-m+fp/hard\libg-musl.a(__pop_int.o)
 .debug_aranges
                0x00000728       0x20 c:/Program Files/Microchip/xc32/v5.10/bin/bin/../../lib/gcc/pic32c/13.2.1/../../../../pic32c/lib/thumb/v7e-m+fp/hard\libg-musl.a(__pop_ptr.o)
 .debug_aranges
                0x00000748       0x50 c:/Program Files/Microchip/xc32/v5.10/bin/bin/../../lib/gcc/pic32c/13.2.1/../../../../pic32c/lib/thumb/v7e-m+fp/hard\libg-musl.a(__printf_core.o)
 .debug_aranges
                0x00000798       0x20 c:/Program Files/Microchip/xc32/v5.10/bin/bin/../../lib/gcc/pic32c/13.2.1/../../../../pic32c/lib/thumb/v7e-m+fp/hard\libg-musl.a(atoi.o)
 .debug_aranges
                0x000007b8       0x28 c:/Program Files/Microchip/xc32/v5.10/bin/bin/../../lib/gcc/pic32c/13.2.1/../../../../pic32c/lib/thumb/v7e-m+fp/hard\libg-musl.a(tolower.o)
 .debug_aranges
                0x000007e0       0x18 c:/Program Files/Microchip/xc32/v5.10/bin/bin/../../lib/gcc/pic32c/13.2.1/../../../../pic32c/lib/thumb/v7e-m+fp/hard\libg-musl.a(__environ.o)
 .debug_aranges
                0x000007f8       0x18 c:/Program Files/Microchip/xc32/v5.10/bin/bin/../../lib/gcc/pic32c/13.2.1/../../../../pic32c/lib/thumb/v7e-m+fp/hard\libg-musl.a(__errno_location.o)
 .debug_aranges
                0x00000810       0x20 c:/Program Files/Microchip/xc32/v5.10/bin/bin/../../lib/gcc/pic32c/13.2.1/../../../../pic32c/lib/thumb/v7e-m+fp/hard\libg-musl.a(__int_vsprintf.o)
 .debug_aranges
                0x00000830       0x20 c:/Program Files/Microchip/xc32/v5.10/bin/bin/../../lib/gcc/pic32c/13.2.1/../../../../pic32c/lib/thumb/v7e-m+fp/hard\libg-musl.a(__cvt_u.o)
 .debug_aranges
                0x00000850       0x20 c:/Program Files/Microchip/xc32/v5.10/bin/bin/../../lib/gcc/pic32c/13.2.1/../../../../pic32c/lib/thumb/v7e-m+fp/hard\libg-musl.a(__pop_float.o)
 .debug_aranges
                0x00000870       0x20 c:/Program Files/Microchip/xc32/v5.10/bin/bin/../../lib/gcc/pic32c/13.2.1/../../../../pic32c/lib/thumb/v7e-m+fp/hard\libg-musl.a(__int_vsnprintf.o)
 .debug_aranges
                0x00000890       0x20 c:/Program Files/Microchip/xc32/v5.10/bin/bin/../../lib/gcc/pic32c/13.2.1/../../../../pic32c/lib/thumb/v7e-m+fp/hard\libg-musl.a(__int_vfprintf.o)
 .debug_aranges
                0x000008b0       0x20 c:/Program Files/Microchip/xc32/v5.10/bin/bin/../../lib/gcc/pic32c/13.2.1/../../../../pic32c/lib/thumb/v7e-m+fp/hard\libc-size-musl.a(strlen.o)
 .debug_aranges
                0x000008d0       0x20 c:/Program Files/Microchip/xc32/v5.10/bin/bin/../../lib/gcc/pic32c/13.2.1/thumb/v7e-m+fp/hard\libgcc.a(_aeabi_uldivmod.o)
 .debug_aranges
                0x000008f0       0x20 c:/Program Files/Microchip/xc32/v5.10/bin/bin/../../lib/gcc/pic32c/13.2.1/thumb/v7e-m+fp/hard\libgcc.a(_udivmoddi4.o)
 .debug_aranges
                0x00000910       0x20 c:/Program Files/Microchip/xc32/v5.10/bin/bin/../../lib/gcc/pic32c/13.2.1/thumb/v7e-m+fp/hard\libgcc.a(_dvmd_tls.o)
 .debug_aranges
                0x00000930       0x20 c:/Program Files/Microchip/xc32/v5.10/bin/bin/../../lib/gcc/pic32c/13.2.1/../../../../pic32c/lib/thumb/v7e-m+fp/hard\libpic32c.a(pic32_data_init_clear.o)
 .debug_aranges
                0x00000950       0x20 c:/Program Files/Microchip/xc32/v5.10/bin/bin/../../lib/gcc/pic32c/13.2.1/../../../../pic32c/lib/thumb/v7e-m+fp/hard\libpic32c.a(pic32_data_init_copy.o)

.debug_ranges   0x00000000      0x968
 .debug_ranges  0x00000000       0x38 CMakeFiles/Deneme_default_default_XC32_compile.dir/D_/Tez/MPLAB-CANBus/config.mcc/src/config/default/exceptions.c.o
 .debug_ranges  0x00000038       0x10 CMakeFiles/Deneme_default_default_XC32_compile.dir/D_/Tez/MPLAB-CANBus/config.mcc/src/config/default/initialization.c.o
 .debug_ranges  0x00000048       0x10 CMakeFiles/Deneme_default_default_XC32_compile.dir/D_/Tez/MPLAB-CANBus/config.mcc/src/config/default/interrupts.c.o
 .debug_ranges  0x00000058       0xc0 CMakeFiles/Deneme_default_default_XC32_compile.dir/D_/Tez/MPLAB-CANBus/config.mcc/src/config/default/peripheral/can/plib_can1.c.o
 .debug_ranges  0x00000118       0x10 CMakeFiles/Deneme_default_default_XC32_compile.dir/D_/Tez/MPLAB-CANBus/config.mcc/src/config/default/peripheral/clock/plib_clock.c.o
 .debug_ranges  0x00000128       0x10 CMakeFiles/Deneme_default_default_XC32_compile.dir/D_/Tez/MPLAB-CANBus/config.mcc/src/config/default/peripheral/evsys/plib_evsys.c.o
 .debug_ranges  0x00000138       0x38 CMakeFiles/Deneme_default_default_XC32_compile.dir/D_/Tez/MPLAB-CANBus/config.mcc/src/config/default/peripheral/nvic/plib_nvic.c.o
 .debug_ranges  0x00000170       0xc8 CMakeFiles/Deneme_default_default_XC32_compile.dir/D_/Tez/MPLAB-CANBus/config.mcc/src/config/default/peripheral/nvmctrl/plib_nvmctrl.c.o
 .debug_ranges  0x00000238       0x60 CMakeFiles/Deneme_default_default_XC32_compile.dir/D_/Tez/MPLAB-CANBus/config.mcc/src/config/default/peripheral/port/plib_port.c.o
 .debug_ranges  0x00000298      0x130 CMakeFiles/Deneme_default_default_XC32_compile.dir/D_/Tez/MPLAB-CANBus/config.mcc/src/config/default/peripheral/sercom/i2c_master/plib_sercom7_i2c_master.c.o
 .debug_ranges  0x000003c8      0x120 CMakeFiles/Deneme_default_default_XC32_compile.dir/D_/Tez/MPLAB-CANBus/config.mcc/src/config/default/peripheral/sercom/usart/plib_sercom0_usart.c.o
 .debug_ranges  0x000004e8      0x120 CMakeFiles/Deneme_default_default_XC32_compile.dir/D_/Tez/MPLAB-CANBus/config.mcc/src/config/default/peripheral/sercom/usart/plib_sercom2_usart.c.o
 .debug_ranges  0x00000608       0x58 CMakeFiles/Deneme_default_default_XC32_compile.dir/D_/Tez/MPLAB-CANBus/config.mcc/src/config/default/peripheral/tc/plib_tc0.c.o
 .debug_ranges  0x00000660       0x18 CMakeFiles/Deneme_default_default_XC32_compile.dir/D_/Tez/MPLAB-CANBus/config.mcc/src/config/default/peripheral/trng/plib_trng.c.o
 .debug_ranges  0x00000678       0x18 CMakeFiles/Deneme_default_default_XC32_compile.dir/D_/Tez/MPLAB-CANBus/config.mcc/src/config/default/startup_xc32.c.o
 .debug_ranges  0x00000690       0x48 CMakeFiles/Deneme_default_default_XC32_compile.dir/D_/Tez/MPLAB-CANBus/config.mcc/src/main.c.o
 .debug_ranges  0x000006d8       0x20 c:/Program Files/Microchip/xc32/v5.10/bin/bin/../../lib/gcc/pic32c/13.2.1/../../../../pic32c/lib/thumb/v7e-m+fp/hard\libpic32c.a(data_init.o)
 .debug_ranges  0x000006f8       0x10 c:/Program Files/Microchip/xc32/v5.10/bin/bin/../../lib/gcc/pic32c/13.2.1/../../../../pic32c/lib/thumb/v7e-m+fp/hard\libc-size-musl.a(memcpy.o)
 .debug_ranges  0x00000708       0x10 c:/Program Files/Microchip/xc32/v5.10/bin/bin/../../lib/gcc/pic32c/13.2.1/../../../../pic32c/lib/thumb/v7e-m+fp/hard\libc-size-musl.a(memset.o)
 .debug_ranges  0x00000718       0x40 c:/Program Files/Microchip/xc32/v5.10/bin/bin/../../lib/gcc/pic32c/13.2.1/../../../../pic32c/lib/thumb/v7e-m+fp/hard\libg-musl.a(__libc_start_main.o)
 .debug_ranges  0x00000758       0x18 c:/Program Files/Microchip/xc32/v5.10/bin/bin/../../lib/gcc/pic32c/13.2.1/../../../../pic32c/lib/thumb/v7e-m+fp/hard\libg-musl.a(__sio_sprintf_nu.o)
 .debug_ranges  0x00000770       0x10 c:/Program Files/Microchip/xc32/v5.10/bin/bin/../../lib/gcc/pic32c/13.2.1/../../../../pic32c/lib/thumb/v7e-m+fp/hard\libg-musl.a(__fmt_u.o)
 .debug_ranges  0x00000780       0x10 c:/Program Files/Microchip/xc32/v5.10/bin/bin/../../lib/gcc/pic32c/13.2.1/../../../../pic32c/lib/thumb/v7e-m+fp/hard\libg-musl.a(__pop_int.o)
 .debug_ranges  0x00000790       0x10 c:/Program Files/Microchip/xc32/v5.10/bin/bin/../../lib/gcc/pic32c/13.2.1/../../../../pic32c/lib/thumb/v7e-m+fp/hard\libg-musl.a(__pop_ptr.o)
 .debug_ranges  0x000007a0       0x58 c:/Program Files/Microchip/xc32/v5.10/bin/bin/../../lib/gcc/pic32c/13.2.1/../../../../pic32c/lib/thumb/v7e-m+fp/hard\libg-musl.a(__printf_core.o)
 .debug_ranges  0x000007f8       0x28 c:/Program Files/Microchip/xc32/v5.10/bin/bin/../../lib/gcc/pic32c/13.2.1/../../../../pic32c/lib/thumb/v7e-m+fp/hard\libg-musl.a(atoi.o)
 .debug_ranges  0x00000820       0x18 c:/Program Files/Microchip/xc32/v5.10/bin/bin/../../lib/gcc/pic32c/13.2.1/../../../../pic32c/lib/thumb/v7e-m+fp/hard\libg-musl.a(tolower.o)
 .debug_ranges  0x00000838       0x10 c:/Program Files/Microchip/xc32/v5.10/bin/bin/../../lib/gcc/pic32c/13.2.1/../../../../pic32c/lib/thumb/v7e-m+fp/hard\libg-musl.a(__int_vsprintf.o)
 .debug_ranges  0x00000848       0x10 c:/Program Files/Microchip/xc32/v5.10/bin/bin/../../lib/gcc/pic32c/13.2.1/../../../../pic32c/lib/thumb/v7e-m+fp/hard\libg-musl.a(__cvt_u.o)
 .debug_ranges  0x00000858       0x10 c:/Program Files/Microchip/xc32/v5.10/bin/bin/../../lib/gcc/pic32c/13.2.1/../../../../pic32c/lib/thumb/v7e-m+fp/hard\libg-musl.a(__pop_float.o)
 .debug_ranges  0x00000868       0x10 c:/Program Files/Microchip/xc32/v5.10/bin/bin/../../lib/gcc/pic32c/13.2.1/../../../../pic32c/lib/thumb/v7e-m+fp/hard\libg-musl.a(__int_vsnprintf.o)
 .debug_ranges  0x00000878       0x10 c:/Program Files/Microchip/xc32/v5.10/bin/bin/../../lib/gcc/pic32c/13.2.1/../../../../pic32c/lib/thumb/v7e-m+fp/hard\libg-musl.a(__int_vfprintf.o)
 .debug_ranges  0x00000888       0x10 c:/Program Files/Microchip/xc32/v5.10/bin/bin/../../lib/gcc/pic32c/13.2.1/../../../../pic32c/lib/thumb/v7e-m+fp/hard\libc-size-musl.a(strlen.o)
 .debug_ranges  0x00000898       0xb0 c:/Program Files/Microchip/xc32/v5.10/bin/bin/../../lib/gcc/pic32c/13.2.1/thumb/v7e-m+fp/hard\libgcc.a(_udivmoddi4.o)
 .debug_ranges  0x00000948       0x10 c:/Program Files/Microchip/xc32/v5.10/bin/bin/../../lib/gcc/pic32c/13.2.1/../../../../pic32c/lib/thumb/v7e-m+fp/hard\libpic32c.a(pic32_data_init_clear.o)
 .debug_ranges  0x00000958       0x10 c:/Program Files/Microchip/xc32/v5.10/bin/bin/../../lib/gcc/pic32c/13.2.1/../../../../pic32c/lib/thumb/v7e-m+fp/hard\libpic32c.a(pic32_data_init_copy.o)

.debug_line     0x00000000     0x7dde
 .debug_line    0x00000000       0xf5 CMakeFiles/Deneme_default_default_XC32_compile.dir/D_/Tez/MPLAB-CANBus/config.mcc/src/config/default/exceptions.c.o
 .debug_line    0x000000f5      0x401 CMakeFiles/Deneme_default_default_XC32_compile.dir/D_/Tez/MPLAB-CANBus/config.mcc/src/config/default/initialization.c.o
 .debug_line    0x000004f6       0xe9 CMakeFiles/Deneme_default_default_XC32_compile.dir/D_/Tez/MPLAB-CANBus/config.mcc/src/config/default/interrupts.c.o
 .debug_line    0x000005df      0xb6f CMakeFiles/Deneme_default_default_XC32_compile.dir/D_/Tez/MPLAB-CANBus/config.mcc/src/config/default/peripheral/can/plib_can1.c.o
 .debug_line    0x0000114e      0x43e CMakeFiles/Deneme_default_default_XC32_compile.dir/D_/Tez/MPLAB-CANBus/config.mcc/src/config/default/peripheral/clock/plib_clock.c.o
 .debug_line    0x0000158c       0x82 CMakeFiles/Deneme_default_default_XC32_compile.dir/D_/Tez/MPLAB-CANBus/config.mcc/src/config/default/peripheral/evsys/plib_evsys.c.o
 .debug_line    0x0000160e      0x6fd CMakeFiles/Deneme_default_default_XC32_compile.dir/D_/Tez/MPLAB-CANBus/config.mcc/src/config/default/peripheral/nvic/plib_nvic.c.o
 .debug_line    0x00001d0b      0x6cc CMakeFiles/Deneme_default_default_XC32_compile.dir/D_/Tez/MPLAB-CANBus/config.mcc/src/config/default/peripheral/nvmctrl/plib_nvmctrl.c.o
 .debug_line    0x000023d7      0x33d CMakeFiles/Deneme_default_default_XC32_compile.dir/D_/Tez/MPLAB-CANBus/config.mcc/src/config/default/peripheral/port/plib_port.c.o
 .debug_line    0x00002714      0xb5b CMakeFiles/Deneme_default_default_XC32_compile.dir/D_/Tez/MPLAB-CANBus/config.mcc/src/config/default/peripheral/sercom/i2c_master/plib_sercom7_i2c_master.c.o
 .debug_line    0x0000326f      0xb04 CMakeFiles/Deneme_default_default_XC32_compile.dir/D_/Tez/MPLAB-CANBus/config.mcc/src/config/default/peripheral/sercom/usart/plib_sercom0_usart.c.o
 .debug_line    0x00003d73      0xb04 CMakeFiles/Deneme_default_default_XC32_compile.dir/D_/Tez/MPLAB-CANBus/config.mcc/src/config/default/peripheral/sercom/usart/plib_sercom2_usart.c.o
 .debug_line    0x00004877      0x3a3 CMakeFiles/Deneme_default_default_XC32_compile.dir/D_/Tez/MPLAB-CANBus/config.mcc/src/config/default/peripheral/tc/plib_tc0.c.o
 .debug_line    0x00004c1a      0x169 CMakeFiles/Deneme_default_default_XC32_compile.dir/D_/Tez/MPLAB-CANBus/config.mcc/src/config/default/peripheral/trng/plib_trng.c.o
 .debug_line    0x00004d83      0x2ac CMakeFiles/Deneme_default_default_XC32_compile.dir/D_/Tez/MPLAB-CANBus/config.mcc/src/config/default/startup_xc32.c.o
 .debug_line    0x0000502f      0x255 CMakeFiles/Deneme_default_default_XC32_compile.dir/D_/Tez/MPLAB-CANBus/config.mcc/src/main.c.o
 .debug_line    0x00005284      0x163 c:/Program Files/Microchip/xc32/v5.10/bin/bin/../../lib/gcc/pic32c/13.2.1/../../../../pic32c/lib/thumb/v7e-m+fp/hard\libpic32c.a(data_init.o)
 .debug_line    0x000053e7      0x165 c:/Program Files/Microchip/xc32/v5.10/bin/bin/../../lib/gcc/pic32c/13.2.1/../../../../pic32c/lib/thumb/v7e-m+fp/hard\libc-size-musl.a(memcpy.o)
 .debug_line    0x0000554c      0x162 c:/Program Files/Microchip/xc32/v5.10/bin/bin/../../lib/gcc/pic32c/13.2.1/../../../../pic32c/lib/thumb/v7e-m+fp/hard\libc-size-musl.a(memset.o)
 .debug_line    0x000056ae      0x1da c:/Program Files/Microchip/xc32/v5.10/bin/bin/../../lib/gcc/pic32c/13.2.1/../../../../pic32c/lib/thumb/v7e-m+fp/hard\libg-musl.a(__libc_start_main.o)
 .debug_line    0x00005888       0xb5 c:/Program Files/Microchip/xc32/v5.10/bin/bin/../../lib/gcc/pic32c/13.2.1/../../../../pic32c/lib/thumb/v7e-m+fp/hard\libg-musl.a(libc.o)
 .debug_line    0x0000593d      0x19b c:/Program Files/Microchip/xc32/v5.10/bin/bin/../../lib/gcc/pic32c/13.2.1/../../../../pic32c/lib/thumb/v7e-m+fp/hard\libg-musl.a(__sio_sprintf_nu.o)
 .debug_line    0x00005ad8      0x191 c:/Program Files/Microchip/xc32/v5.10/bin/bin/../../lib/gcc/pic32c/13.2.1/../../../../pic32c/lib/thumb/v7e-m+fp/hard\libg-musl.a(__fmt_u.o)
 .debug_line    0x00005c69      0x23f c:/Program Files/Microchip/xc32/v5.10/bin/bin/../../lib/gcc/pic32c/13.2.1/../../../../pic32c/lib/thumb/v7e-m+fp/hard\libg-musl.a(__pop_int.o)
 .debug_line    0x00005ea8      0x1c4 c:/Program Files/Microchip/xc32/v5.10/bin/bin/../../lib/gcc/pic32c/13.2.1/../../../../pic32c/lib/thumb/v7e-m+fp/hard\libg-musl.a(__pop_ptr.o)
 .debug_line    0x0000606c      0x76a c:/Program Files/Microchip/xc32/v5.10/bin/bin/../../lib/gcc/pic32c/13.2.1/../../../../pic32c/lib/thumb/v7e-m+fp/hard\libg-musl.a(__printf_core.o)
 .debug_line    0x000067d6      0x17d c:/Program Files/Microchip/xc32/v5.10/bin/bin/../../lib/gcc/pic32c/13.2.1/../../../../pic32c/lib/thumb/v7e-m+fp/hard\libg-musl.a(atoi.o)
 .debug_line    0x00006953      0x15d c:/Program Files/Microchip/xc32/v5.10/bin/bin/../../lib/gcc/pic32c/13.2.1/../../../../pic32c/lib/thumb/v7e-m+fp/hard\libg-musl.a(tolower.o)
 .debug_line    0x00006ab0       0xfb c:/Program Files/Microchip/xc32/v5.10/bin/bin/../../lib/gcc/pic32c/13.2.1/../../../../pic32c/lib/thumb/v7e-m+fp/hard\libg-musl.a(__environ.o)
 .debug_line    0x00006bab       0x9a c:/Program Files/Microchip/xc32/v5.10/bin/bin/../../lib/gcc/pic32c/13.2.1/../../../../pic32c/lib/thumb/v7e-m+fp/hard\libg-musl.a(__errno_location.o)
 .debug_line    0x00006c45      0x14e c:/Program Files/Microchip/xc32/v5.10/bin/bin/../../lib/gcc/pic32c/13.2.1/../../../../pic32c/lib/thumb/v7e-m+fp/hard\libg-musl.a(__int_vsprintf.o)
 .debug_line    0x00006d93      0x1de c:/Program Files/Microchip/xc32/v5.10/bin/bin/../../lib/gcc/pic32c/13.2.1/../../../../pic32c/lib/thumb/v7e-m+fp/hard\libg-musl.a(__cvt_u.o)
 .debug_line    0x00006f71      0x16c c:/Program Files/Microchip/xc32/v5.10/bin/bin/../../lib/gcc/pic32c/13.2.1/../../../../pic32c/lib/thumb/v7e-m+fp/hard\libg-musl.a(__pop_float.o)
 .debug_line    0x000070dd      0x1c7 c:/Program Files/Microchip/xc32/v5.10/bin/bin/../../lib/gcc/pic32c/13.2.1/../../../../pic32c/lib/thumb/v7e-m+fp/hard\libg-musl.a(__int_vsnprintf.o)
 .debug_line    0x000072a4      0x16b c:/Program Files/Microchip/xc32/v5.10/bin/bin/../../lib/gcc/pic32c/13.2.1/../../../../pic32c/lib/thumb/v7e-m+fp/hard\libg-musl.a(__int_vfprintf.o)
 .debug_line    0x0000740f      0x161 c:/Program Files/Microchip/xc32/v5.10/bin/bin/../../lib/gcc/pic32c/13.2.1/../../../../pic32c/lib/thumb/v7e-m+fp/hard\libc-size-musl.a(strlen.o)
 .debug_line    0x00007570       0x85 c:/Program Files/Microchip/xc32/v5.10/bin/bin/../../lib/gcc/pic32c/13.2.1/thumb/v7e-m+fp/hard\libgcc.a(_aeabi_uldivmod.o)
 .debug_line    0x000075f5      0x522 c:/Program Files/Microchip/xc32/v5.10/bin/bin/../../lib/gcc/pic32c/13.2.1/thumb/v7e-m+fp/hard\libgcc.a(_udivmoddi4.o)
 .debug_line    0x00007b17       0x85 c:/Program Files/Microchip/xc32/v5.10/bin/bin/../../lib/gcc/pic32c/13.2.1/thumb/v7e-m+fp/hard\libgcc.a(_dvmd_tls.o)
 .debug_line    0x00007b9c      0x11c c:/Program Files/Microchip/xc32/v5.10/bin/bin/../../lib/gcc/pic32c/13.2.1/../../../../pic32c/lib/thumb/v7e-m+fp/hard\libpic32c.a(pic32_data_init_clear.o)
 .debug_line    0x00007cb8      0x126 c:/Program Files/Microchip/xc32/v5.10/bin/bin/../../lib/gcc/pic32c/13.2.1/../../../../pic32c/lib/thumb/v7e-m+fp/hard\libpic32c.a(pic32_data_init_copy.o)

.debug_str      0x00000000     0x649e
 .debug_str     0x00000000     0x649e CMakeFiles/Deneme_default_default_XC32_compile.dir/D_/Tez/MPLAB-CANBus/config.mcc/src/config/default/exceptions.c.o
                                0x308 (size before relaxing)
 .debug_str     0x0000649e      0x377 CMakeFiles/Deneme_default_default_XC32_compile.dir/D_/Tez/MPLAB-CANBus/config.mcc/src/config/default/initialization.c.o
 .debug_str     0x0000649e      0xffc CMakeFiles/Deneme_default_default_XC32_compile.dir/D_/Tez/MPLAB-CANBus/config.mcc/src/config/default/interrupts.c.o
 .debug_str     0x0000649e      0xee2 CMakeFiles/Deneme_default_default_XC32_compile.dir/D_/Tez/MPLAB-CANBus/config.mcc/src/config/default/peripheral/can/plib_can1.c.o
 .debug_str     0x0000649e      0x64d CMakeFiles/Deneme_default_default_XC32_compile.dir/D_/Tez/MPLAB-CANBus/config.mcc/src/config/default/peripheral/clock/plib_clock.c.o
 .debug_str     0x0000649e      0x2a9 CMakeFiles/Deneme_default_default_XC32_compile.dir/D_/Tez/MPLAB-CANBus/config.mcc/src/config/default/peripheral/evsys/plib_evsys.c.o
 .debug_str     0x0000649e      0xd44 CMakeFiles/Deneme_default_default_XC32_compile.dir/D_/Tez/MPLAB-CANBus/config.mcc/src/config/default/peripheral/nvic/plib_nvic.c.o
 .debug_str     0x0000649e      0x6b1 CMakeFiles/Deneme_default_default_XC32_compile.dir/D_/Tez/MPLAB-CANBus/config.mcc/src/config/default/peripheral/nvmctrl/plib_nvmctrl.c.o
 .debug_str     0x0000649e      0xb5b CMakeFiles/Deneme_default_default_XC32_compile.dir/D_/Tez/MPLAB-CANBus/config.mcc/src/config/default/peripheral/port/plib_port.c.o
 .debug_str     0x0000649e      0x96e CMakeFiles/Deneme_default_default_XC32_compile.dir/D_/Tez/MPLAB-CANBus/config.mcc/src/config/default/peripheral/sercom/i2c_master/plib_sercom7_i2c_master.c.o
 .debug_str     0x0000649e      0xa88 CMakeFiles/Deneme_default_default_XC32_compile.dir/D_/Tez/MPLAB-CANBus/config.mcc/src/config/default/peripheral/sercom/usart/plib_sercom0_usart.c.o
 .debug_str     0x0000649e      0xa88 CMakeFiles/Deneme_default_default_XC32_compile.dir/D_/Tez/MPLAB-CANBus/config.mcc/src/config/default/peripheral/sercom/usart/plib_sercom2_usart.c.o
 .debug_str     0x0000649e      0x552 CMakeFiles/Deneme_default_default_XC32_compile.dir/D_/Tez/MPLAB-CANBus/config.mcc/src/config/default/peripheral/tc/plib_tc0.c.o
 .debug_str     0x0000649e      0x33e CMakeFiles/Deneme_default_default_XC32_compile.dir/D_/Tez/MPLAB-CANBus/config.mcc/src/config/default/peripheral/trng/plib_trng.c.o
 .debug_str     0x0000649e      0x442 CMakeFiles/Deneme_default_default_XC32_compile.dir/D_/Tez/MPLAB-CANBus/config.mcc/src/config/default/startup_xc32.c.o
 .debug_str     0x0000649e      0x4ba CMakeFiles/Deneme_default_default_XC32_compile.dir/D_/Tez/MPLAB-CANBus/config.mcc/src/main.c.o
 .debug_str     0x0000649e      0x2f6 c:/Program Files/Microchip/xc32/v5.10/bin/bin/../../lib/gcc/pic32c/13.2.1/../../../../pic32c/lib/thumb/v7e-m+fp/hard\libpic32c.a(data_init.o)
 .debug_str     0x0000649e      0x256 c:/Program Files/Microchip/xc32/v5.10/bin/bin/../../lib/gcc/pic32c/13.2.1/../../../../pic32c/lib/thumb/v7e-m+fp/hard\libc-size-musl.a(memcpy.o)
 .debug_str     0x0000649e      0x242 c:/Program Files/Microchip/xc32/v5.10/bin/bin/../../lib/gcc/pic32c/13.2.1/../../../../pic32c/lib/thumb/v7e-m+fp/hard\libc-size-musl.a(memset.o)
 .debug_str     0x0000649e      0x3e4 c:/Program Files/Microchip/xc32/v5.10/bin/bin/../../lib/gcc/pic32c/13.2.1/../../../../pic32c/lib/thumb/v7e-m+fp/hard\libg-musl.a(__libc_start_main.o)
 .debug_str     0x0000649e      0x34f c:/Program Files/Microchip/xc32/v5.10/bin/bin/../../lib/gcc/pic32c/13.2.1/../../../../pic32c/lib/thumb/v7e-m+fp/hard\libg-musl.a(libc.o)
 .debug_str     0x0000649e      0x316 c:/Program Files/Microchip/xc32/v5.10/bin/bin/../../lib/gcc/pic32c/13.2.1/../../../../pic32c/lib/thumb/v7e-m+fp/hard\libg-musl.a(__sio_sprintf_nu.o)
 .debug_str     0x0000649e      0x30f c:/Program Files/Microchip/xc32/v5.10/bin/bin/../../lib/gcc/pic32c/13.2.1/../../../../pic32c/lib/thumb/v7e-m+fp/hard\libg-musl.a(__fmt_u.o)
 .debug_str     0x0000649e      0x2e5 c:/Program Files/Microchip/xc32/v5.10/bin/bin/../../lib/gcc/pic32c/13.2.1/../../../../pic32c/lib/thumb/v7e-m+fp/hard\libg-musl.a(__pop_int.o)
 .debug_str     0x0000649e      0x2e7 c:/Program Files/Microchip/xc32/v5.10/bin/bin/../../lib/gcc/pic32c/13.2.1/../../../../pic32c/lib/thumb/v7e-m+fp/hard\libg-musl.a(__pop_ptr.o)
 .debug_str     0x0000649e      0x401 c:/Program Files/Microchip/xc32/v5.10/bin/bin/../../lib/gcc/pic32c/13.2.1/../../../../pic32c/lib/thumb/v7e-m+fp/hard\libg-musl.a(__printf_core.o)
 .debug_str     0x0000649e      0x236 c:/Program Files/Microchip/xc32/v5.10/bin/bin/../../lib/gcc/pic32c/13.2.1/../../../../pic32c/lib/thumb/v7e-m+fp/hard\libg-musl.a(atoi.o)
 .debug_str     0x0000649e      0x27a c:/Program Files/Microchip/xc32/v5.10/bin/bin/../../lib/gcc/pic32c/13.2.1/../../../../pic32c/lib/thumb/v7e-m+fp/hard\libg-musl.a(tolower.o)
 .debug_str     0x0000649e      0x24f c:/Program Files/Microchip/xc32/v5.10/bin/bin/../../lib/gcc/pic32c/13.2.1/../../../../pic32c/lib/thumb/v7e-m+fp/hard\libg-musl.a(__environ.o)
 .debug_str     0x0000649e      0x243 c:/Program Files/Microchip/xc32/v5.10/bin/bin/../../lib/gcc/pic32c/13.2.1/../../../../pic32c/lib/thumb/v7e-m+fp/hard\libg-musl.a(__errno_location.o)
 .debug_str     0x0000649e      0x2d6 c:/Program Files/Microchip/xc32/v5.10/bin/bin/../../lib/gcc/pic32c/13.2.1/../../../../pic32c/lib/thumb/v7e-m+fp/hard\libg-musl.a(__int_vsprintf.o)
 .debug_str     0x0000649e      0x2dc c:/Program Files/Microchip/xc32/v5.10/bin/bin/../../lib/gcc/pic32c/13.2.1/../../../../pic32c/lib/thumb/v7e-m+fp/hard\libg-musl.a(__cvt_u.o)
 .debug_str     0x0000649e      0x2da c:/Program Files/Microchip/xc32/v5.10/bin/bin/../../lib/gcc/pic32c/13.2.1/../../../../pic32c/lib/thumb/v7e-m+fp/hard\libg-musl.a(__pop_float.o)
 .debug_str     0x0000649e      0x31d c:/Program Files/Microchip/xc32/v5.10/bin/bin/../../lib/gcc/pic32c/13.2.1/../../../../pic32c/lib/thumb/v7e-m+fp/hard\libg-musl.a(__int_vsnprintf.o)
 .debug_str     0x0000649e      0x303 c:/Program Files/Microchip/xc32/v5.10/bin/bin/../../lib/gcc/pic32c/13.2.1/../../../../pic32c/lib/thumb/v7e-m+fp/hard\libg-musl.a(__int_vfprintf.o)
 .debug_str     0x0000649e      0x248 c:/Program Files/Microchip/xc32/v5.10/bin/bin/../../lib/gcc/pic32c/13.2.1/../../../../pic32c/lib/thumb/v7e-m+fp/hard\libc-size-musl.a(strlen.o)
 .debug_str     0x0000649e       0xde c:/Program Files/Microchip/xc32/v5.10/bin/bin/../../lib/gcc/pic32c/13.2.1/thumb/v7e-m+fp/hard\libgcc.a(_aeabi_uldivmod.o)
 .debug_str     0x0000649e      0x715 c:/Program Files/Microchip/xc32/v5.10/bin/bin/../../lib/gcc/pic32c/13.2.1/thumb/v7e-m+fp/hard\libgcc.a(_udivmoddi4.o)
 .debug_str     0x0000649e       0xed c:/Program Files/Microchip/xc32/v5.10/bin/bin/../../lib/gcc/pic32c/13.2.1/thumb/v7e-m+fp/hard\libgcc.a(_dvmd_tls.o)
 .debug_str     0x0000649e      0x287 c:/Program Files/Microchip/xc32/v5.10/bin/bin/../../lib/gcc/pic32c/13.2.1/../../../../pic32c/lib/thumb/v7e-m+fp/hard\libpic32c.a(pic32_data_init_clear.o)
 .debug_str     0x0000649e      0x28e c:/Program Files/Microchip/xc32/v5.10/bin/bin/../../lib/gcc/pic32c/13.2.1/../../../../pic32c/lib/thumb/v7e-m+fp/hard\libpic32c.a(pic32_data_init_copy.o)

.debug_frame    0x00000000     0x1030
 .debug_frame   0x00000000       0x70 CMakeFiles/Deneme_default_default_XC32_compile.dir/D_/Tez/MPLAB-CANBus/config.mcc/src/config/default/exceptions.c.o
 .debug_frame   0x00000070       0x28 CMakeFiles/Deneme_default_default_XC32_compile.dir/D_/Tez/MPLAB-CANBus/config.mcc/src/config/default/initialization.c.o
 .debug_frame   0x00000098       0x20 CMakeFiles/Deneme_default_default_XC32_compile.dir/D_/Tez/MPLAB-CANBus/config.mcc/src/config/default/interrupts.c.o
 .debug_frame   0x000000b8      0x184 CMakeFiles/Deneme_default_default_XC32_compile.dir/D_/Tez/MPLAB-CANBus/config.mcc/src/config/default/peripheral/can/plib_can1.c.o
 .debug_frame   0x0000023c       0x20 CMakeFiles/Deneme_default_default_XC32_compile.dir/D_/Tez/MPLAB-CANBus/config.mcc/src/config/default/peripheral/clock/plib_clock.c.o
 .debug_frame   0x0000025c       0x20 CMakeFiles/Deneme_default_default_XC32_compile.dir/D_/Tez/MPLAB-CANBus/config.mcc/src/config/default/peripheral/evsys/plib_evsys.c.o
 .debug_frame   0x0000027c       0x88 CMakeFiles/Deneme_default_default_XC32_compile.dir/D_/Tez/MPLAB-CANBus/config.mcc/src/config/default/peripheral/nvic/plib_nvic.c.o
 .debug_frame   0x00000304      0x1bc CMakeFiles/Deneme_default_default_XC32_compile.dir/D_/Tez/MPLAB-CANBus/config.mcc/src/config/default/peripheral/nvmctrl/plib_nvmctrl.c.o
 .debug_frame   0x000004c0       0xc8 CMakeFiles/Deneme_default_default_XC32_compile.dir/D_/Tez/MPLAB-CANBus/config.mcc/src/config/default/peripheral/port/plib_port.c.o
 .debug_frame   0x00000588      0x104 CMakeFiles/Deneme_default_default_XC32_compile.dir/D_/Tez/MPLAB-CANBus/config.mcc/src/config/default/peripheral/sercom/i2c_master/plib_sercom7_i2c_master.c.o
 .debug_frame   0x0000068c      0x1f4 CMakeFiles/Deneme_default_default_XC32_compile.dir/D_/Tez/MPLAB-CANBus/config.mcc/src/config/default/peripheral/sercom/usart/plib_sercom0_usart.c.o
 .debug_frame   0x00000880      0x1f4 CMakeFiles/Deneme_default_default_XC32_compile.dir/D_/Tez/MPLAB-CANBus/config.mcc/src/config/default/peripheral/sercom/usart/plib_sercom2_usart.c.o
 .debug_frame   0x00000a74       0xb0 CMakeFiles/Deneme_default_default_XC32_compile.dir/D_/Tez/MPLAB-CANBus/config.mcc/src/config/default/peripheral/tc/plib_tc0.c.o
 .debug_frame   0x00000b24       0x30 CMakeFiles/Deneme_default_default_XC32_compile.dir/D_/Tez/MPLAB-CANBus/config.mcc/src/config/default/peripheral/trng/plib_trng.c.o
 .debug_frame   0x00000b54       0x38 CMakeFiles/Deneme_default_default_XC32_compile.dir/D_/Tez/MPLAB-CANBus/config.mcc/src/config/default/startup_xc32.c.o
 .debug_frame   0x00000b8c       0x40 CMakeFiles/Deneme_default_default_XC32_compile.dir/D_/Tez/MPLAB-CANBus/config.mcc/src/main.c.o
 .debug_frame   0x00000bcc       0x4c c:/Program Files/Microchip/xc32/v5.10/bin/bin/../../lib/gcc/pic32c/13.2.1/../../../../pic32c/lib/thumb/v7e-m+fp/hard\libpic32c.a(data_init.o)
 .debug_frame   0x00000c18       0x20 c:/Program Files/Microchip/xc32/v5.10/bin/bin/../../lib/gcc/pic32c/13.2.1/../../../../pic32c/lib/thumb/v7e-m+fp/hard\libc-size-musl.a(memcpy.o)
 .debug_frame   0x00000c38       0x20 c:/Program Files/Microchip/xc32/v5.10/bin/bin/../../lib/gcc/pic32c/13.2.1/../../../../pic32c/lib/thumb/v7e-m+fp/hard\libc-size-musl.a(memset.o)
 .debug_frame   0x00000c58       0x3c c:/Program Files/Microchip/xc32/v5.10/bin/bin/../../lib/gcc/pic32c/13.2.1/../../../../pic32c/lib/thumb/v7e-m+fp/hard\libg-musl.a(__libc_start_main.o)
 .debug_frame   0x00000c94       0x58 c:/Program Files/Microchip/xc32/v5.10/bin/bin/../../lib/gcc/pic32c/13.2.1/../../../../pic32c/lib/thumb/v7e-m+fp/hard\libg-musl.a(__sio_sprintf_nu.o)
 .debug_frame   0x00000cec       0x34 c:/Program Files/Microchip/xc32/v5.10/bin/bin/../../lib/gcc/pic32c/13.2.1/../../../../pic32c/lib/thumb/v7e-m+fp/hard\libg-musl.a(__fmt_u.o)
 .debug_frame   0x00000d20       0x28 c:/Program Files/Microchip/xc32/v5.10/bin/bin/../../lib/gcc/pic32c/13.2.1/../../../../pic32c/lib/thumb/v7e-m+fp/hard\libg-musl.a(__pop_int.o)
 .debug_frame   0x00000d48       0x28 c:/Program Files/Microchip/xc32/v5.10/bin/bin/../../lib/gcc/pic32c/13.2.1/../../../../pic32c/lib/thumb/v7e-m+fp/hard\libg-musl.a(__pop_ptr.o)
 .debug_frame   0x00000d70       0xd4 c:/Program Files/Microchip/xc32/v5.10/bin/bin/../../lib/gcc/pic32c/13.2.1/../../../../pic32c/lib/thumb/v7e-m+fp/hard\libg-musl.a(__printf_core.o)
 .debug_frame   0x00000e44       0x20 c:/Program Files/Microchip/xc32/v5.10/bin/bin/../../lib/gcc/pic32c/13.2.1/../../../../pic32c/lib/thumb/v7e-m+fp/hard\libg-musl.a(atoi.o)
 .debug_frame   0x00000e64       0x30 c:/Program Files/Microchip/xc32/v5.10/bin/bin/../../lib/gcc/pic32c/13.2.1/../../../../pic32c/lib/thumb/v7e-m+fp/hard\libg-musl.a(tolower.o)
 .debug_frame   0x00000e94       0x20 c:/Program Files/Microchip/xc32/v5.10/bin/bin/../../lib/gcc/pic32c/13.2.1/../../../../pic32c/lib/thumb/v7e-m+fp/hard\libg-musl.a(__int_vsprintf.o)
 .debug_frame   0x00000eb4       0x38 c:/Program Files/Microchip/xc32/v5.10/bin/bin/../../lib/gcc/pic32c/13.2.1/../../../../pic32c/lib/thumb/v7e-m+fp/hard\libg-musl.a(__cvt_u.o)
 .debug_frame   0x00000eec       0x20 c:/Program Files/Microchip/xc32/v5.10/bin/bin/../../lib/gcc/pic32c/13.2.1/../../../../pic32c/lib/thumb/v7e-m+fp/hard\libg-musl.a(__pop_float.o)
 .debug_frame   0x00000f0c       0x30 c:/Program Files/Microchip/xc32/v5.10/bin/bin/../../lib/gcc/pic32c/13.2.1/../../../../pic32c/lib/thumb/v7e-m+fp/hard\libg-musl.a(__int_vsnprintf.o)
 .debug_frame   0x00000f3c       0x2c c:/Program Files/Microchip/xc32/v5.10/bin/bin/../../lib/gcc/pic32c/13.2.1/../../../../pic32c/lib/thumb/v7e-m+fp/hard\libg-musl.a(__int_vfprintf.o)
 .debug_frame   0x00000f68       0x20 c:/Program Files/Microchip/xc32/v5.10/bin/bin/../../lib/gcc/pic32c/13.2.1/../../../../pic32c/lib/thumb/v7e-m+fp/hard\libc-size-musl.a(strlen.o)
 .debug_frame   0x00000f88       0x2c c:/Program Files/Microchip/xc32/v5.10/bin/bin/../../lib/gcc/pic32c/13.2.1/thumb/v7e-m+fp/hard\libgcc.a(_aeabi_uldivmod.o)
 .debug_frame   0x00000fb4       0x34 c:/Program Files/Microchip/xc32/v5.10/bin/bin/../../lib/gcc/pic32c/13.2.1/thumb/v7e-m+fp/hard\libgcc.a(_udivmoddi4.o)
 .debug_frame   0x00000fe8       0x20 c:/Program Files/Microchip/xc32/v5.10/bin/bin/../../lib/gcc/pic32c/13.2.1/../../../../pic32c/lib/thumb/v7e-m+fp/hard\libpic32c.a(pic32_data_init_clear.o)
 .debug_frame   0x00001008       0x28 c:/Program Files/Microchip/xc32/v5.10/bin/bin/../../lib/gcc/pic32c/13.2.1/../../../../pic32c/lib/thumb/v7e-m+fp/hard\libpic32c.a(pic32_data_init_copy.o)

.debug_loc      0x00000000     0x618e
 .debug_loc     0x00000000       0x4b CMakeFiles/Deneme_default_default_XC32_compile.dir/D_/Tez/MPLAB-CANBus/config.mcc/src/config/default/initialization.c.o
 .debug_loc     0x0000004b      0xca7 CMakeFiles/Deneme_default_default_XC32_compile.dir/D_/Tez/MPLAB-CANBus/config.mcc/src/config/default/peripheral/can/plib_can1.c.o
 .debug_loc     0x00000cf2      0x5a9 CMakeFiles/Deneme_default_default_XC32_compile.dir/D_/Tez/MPLAB-CANBus/config.mcc/src/config/default/peripheral/nvic/plib_nvic.c.o
 .debug_loc     0x0000129b      0x874 CMakeFiles/Deneme_default_default_XC32_compile.dir/D_/Tez/MPLAB-CANBus/config.mcc/src/config/default/peripheral/nvmctrl/plib_nvmctrl.c.o
 .debug_loc     0x00001b0f      0x207 CMakeFiles/Deneme_default_default_XC32_compile.dir/D_/Tez/MPLAB-CANBus/config.mcc/src/config/default/peripheral/port/plib_port.c.o
 .debug_loc     0x00001d16     0x109e CMakeFiles/Deneme_default_default_XC32_compile.dir/D_/Tez/MPLAB-CANBus/config.mcc/src/config/default/peripheral/sercom/i2c_master/plib_sercom7_i2c_master.c.o
 .debug_loc     0x00002db4      0x807 CMakeFiles/Deneme_default_default_XC32_compile.dir/D_/Tez/MPLAB-CANBus/config.mcc/src/config/default/peripheral/sercom/usart/plib_sercom0_usart.c.o
 .debug_loc     0x000035bb      0x807 CMakeFiles/Deneme_default_default_XC32_compile.dir/D_/Tez/MPLAB-CANBus/config.mcc/src/config/default/peripheral/sercom/usart/plib_sercom2_usart.c.o
 .debug_loc     0x00003dc2       0x4e CMakeFiles/Deneme_default_default_XC32_compile.dir/D_/Tez/MPLAB-CANBus/config.mcc/src/config/default/peripheral/tc/plib_tc0.c.o
 .debug_loc     0x00003e10       0x4a CMakeFiles/Deneme_default_default_XC32_compile.dir/D_/Tez/MPLAB-CANBus/config.mcc/src/config/default/startup_xc32.c.o
 .debug_loc     0x00003e5a       0x9b CMakeFiles/Deneme_default_default_XC32_compile.dir/D_/Tez/MPLAB-CANBus/config.mcc/src/main.c.o
 .debug_loc     0x00003ef5      0x113 c:/Program Files/Microchip/xc32/v5.10/bin/bin/../../lib/gcc/pic32c/13.2.1/../../../../pic32c/lib/thumb/v7e-m+fp/hard\libpic32c.a(data_init.o)
 .debug_loc     0x00004008      0x10b c:/Program Files/Microchip/xc32/v5.10/bin/bin/../../lib/gcc/pic32c/13.2.1/../../../../pic32c/lib/thumb/v7e-m+fp/hard\libc-size-musl.a(memcpy.o)
 .debug_loc     0x00004113       0xa5 c:/Program Files/Microchip/xc32/v5.10/bin/bin/../../lib/gcc/pic32c/13.2.1/../../../../pic32c/lib/thumb/v7e-m+fp/hard\libc-size-musl.a(memset.o)
 .debug_loc     0x000041b8       0x51 c:/Program Files/Microchip/xc32/v5.10/bin/bin/../../lib/gcc/pic32c/13.2.1/../../../../pic32c/lib/thumb/v7e-m+fp/hard\libg-musl.a(__libc_start_main.o)
 .debug_loc     0x00004209       0xbc c:/Program Files/Microchip/xc32/v5.10/bin/bin/../../lib/gcc/pic32c/13.2.1/../../../../pic32c/lib/thumb/v7e-m+fp/hard\libg-musl.a(__sio_sprintf_nu.o)
 .debug_loc     0x000042c5       0xfb c:/Program Files/Microchip/xc32/v5.10/bin/bin/../../lib/gcc/pic32c/13.2.1/../../../../pic32c/lib/thumb/v7e-m+fp/hard\libg-musl.a(__fmt_u.o)
 .debug_loc     0x000043c0      0x36f c:/Program Files/Microchip/xc32/v5.10/bin/bin/../../lib/gcc/pic32c/13.2.1/../../../../pic32c/lib/thumb/v7e-m+fp/hard\libg-musl.a(__pop_int.o)
 .debug_loc     0x0000472f      0x157 c:/Program Files/Microchip/xc32/v5.10/bin/bin/../../lib/gcc/pic32c/13.2.1/../../../../pic32c/lib/thumb/v7e-m+fp/hard\libg-musl.a(__pop_ptr.o)
 .debug_loc     0x00004886      0x5f4 c:/Program Files/Microchip/xc32/v5.10/bin/bin/../../lib/gcc/pic32c/13.2.1/../../../../pic32c/lib/thumb/v7e-m+fp/hard\libg-musl.a(__printf_core.o)
 .debug_loc     0x00004e7a       0x9e c:/Program Files/Microchip/xc32/v5.10/bin/bin/../../lib/gcc/pic32c/13.2.1/../../../../pic32c/lib/thumb/v7e-m+fp/hard\libg-musl.a(atoi.o)
 .debug_loc     0x00004f18       0x50 c:/Program Files/Microchip/xc32/v5.10/bin/bin/../../lib/gcc/pic32c/13.2.1/../../../../pic32c/lib/thumb/v7e-m+fp/hard\libg-musl.a(tolower.o)
 .debug_loc     0x00004f68       0x78 c:/Program Files/Microchip/xc32/v5.10/bin/bin/../../lib/gcc/pic32c/13.2.1/../../../../pic32c/lib/thumb/v7e-m+fp/hard\libg-musl.a(__int_vsprintf.o)
 .debug_loc     0x00004fe0      0x18a c:/Program Files/Microchip/xc32/v5.10/bin/bin/../../lib/gcc/pic32c/13.2.1/../../../../pic32c/lib/thumb/v7e-m+fp/hard\libg-musl.a(__cvt_u.o)
 .debug_loc     0x0000516a       0xa4 c:/Program Files/Microchip/xc32/v5.10/bin/bin/../../lib/gcc/pic32c/13.2.1/../../../../pic32c/lib/thumb/v7e-m+fp/hard\libg-musl.a(__pop_float.o)
 .debug_loc     0x0000520e      0x101 c:/Program Files/Microchip/xc32/v5.10/bin/bin/../../lib/gcc/pic32c/13.2.1/../../../../pic32c/lib/thumb/v7e-m+fp/hard\libg-musl.a(__int_vsnprintf.o)
 .debug_loc     0x0000530f       0xa3 c:/Program Files/Microchip/xc32/v5.10/bin/bin/../../lib/gcc/pic32c/13.2.1/../../../../pic32c/lib/thumb/v7e-m+fp/hard\libg-musl.a(__int_vfprintf.o)
 .debug_loc     0x000053b2       0xaf c:/Program Files/Microchip/xc32/v5.10/bin/bin/../../lib/gcc/pic32c/13.2.1/../../../../pic32c/lib/thumb/v7e-m+fp/hard\libc-size-musl.a(strlen.o)
 .debug_loc     0x00005461      0xba8 c:/Program Files/Microchip/xc32/v5.10/bin/bin/../../lib/gcc/pic32c/13.2.1/thumb/v7e-m+fp/hard\libgcc.a(_udivmoddi4.o)
 .debug_loc     0x00006009       0x94 c:/Program Files/Microchip/xc32/v5.10/bin/bin/../../lib/gcc/pic32c/13.2.1/../../../../pic32c/lib/thumb/v7e-m+fp/hard\libpic32c.a(pic32_data_init_clear.o)
 .debug_loc     0x0000609d       0xf1 c:/Program Files/Microchip/xc32/v5.10/bin/bin/../../lib/gcc/pic32c/13.2.1/../../../../pic32c/lib/thumb/v7e-m+fp/hard\libpic32c.a(pic32_data_init_copy.o)

.note.GNU-stack
                0x00000000        0x0
 .note.GNU-stack
                0x00000000        0x0 c:/Program Files/Microchip/xc32/v5.10/bin/bin/../../lib/gcc/pic32c/13.2.1/../../../../pic32c/lib/thumb/v7e-m+fp/hard\libc-size-musl.a(memcpy.o)
 .note.GNU-stack
                0x00000000        0x0 c:/Program Files/Microchip/xc32/v5.10/bin/bin/../../lib/gcc/pic32c/13.2.1/../../../../pic32c/lib/thumb/v7e-m+fp/hard\libc-size-musl.a(memset.o)
 .note.GNU-stack
                0x00000000        0x0 c:/Program Files/Microchip/xc32/v5.10/bin/bin/../../lib/gcc/pic32c/13.2.1/../../../../pic32c/lib/thumb/v7e-m+fp/hard\libg-musl.a(__libc_start_main.o)
 .note.GNU-stack
                0x00000000        0x0 c:/Program Files/Microchip/xc32/v5.10/bin/bin/../../lib/gcc/pic32c/13.2.1/../../../../pic32c/lib/thumb/v7e-m+fp/hard\libg-musl.a(libc.o)
 .note.GNU-stack
                0x00000000        0x0 c:/Program Files/Microchip/xc32/v5.10/bin/bin/../../lib/gcc/pic32c/13.2.1/../../../../pic32c/lib/thumb/v7e-m+fp/hard\libg-musl.a(__sio_sprintf_nu.o)
 .note.GNU-stack
                0x00000000        0x0 c:/Program Files/Microchip/xc32/v5.10/bin/bin/../../lib/gcc/pic32c/13.2.1/../../../../pic32c/lib/thumb/v7e-m+fp/hard\libg-musl.a(__fmt_u.o)
 .note.GNU-stack
                0x00000000        0x0 c:/Program Files/Microchip/xc32/v5.10/bin/bin/../../lib/gcc/pic32c/13.2.1/../../../../pic32c/lib/thumb/v7e-m+fp/hard\libg-musl.a(__pop_int.o)
 .note.GNU-stack
                0x00000000        0x0 c:/Program Files/Microchip/xc32/v5.10/bin/bin/../../lib/gcc/pic32c/13.2.1/../../../../pic32c/lib/thumb/v7e-m+fp/hard\libg-musl.a(__pop_ptr.o)
 .note.GNU-stack
                0x00000000        0x0 c:/Program Files/Microchip/xc32/v5.10/bin/bin/../../lib/gcc/pic32c/13.2.1/../../../../pic32c/lib/thumb/v7e-m+fp/hard\libg-musl.a(__printf_core.o)
 .note.GNU-stack
                0x00000000        0x0 c:/Program Files/Microchip/xc32/v5.10/bin/bin/../../lib/gcc/pic32c/13.2.1/../../../../pic32c/lib/thumb/v7e-m+fp/hard\libg-musl.a(atoi.o)
 .note.GNU-stack
                0x00000000        0x0 c:/Program Files/Microchip/xc32/v5.10/bin/bin/../../lib/gcc/pic32c/13.2.1/../../../../pic32c/lib/thumb/v7e-m+fp/hard\libg-musl.a(tolower.o)
 .note.GNU-stack
                0x00000000        0x0 c:/Program Files/Microchip/xc32/v5.10/bin/bin/../../lib/gcc/pic32c/13.2.1/../../../../pic32c/lib/thumb/v7e-m+fp/hard\libg-musl.a(__environ.o)
 .note.GNU-stack
                0x00000000        0x0 c:/Program Files/Microchip/xc32/v5.10/bin/bin/../../lib/gcc/pic32c/13.2.1/../../../../pic32c/lib/thumb/v7e-m+fp/hard\libg-musl.a(__errno_location.o)
 .note.GNU-stack
                0x00000000        0x0 c:/Program Files/Microchip/xc32/v5.10/bin/bin/../../lib/gcc/pic32c/13.2.1/../../../../pic32c/lib/thumb/v7e-m+fp/hard\libg-musl.a(__int_vsprintf.o)
 .note.GNU-stack
                0x00000000        0x0 c:/Program Files/Microchip/xc32/v5.10/bin/bin/../../lib/gcc/pic32c/13.2.1/../../../../pic32c/lib/thumb/v7e-m+fp/hard\libg-musl.a(__cvt_u.o)
 .note.GNU-stack
                0x00000000        0x0 c:/Program Files/Microchip/xc32/v5.10/bin/bin/../../lib/gcc/pic32c/13.2.1/../../../../pic32c/lib/thumb/v7e-m+fp/hard\libg-musl.a(__pop_float.o)
 .note.GNU-stack
                0x00000000        0x0 c:/Program Files/Microchip/xc32/v5.10/bin/bin/../../lib/gcc/pic32c/13.2.1/../../../../pic32c/lib/thumb/v7e-m+fp/hard\libg-musl.a(__int_vsnprintf.o)
 .note.GNU-stack
                0x00000000        0x0 c:/Program Files/Microchip/xc32/v5.10/bin/bin/../../lib/gcc/pic32c/13.2.1/../../../../pic32c/lib/thumb/v7e-m+fp/hard\libg-musl.a(__int_vfprintf.o)
 .note.GNU-stack
                0x00000000        0x0 c:/Program Files/Microchip/xc32/v5.10/bin/bin/../../lib/gcc/pic32c/13.2.1/../../../../pic32c/lib/thumb/v7e-m+fp/hard\libc-size-musl.a(strlen.o)

.vfp11_veneer%z1

.v4_bx%z2

.iplt%z3

.rel.iplt%z4

.igot.plt%z5

.bss.can1RxMsg%1
                0x20000000      0x140
 .bss.can1RxMsg
                0x20000000      0x140 CMakeFiles/Deneme_default_default_XC32_compile.dir/D_/Tez/MPLAB-CANBus/config.mcc/src/config/default/peripheral/can/plib_can1.c.o

.bss%2          0x20000140       0x50
 .bss           0x20000140       0x50 c:/Program Files/Microchip/xc32/v5.10/bin/bin/../../lib/gcc/pic32c/13.2.1/../../../../pic32c/lib/thumb/v7e-m+fp/hard\libg-musl.a(libc.o)
                0x20000140                __progname_full
                0x20000140                program_invocation_name
                0x20000144                program_invocation_short_name
                0x20000144                __progname
                0x20000148                __sysinfo
                0x2000014c                __hwcap
                0x20000150                __libc

.bss.sercom0USARTObj%3
                0x20000190       0x30
 .bss.sercom0USARTObj
                0x20000190       0x30 CMakeFiles/Deneme_default_default_XC32_compile.dir/D_/Tez/MPLAB-CANBus/config.mcc/src/config/default/peripheral/sercom/usart/plib_sercom0_usart.c.o

.bss.sercom2USARTObj%4
                0x200001c0       0x30
 .bss.sercom2USARTObj
                0x200001c0       0x30 CMakeFiles/Deneme_default_default_XC32_compile.dir/D_/Tez/MPLAB-CANBus/config.mcc/src/config/default/peripheral/sercom/usart/plib_sercom2_usart.c.o

.bss.sercom7I2CObj%5
                0x200001f0       0x2c
 .bss.sercom7I2CObj
                0x200001f0       0x2c CMakeFiles/Deneme_default_default_XC32_compile.dir/D_/Tez/MPLAB-CANBus/config.mcc/src/config/default/peripheral/sercom/i2c_master/plib_sercom7_i2c_master.c.o

.bss.can1Obj%6  0x2000021c       0x28